[INFO] Scanning for projects...
[INFO] 
[INFO] ------------------< com.marketdata:stream-validator >-------------------
[INFO] Building stream-validator 0.0.1-SNAPSHOT
[INFO]   from pom.xml
[INFO] --------------------------------[ jar ]---------------------------------
[INFO] 
[INFO] --- resources:3.3.1:resources (default-resources) @ stream-validator ---
[INFO] Copying 2 resources from src/main/resources to target/classes
[INFO] Copying 2 resources from src/main/resources to target/classes
[INFO] 
[INFO] --- compiler:3.13.0:compile (default-compile) @ stream-validator ---
[INFO] Nothing to compile - all classes are up to date.
[INFO] 
[INFO] --- resources:3.3.1:testResources (default-testResources) @ stream-validator ---
[INFO] Copying 2 resources from src/test/resources to target/test-classes
[INFO] 
[INFO] --- compiler:3.13.0:testCompile (default-testCompile) @ stream-validator ---
[INFO] Nothing to compile - all classes are up to date.
[INFO] 
[INFO] --- surefire:3.2.5:test (default-test) @ stream-validator ---
[INFO] Using auto detected provider org.apache.maven.surefire.junitplatform.JUnitPlatformProvider
[INFO] 
[INFO] -------------------------------------------------------
[INFO]  T E S T S
[INFO] -------------------------------------------------------
[INFO] Running com.marketdata.validator.validator.OrderingValidatorTest
[INFO] Tests run: 20, Failures: 0, Errors: 0, Skipped: 0, Time elapsed: 0.200 s -- in com.marketdata.validator.validator.OrderingValidatorTest
[INFO] Running com.marketdata.validator.validator.SubscriptionValidatorTest
19:37:20.885 [main] WARN com.marketdata.validator.validator.SubscriptionValidator -- Leaky unsubscribe: BTCUSDT still receiving ticks 80ms after unsub
19:37:20.904 [main] WARN com.marketdata.validator.validator.SubscriptionValidator -- Leaky unsubscribe: BTCUSDT still receiving ticks 80ms after unsub
19:37:20.912 [main] WARN com.marketdata.validator.validator.SubscriptionValidator -- Leaky unsubscribe: BTCUSDT still receiving ticks 80ms after unsub
[INFO] Tests run: 25, Failures: 0, Errors: 0, Skipped: 0, Time elapsed: 0.038 s -- in com.marketdata.validator.validator.SubscriptionValidatorTest
[INFO] Running com.marketdata.validator.validator.ThroughputValidatorTest
[INFO] Tests run: 28, Failures: 0, Errors: 0, Skipped: 0, Time elapsed: 0.050 s -- in com.marketdata.validator.validator.ThroughputValidatorTest
[INFO] Running com.marketdata.validator.validator.AccuracyValidatorTest
[INFO] Tests run: 24, Failures: 0, Errors: 0, Skipped: 0, Time elapsed: 0.023 s -- in com.marketdata.validator.validator.AccuracyValidatorTest
[INFO] Running com.marketdata.validator.validator.ValidatorEngineTest
19:37:21.024 [main] WARN com.marketdata.validator.validator.ValidatorEngine -- Validation FAIL: validator=ACCURACY symbol=BTCUSDT status=FAIL value=98.03921568627452 threshold=99.99
19:37:21.025 [main] WARN com.marketdata.validator.validator.ValidatorEngine -- Validation FAIL: validator=ACCURACY symbol=BTCUSDT status=FAIL value=96.15384615384616 threshold=99.99
19:37:21.025 [main] WARN com.marketdata.validator.validator.ValidatorEngine -- Validation FAIL: validator=ACCURACY symbol=BTCUSDT status=FAIL value=94.33962264150944 threshold=99.99
19:37:21.026 [main] WARN com.marketdata.validator.validator.ValidatorEngine -- Validation FAIL: validator=ACCURACY symbol=BTCUSDT status=FAIL value=92.5925925925926 threshold=99.99
19:37:21.026 [main] WARN com.marketdata.validator.validator.ValidatorEngine -- Validation FAIL: validator=ACCURACY symbol=BTCUSDT status=FAIL value=90.9090909090909 threshold=99.99
19:37:21.027 [main] WARN com.marketdata.validator.validator.ValidatorEngine -- Validation FAIL: validator=ACCURACY symbol=BTCUSDT status=FAIL value=89.28571428571429 threshold=99.99
19:37:21.027 [main] WARN com.marketdata.validator.validator.ValidatorEngine -- Validation FAIL: validator=ACCURACY symbol=BTCUSDT status=FAIL value=87.71929824561404 threshold=99.99
19:37:21.027 [main] WARN com.marketdata.validator.validator.ValidatorEngine -- Validation FAIL: validator=ACCURACY symbol=BTCUSDT status=FAIL value=86.20689655172414 threshold=99.99
19:37:21.027 [main] WARN com.marketdata.validator.validator.ValidatorEngine -- Validation FAIL: validator=ACCURACY symbol=BTCUSDT status=FAIL value=84.7457627118644 threshold=99.99
19:37:21.028 [main] WARN com.marketdata.validator.validator.ValidatorEngine -- Validation FAIL: validator=ACCURACY symbol=BTCUSDT status=FAIL value=83.33333333333333 threshold=99.99
19:37:21.028 [main] WARN com.marketdata.validator.validator.ValidatorEngine -- Validation FAIL: validator=ACCURACY symbol=BTCUSDT status=FAIL value=81.9672131147541 threshold=99.99
19:37:21.029 [main] WARN com.marketdata.validator.validator.ValidatorEngine -- Validation FAIL: validator=ACCURACY symbol=BTCUSDT status=FAIL value=80.64516129032258 threshold=99.99
19:37:21.029 [main] WARN com.marketdata.validator.validator.ValidatorEngine -- Validation FAIL: validator=ACCURACY symbol=BTCUSDT status=FAIL value=79.36507936507937 threshold=99.99
19:37:21.029 [main] WARN com.marketdata.validator.validator.ValidatorEngine -- Validation FAIL: validator=ACCURACY symbol=BTCUSDT status=FAIL value=78.125 threshold=99.99
19:37:21.030 [main] WARN com.marketdata.validator.validator.ValidatorEngine -- Validation FAIL: validator=ACCURACY symbol=BTCUSDT status=FAIL value=76.92307692307692 threshold=99.99
19:37:21.030 [main] WARN com.marketdata.validator.validator.ValidatorEngine -- Validation FAIL: validator=ACCURACY symbol=BTCUSDT status=FAIL value=75.75757575757575 threshold=99.99
19:37:21.030 [main] WARN com.marketdata.validator.validator.ValidatorEngine -- Validation FAIL: validator=ACCURACY symbol=BTCUSDT status=FAIL value=74.6268656716418 threshold=99.99
19:37:21.030 [main] WARN com.marketdata.validator.validator.ValidatorEngine -- Validation FAIL: validator=ACCURACY symbol=BTCUSDT status=FAIL value=73.52941176470588 threshold=99.99
19:37:21.031 [main] WARN com.marketdata.validator.validator.ValidatorEngine -- Validation FAIL: validator=ACCURACY symbol=BTCUSDT status=FAIL value=72.46376811594203 threshold=99.99
19:37:21.031 [main] WARN com.marketdata.validator.validator.ValidatorEngine -- Validation FAIL: validator=ACCURACY symbol=BTCUSDT status=FAIL value=71.42857142857143 threshold=99.99
19:37:21.031 [main] WARN com.marketdata.validator.validator.ValidatorEngine -- Validation FAIL: validator=ACCURACY symbol=BTCUSDT status=FAIL value=70.4225352112676 threshold=99.99
19:37:21.032 [main] WARN com.marketdata.validator.validator.ValidatorEngine -- Validation FAIL: validator=ACCURACY symbol=BTCUSDT status=FAIL value=69.44444444444444 threshold=99.99
19:37:21.032 [main] WARN com.marketdata.validator.validator.ValidatorEngine -- Validation FAIL: validator=ACCURACY symbol=BTCUSDT status=FAIL value=68.4931506849315 threshold=99.99
19:37:21.032 [main] WARN com.marketdata.validator.validator.ValidatorEngine -- Validation FAIL: validator=ACCURACY symbol=BTCUSDT status=FAIL value=67.56756756756756 threshold=99.99
19:37:21.032 [main] WARN com.marketdata.validator.validator.ValidatorEngine -- Validation FAIL: validator=ACCURACY symbol=BTCUSDT status=FAIL value=66.66666666666667 threshold=99.99
19:37:21.033 [main] WARN com.marketdata.validator.validator.ValidatorEngine -- Validation FAIL: validator=ACCURACY symbol=BTCUSDT status=FAIL value=65.78947368421052 threshold=99.99
19:37:21.033 [main] WARN com.marketdata.validator.validator.ValidatorEngine -- Validation FAIL: validator=ACCURACY symbol=BTCUSDT status=FAIL value=64.93506493506493 threshold=99.99
19:37:21.033 [main] WARN com.marketdata.validator.validator.ValidatorEngine -- Validation FAIL: validator=ACCURACY symbol=BTCUSDT status=FAIL value=64.1025641025641 threshold=99.99
19:37:21.033 [main] WARN com.marketdata.validator.validator.ValidatorEngine -- Validation FAIL: validator=ACCURACY symbol=BTCUSDT status=FAIL value=63.29113924050633 threshold=99.99
19:37:21.034 [main] WARN com.marketdata.validator.validator.ValidatorEngine -- Validation FAIL: validator=ACCURACY symbol=BTCUSDT status=FAIL value=62.5 threshold=99.99
19:37:21.034 [main] WARN com.marketdata.validator.validator.ValidatorEngine -- Validation FAIL: validator=ACCURACY symbol=BTCUSDT status=FAIL value=61.72839506172839 threshold=99.99
19:37:21.034 [main] WARN com.marketdata.validator.validator.ValidatorEngine -- Validation FAIL: validator=ACCURACY symbol=BTCUSDT status=FAIL value=60.97560975609756 threshold=99.99
19:37:21.035 [main] WARN com.marketdata.validator.validator.ValidatorEngine -- Validation FAIL: validator=ACCURACY symbol=BTCUSDT status=FAIL value=60.24096385542169 threshold=99.99
19:37:21.035 [main] WARN com.marketdata.validator.validator.ValidatorEngine -- Validation FAIL: validator=ACCURACY symbol=BTCUSDT status=FAIL value=59.523809523809526 threshold=99.99
19:37:21.035 [main] WARN com.marketdata.validator.validator.ValidatorEngine -- Validation FAIL: validator=ACCURACY symbol=BTCUSDT status=FAIL value=58.8235294117647 threshold=99.99
19:37:21.035 [main] WARN com.marketdata.validator.validator.ValidatorEngine -- Validation FAIL: validator=ACCURACY symbol=BTCUSDT status=FAIL value=58.13953488372093 threshold=99.99
19:37:21.036 [main] WARN com.marketdata.validator.validator.ValidatorEngine -- Validation FAIL: validator=ACCURACY symbol=BTCUSDT status=FAIL value=57.47126436781609 threshold=99.99
19:37:21.036 [main] WARN com.marketdata.validator.validator.ValidatorEngine -- Validation FAIL: validator=ACCURACY symbol=BTCUSDT status=FAIL value=56.81818181818182 threshold=99.99
19:37:21.036 [main] WARN com.marketdata.validator.validator.ValidatorEngine -- Validation FAIL: validator=ACCURACY symbol=BTCUSDT status=FAIL value=56.17977528089887 threshold=99.99
19:37:21.036 [main] WARN com.marketdata.validator.validator.ValidatorEngine -- Validation FAIL: validator=ACCURACY symbol=BTCUSDT status=FAIL value=55.55555555555556 threshold=99.99
19:37:21.037 [main] WARN com.marketdata.validator.validator.ValidatorEngine -- Validation FAIL: validator=ACCURACY symbol=BTCUSDT status=FAIL value=54.94505494505494 threshold=99.99
19:37:21.037 [main] WARN com.marketdata.validator.validator.ValidatorEngine -- Validation FAIL: validator=ACCURACY symbol=BTCUSDT status=FAIL value=54.34782608695652 threshold=99.99
19:37:21.037 [main] WARN com.marketdata.validator.validator.ValidatorEngine -- Validation FAIL: validator=ACCURACY symbol=BTCUSDT status=FAIL value=53.763440860215056 threshold=99.99
19:37:21.037 [main] WARN com.marketdata.validator.validator.ValidatorEngine -- Validation FAIL: validator=ACCURACY symbol=BTCUSDT status=FAIL value=53.191489361702125 threshold=99.99
19:37:21.038 [main] WARN com.marketdata.validator.validator.ValidatorEngine -- Validation FAIL: validator=ACCURACY symbol=BTCUSDT status=FAIL value=52.63157894736842 threshold=99.99
19:37:21.038 [main] WARN com.marketdata.validator.validator.ValidatorEngine -- Validation FAIL: validator=ACCURACY symbol=BTCUSDT status=FAIL value=52.083333333333336 threshold=99.99
19:37:21.038 [main] WARN com.marketdata.validator.validator.ValidatorEngine -- Validation FAIL: validator=ACCURACY symbol=BTCUSDT status=FAIL value=51.54639175257732 threshold=99.99
19:37:21.038 [main] WARN com.marketdata.validator.validator.ValidatorEngine -- Validation FAIL: validator=ACCURACY symbol=BTCUSDT status=FAIL value=51.02040816326531 threshold=99.99
19:37:21.039 [main] WARN com.marketdata.validator.validator.ValidatorEngine -- Validation FAIL: validator=ACCURACY symbol=BTCUSDT status=FAIL value=50.505050505050505 threshold=99.99
19:37:21.039 [main] WARN com.marketdata.validator.validator.ValidatorEngine -- Validation FAIL: validator=ACCURACY symbol=BTCUSDT status=FAIL value=50.0 threshold=99.99
19:37:21.053 [main] ERROR com.marketdata.validator.validator.ValidatorEngine -- Validator BROKEN threw exception on tick seq=1: Boom!
java.lang.RuntimeException: Boom!
	at com.marketdata.validator.validator.ValidatorEngineTest$1.onTick(ValidatorEngineTest.java:133)
	at com.marketdata.validator.validator.ValidatorEngine.onTick(ValidatorEngine.java:128)
	at com.marketdata.validator.validator.ValidatorEngineTest.brokenValidatorDoesNotStopOthers(ValidatorEngineTest.java:145)
	at java.base/jdk.internal.reflect.DirectMethodHandleAccessor.invoke(DirectMethodHandleAccessor.java:103)
	at java.base/java.lang.reflect.Method.invoke(Method.java:580)
	at org.junit.platform.commons.util.ReflectionUtils.invokeMethod(ReflectionUtils.java:728)
	at org.junit.jupiter.engine.execution.MethodInvocation.proceed(MethodInvocation.java:60)
	at org.junit.jupiter.engine.execution.InvocationInterceptorChain$ValidatingInvocation.proceed(InvocationInterceptorChain.java:131)
	at org.junit.jupiter.engine.extension.TimeoutExtension.intercept(TimeoutExtension.java:156)
	at org.junit.jupiter.engine.extension.TimeoutExtension.interceptTestableMethod(TimeoutExtension.java:147)
	at org.junit.jupiter.engine.extension.TimeoutExtension.interceptTestMethod(TimeoutExtension.java:86)
	at org.junit.jupiter.engine.execution.InterceptingExecutableInvoker$ReflectiveInterceptorCall.lambda$ofVoidMethod$0(InterceptingExecutableInvoker.java:103)
	at org.junit.jupiter.engine.execution.InterceptingExecutableInvoker.lambda$invoke$0(InterceptingExecutableInvoker.java:93)
	at org.junit.jupiter.engine.execution.InvocationInterceptorChain$InterceptedInvocation.proceed(InvocationInterceptorChain.java:106)
	at org.junit.jupiter.engine.execution.InvocationInterceptorChain.proceed(InvocationInterceptorChain.java:64)
	at org.junit.jupiter.engine.execution.InvocationInterceptorChain.chainAndInvoke(InvocationInterceptorChain.java:45)
	at org.junit.jupiter.engine.execution.InvocationInterceptorChain.invoke(InvocationInterceptorChain.java:37)
	at org.junit.jupiter.engine.execution.InterceptingExecutableInvoker.invoke(InterceptingExecutableInvoker.java:92)
	at org.junit.jupiter.engine.execution.InterceptingExecutableInvoker.invoke(InterceptingExecutableInvoker.java:86)
	at org.junit.jupiter.engine.descriptor.TestMethodTestDescriptor.lambda$invokeTestMethod$7(TestMethodTestDescriptor.java:218)
	at org.junit.platform.engine.support.hierarchical.ThrowableCollector.execute(ThrowableCollector.java:73)
	at org.junit.jupiter.engine.descriptor.TestMethodTestDescriptor.invokeTestMethod(TestMethodTestDescriptor.java:214)
	at org.junit.jupiter.engine.descriptor.TestMethodTestDescriptor.execute(TestMethodTestDescriptor.java:139)
	at org.junit.jupiter.engine.descriptor.TestMethodTestDescriptor.execute(TestMethodTestDescriptor.java:69)
	at org.junit.platform.engine.support.hierarchical.NodeTestTask.lambda$executeRecursively$6(NodeTestTask.java:151)
	at org.junit.platform.engine.support.hierarchical.ThrowableCollector.execute(ThrowableCollector.java:73)
	at org.junit.platform.engine.support.hierarchical.NodeTestTask.lambda$executeRecursively$8(NodeTestTask.java:141)
	at org.junit.platform.engine.support.hierarchical.Node.around(Node.java:137)
	at org.junit.platform.engine.support.hierarchical.NodeTestTask.lambda$executeRecursively$9(NodeTestTask.java:139)
	at org.junit.platform.engine.support.hierarchical.ThrowableCollector.execute(ThrowableCollector.java:73)
	at org.junit.platform.engine.support.hierarchical.NodeTestTask.executeRecursively(NodeTestTask.java:138)
	at org.junit.platform.engine.support.hierarchical.NodeTestTask.execute(NodeTestTask.java:95)
	at java.base/java.util.ArrayList.forEach(ArrayList.java:1596)
	at org.junit.platform.engine.support.hierarchical.SameThreadHierarchicalTestExecutorService.invokeAll(SameThreadHierarchicalTestExecutorService.java:41)
	at org.junit.platform.engine.support.hierarchical.NodeTestTask.lambda$executeRecursively$6(NodeTestTask.java:155)
	at org.junit.platform.engine.support.hierarchical.ThrowableCollector.execute(ThrowableCollector.java:73)
	at org.junit.platform.engine.support.hierarchical.NodeTestTask.lambda$executeRecursively$8(NodeTestTask.java:141)
	at org.junit.platform.engine.support.hierarchical.Node.around(Node.java:137)
	at org.junit.platform.engine.support.hierarchical.NodeTestTask.lambda$executeRecursively$9(NodeTestTask.java:139)
	at org.junit.platform.engine.support.hierarchical.ThrowableCollector.execute(ThrowableCollector.java:73)
	at org.junit.platform.engine.support.hierarchical.NodeTestTask.executeRecursively(NodeTestTask.java:138)
	at org.junit.platform.engine.support.hierarchical.NodeTestTask.execute(NodeTestTask.java:95)
	at java.base/java.util.ArrayList.forEach(ArrayList.java:1596)
	at org.junit.platform.engine.support.hierarchical.SameThreadHierarchicalTestExecutorService.invokeAll(SameThreadHierarchicalTestExecutorService.java:41)
	at org.junit.platform.engine.support.hierarchical.NodeTestTask.lambda$executeRecursively$6(NodeTestTask.java:155)
	at org.junit.platform.engine.support.hierarchical.ThrowableCollector.execute(ThrowableCollector.java:73)
	at org.junit.platform.engine.support.hierarchical.NodeTestTask.lambda$executeRecursively$8(NodeTestTask.java:141)
	at org.junit.platform.engine.support.hierarchical.Node.around(Node.java:137)
	at org.junit.platform.engine.support.hierarchical.NodeTestTask.lambda$executeRecursively$9(NodeTestTask.java:139)
	at org.junit.platform.engine.support.hierarchical.ThrowableCollector.execute(ThrowableCollector.java:73)
	at org.junit.platform.engine.support.hierarchical.NodeTestTask.executeRecursively(NodeTestTask.java:138)
	at org.junit.platform.engine.support.hierarchical.NodeTestTask.execute(NodeTestTask.java:95)
	at org.junit.platform.engine.support.hierarchical.SameThreadHierarchicalTestExecutorService.submit(SameThreadHierarchicalTestExecutorService.java:35)
	at org.junit.platform.engine.support.hierarchical.HierarchicalTestExecutor.execute(HierarchicalTestExecutor.java:57)
	at org.junit.platform.engine.support.hierarchical.HierarchicalTestEngine.execute(HierarchicalTestEngine.java:54)
	at org.junit.platform.launcher.core.EngineExecutionOrchestrator.execute(EngineExecutionOrchestrator.java:198)
	at org.junit.platform.launcher.core.EngineExecutionOrchestrator.execute(EngineExecutionOrchestrator.java:169)
	at org.junit.platform.launcher.core.EngineExecutionOrchestrator.execute(EngineExecutionOrchestrator.java:93)
	at org.junit.platform.launcher.core.EngineExecutionOrchestrator.lambda$execute$0(EngineExecutionOrchestrator.java:58)
	at org.junit.platform.launcher.core.EngineExecutionOrchestrator.withInterceptedStreams(EngineExecutionOrchestrator.java:141)
	at org.junit.platform.launcher.core.EngineExecutionOrchestrator.execute(EngineExecutionOrchestrator.java:57)
	at org.junit.platform.launcher.core.DefaultLauncher.execute(DefaultLauncher.java:103)
	at org.junit.platform.launcher.core.DefaultLauncher.execute(DefaultLauncher.java:85)
	at org.junit.platform.launcher.core.DelegatingLauncher.execute(DelegatingLauncher.java:47)
	at org.apache.maven.surefire.junitplatform.LazyLauncher.execute(LazyLauncher.java:56)
	at org.apache.maven.surefire.junitplatform.JUnitPlatformProvider.execute(JUnitPlatformProvider.java:184)
	at org.apache.maven.surefire.junitplatform.JUnitPlatformProvider.invokeAllTests(JUnitPlatformProvider.java:148)
	at org.apache.maven.surefire.junitplatform.JUnitPlatformProvider.invoke(JUnitPlatformProvider.java:122)
	at org.apache.maven.surefire.booter.ForkedBooter.runSuitesInProcess(ForkedBooter.java:385)
	at org.apache.maven.surefire.booter.ForkedBooter.execute(ForkedBooter.java:162)
	at org.apache.maven.surefire.booter.ForkedBooter.run(ForkedBooter.java:507)
	at org.apache.maven.surefire.booter.ForkedBooter.main(ForkedBooter.java:495)
19:37:21.063 [main] ERROR com.marketdata.validator.validator.ValidatorEngine -- Listener threw exception: Listener error
java.lang.RuntimeException: Listener error
	at com.marketdata.validator.validator.ValidatorEngineTest.lambda$brokenListenerDoesNotStopOthers$4(ValidatorEngineTest.java:243)
	at com.marketdata.validator.validator.ValidatorEngine.notifyListeners(ValidatorEngine.java:360)
	at com.marketdata.validator.validator.ValidatorEngine.onTick(ValidatorEngine.java:158)
	at com.marketdata.validator.validator.ValidatorEngineTest.brokenListenerDoesNotStopOthers(ValidatorEngineTest.java:246)
	at java.base/jdk.internal.reflect.DirectMethodHandleAccessor.invoke(DirectMethodHandleAccessor.java:103)
	at java.base/java.lang.reflect.Method.invoke(Method.java:580)
	at org.junit.platform.commons.util.ReflectionUtils.invokeMethod(ReflectionUtils.java:728)
	at org.junit.jupiter.engine.execution.MethodInvocation.proceed(MethodInvocation.java:60)
	at org.junit.jupiter.engine.execution.InvocationInterceptorChain$ValidatingInvocation.proceed(InvocationInterceptorChain.java:131)
	at org.junit.jupiter.engine.extension.TimeoutExtension.intercept(TimeoutExtension.java:156)
	at org.junit.jupiter.engine.extension.TimeoutExtension.interceptTestableMethod(TimeoutExtension.java:147)
	at org.junit.jupiter.engine.extension.TimeoutExtension.interceptTestMethod(TimeoutExtension.java:86)
	at org.junit.jupiter.engine.execution.InterceptingExecutableInvoker$ReflectiveInterceptorCall.lambda$ofVoidMethod$0(InterceptingExecutableInvoker.java:103)
	at org.junit.jupiter.engine.execution.InterceptingExecutableInvoker.lambda$invoke$0(InterceptingExecutableInvoker.java:93)
	at org.junit.jupiter.engine.execution.InvocationInterceptorChain$InterceptedInvocation.proceed(InvocationInterceptorChain.java:106)
	at org.junit.jupiter.engine.execution.InvocationInterceptorChain.proceed(InvocationInterceptorChain.java:64)
	at org.junit.jupiter.engine.execution.InvocationInterceptorChain.chainAndInvoke(InvocationInterceptorChain.java:45)
	at org.junit.jupiter.engine.execution.InvocationInterceptorChain.invoke(InvocationInterceptorChain.java:37)
	at org.junit.jupiter.engine.execution.InterceptingExecutableInvoker.invoke(InterceptingExecutableInvoker.java:92)
	at org.junit.jupiter.engine.execution.InterceptingExecutableInvoker.invoke(InterceptingExecutableInvoker.java:86)
	at org.junit.jupiter.engine.descriptor.TestMethodTestDescriptor.lambda$invokeTestMethod$7(TestMethodTestDescriptor.java:218)
	at org.junit.platform.engine.support.hierarchical.ThrowableCollector.execute(ThrowableCollector.java:73)
	at org.junit.jupiter.engine.descriptor.TestMethodTestDescriptor.invokeTestMethod(TestMethodTestDescriptor.java:214)
	at org.junit.jupiter.engine.descriptor.TestMethodTestDescriptor.execute(TestMethodTestDescriptor.java:139)
	at org.junit.jupiter.engine.descriptor.TestMethodTestDescriptor.execute(TestMethodTestDescriptor.java:69)
	at org.junit.platform.engine.support.hierarchical.NodeTestTask.lambda$executeRecursively$6(NodeTestTask.java:151)
	at org.junit.platform.engine.support.hierarchical.ThrowableCollector.execute(ThrowableCollector.java:73)
	at org.junit.platform.engine.support.hierarchical.NodeTestTask.lambda$executeRecursively$8(NodeTestTask.java:141)
	at org.junit.platform.engine.support.hierarchical.Node.around(Node.java:137)
	at org.junit.platform.engine.support.hierarchical.NodeTestTask.lambda$executeRecursively$9(NodeTestTask.java:139)
	at org.junit.platform.engine.support.hierarchical.ThrowableCollector.execute(ThrowableCollector.java:73)
	at org.junit.platform.engine.support.hierarchical.NodeTestTask.executeRecursively(NodeTestTask.java:138)
	at org.junit.platform.engine.support.hierarchical.NodeTestTask.execute(NodeTestTask.java:95)
	at java.base/java.util.ArrayList.forEach(ArrayList.java:1596)
	at org.junit.platform.engine.support.hierarchical.SameThreadHierarchicalTestExecutorService.invokeAll(SameThreadHierarchicalTestExecutorService.java:41)
	at org.junit.platform.engine.support.hierarchical.NodeTestTask.lambda$executeRecursively$6(NodeTestTask.java:155)
	at org.junit.platform.engine.support.hierarchical.ThrowableCollector.execute(ThrowableCollector.java:73)
	at org.junit.platform.engine.support.hierarchical.NodeTestTask.lambda$executeRecursively$8(NodeTestTask.java:141)
	at org.junit.platform.engine.support.hierarchical.Node.around(Node.java:137)
	at org.junit.platform.engine.support.hierarchical.NodeTestTask.lambda$executeRecursively$9(NodeTestTask.java:139)
	at org.junit.platform.engine.support.hierarchical.ThrowableCollector.execute(ThrowableCollector.java:73)
	at org.junit.platform.engine.support.hierarchical.NodeTestTask.executeRecursively(NodeTestTask.java:138)
	at org.junit.platform.engine.support.hierarchical.NodeTestTask.execute(NodeTestTask.java:95)
	at java.base/java.util.ArrayList.forEach(ArrayList.java:1596)
	at org.junit.platform.engine.support.hierarchical.SameThreadHierarchicalTestExecutorService.invokeAll(SameThreadHierarchicalTestExecutorService.java:41)
	at org.junit.platform.engine.support.hierarchical.NodeTestTask.lambda$executeRecursively$6(NodeTestTask.java:155)
	at org.junit.platform.engine.support.hierarchical.ThrowableCollector.execute(ThrowableCollector.java:73)
	at org.junit.platform.engine.support.hierarchical.NodeTestTask.lambda$executeRecursively$8(NodeTestTask.java:141)
	at org.junit.platform.engine.support.hierarchical.Node.around(Node.java:137)
	at org.junit.platform.engine.support.hierarchical.NodeTestTask.lambda$executeRecursively$9(NodeTestTask.java:139)
	at org.junit.platform.engine.support.hierarchical.ThrowableCollector.execute(ThrowableCollector.java:73)
	at org.junit.platform.engine.support.hierarchical.NodeTestTask.executeRecursively(NodeTestTask.java:138)
	at org.junit.platform.engine.support.hierarchical.NodeTestTask.execute(NodeTestTask.java:95)
	at org.junit.platform.engine.support.hierarchical.SameThreadHierarchicalTestExecutorService.submit(SameThreadHierarchicalTestExecutorService.java:35)
	at org.junit.platform.engine.support.hierarchical.HierarchicalTestExecutor.execute(HierarchicalTestExecutor.java:57)
	at org.junit.platform.engine.support.hierarchical.HierarchicalTestEngine.execute(HierarchicalTestEngine.java:54)
	at org.junit.platform.launcher.core.EngineExecutionOrchestrator.execute(EngineExecutionOrchestrator.java:198)
	at org.junit.platform.launcher.core.EngineExecutionOrchestrator.execute(EngineExecutionOrchestrator.java:169)
	at org.junit.platform.launcher.core.EngineExecutionOrchestrator.execute(EngineExecutionOrchestrator.java:93)
	at org.junit.platform.launcher.core.EngineExecutionOrchestrator.lambda$execute$0(EngineExecutionOrchestrator.java:58)
	at org.junit.platform.launcher.core.EngineExecutionOrchestrator.withInterceptedStreams(EngineExecutionOrchestrator.java:141)
	at org.junit.platform.launcher.core.EngineExecutionOrchestrator.execute(EngineExecutionOrchestrator.java:57)
	at org.junit.platform.launcher.core.DefaultLauncher.execute(DefaultLauncher.java:103)
	at org.junit.platform.launcher.core.DefaultLauncher.execute(DefaultLauncher.java:85)
	at org.junit.platform.launcher.core.DelegatingLauncher.execute(DelegatingLauncher.java:47)
	at org.apache.maven.surefire.junitplatform.LazyLauncher.execute(LazyLauncher.java:56)
	at org.apache.maven.surefire.junitplatform.JUnitPlatformProvider.execute(JUnitPlatformProvider.java:184)
	at org.apache.maven.surefire.junitplatform.JUnitPlatformProvider.invokeAllTests(JUnitPlatformProvider.java:148)
	at org.apache.maven.surefire.junitplatform.JUnitPlatformProvider.invoke(JUnitPlatformProvider.java:122)
	at org.apache.maven.surefire.booter.ForkedBooter.runSuitesInProcess(ForkedBooter.java:385)
	at org.apache.maven.surefire.booter.ForkedBooter.execute(ForkedBooter.java:162)
	at org.apache.maven.surefire.booter.ForkedBooter.run(ForkedBooter.java:507)
	at org.apache.maven.surefire.booter.ForkedBooter.main(ForkedBooter.java:495)
19:37:21.065 [main] INFO com.marketdata.validator.validator.ValidatorEngine -- All validators reset (global + per-feed)
19:37:21.180 [main] INFO com.marketdata.validator.validator.ValidatorEngine -- All validators reset (global + per-feed)
19:37:21.188 [main] ERROR com.marketdata.validator.validator.ValidatorEngine -- Validator ORDERING threw exception on tick seq=1: Cannot invoke "Object.hashCode()" because "key" is null
java.lang.NullPointerException: Cannot invoke "Object.hashCode()" because "key" is null
	at java.base/java.util.concurrent.ConcurrentHashMap.get(ConcurrentHashMap.java:936)
	at com.marketdata.validator.validator.OrderingValidator.onTick(OrderingValidator.java:53)
	at com.marketdata.validator.validator.ValidatorEngine.onTick(ValidatorEngine.java:128)
	at com.marketdata.validator.validator.ValidatorEngineTest.nullSymbolTickHandledGracefully(ValidatorEngineTest.java:291)
	at java.base/jdk.internal.reflect.DirectMethodHandleAccessor.invoke(DirectMethodHandleAccessor.java:103)
	at java.base/java.lang.reflect.Method.invoke(Method.java:580)
	at org.junit.platform.commons.util.ReflectionUtils.invokeMethod(ReflectionUtils.java:728)
	at org.junit.jupiter.engine.execution.MethodInvocation.proceed(MethodInvocation.java:60)
	at org.junit.jupiter.engine.execution.InvocationInterceptorChain$ValidatingInvocation.proceed(InvocationInterceptorChain.java:131)
	at org.junit.jupiter.engine.extension.TimeoutExtension.intercept(TimeoutExtension.java:156)
	at org.junit.jupiter.engine.extension.TimeoutExtension.interceptTestableMethod(TimeoutExtension.java:147)
	at org.junit.jupiter.engine.extension.TimeoutExtension.interceptTestMethod(TimeoutExtension.java:86)
	at org.junit.jupiter.engine.execution.InterceptingExecutableInvoker$ReflectiveInterceptorCall.lambda$ofVoidMethod$0(InterceptingExecutableInvoker.java:103)
	at org.junit.jupiter.engine.execution.InterceptingExecutableInvoker.lambda$invoke$0(InterceptingExecutableInvoker.java:93)
	at org.junit.jupiter.engine.execution.InvocationInterceptorChain$InterceptedInvocation.proceed(InvocationInterceptorChain.java:106)
	at org.junit.jupiter.engine.execution.InvocationInterceptorChain.proceed(InvocationInterceptorChain.java:64)
	at org.junit.jupiter.engine.execution.InvocationInterceptorChain.chainAndInvoke(InvocationInterceptorChain.java:45)
	at org.junit.jupiter.engine.execution.InvocationInterceptorChain.invoke(InvocationInterceptorChain.java:37)
	at org.junit.jupiter.engine.execution.InterceptingExecutableInvoker.invoke(InterceptingExecutableInvoker.java:92)
	at org.junit.jupiter.engine.execution.InterceptingExecutableInvoker.invoke(InterceptingExecutableInvoker.java:86)
	at org.junit.jupiter.engine.descriptor.TestMethodTestDescriptor.lambda$invokeTestMethod$7(TestMethodTestDescriptor.java:218)
	at org.junit.platform.engine.support.hierarchical.ThrowableCollector.execute(ThrowableCollector.java:73)
	at org.junit.jupiter.engine.descriptor.TestMethodTestDescriptor.invokeTestMethod(TestMethodTestDescriptor.java:214)
	at org.junit.jupiter.engine.descriptor.TestMethodTestDescriptor.execute(TestMethodTestDescriptor.java:139)
	at org.junit.jupiter.engine.descriptor.TestMethodTestDescriptor.execute(TestMethodTestDescriptor.java:69)
	at org.junit.platform.engine.support.hierarchical.NodeTestTask.lambda$executeRecursively$6(NodeTestTask.java:151)
	at org.junit.platform.engine.support.hierarchical.ThrowableCollector.execute(ThrowableCollector.java:73)
	at org.junit.platform.engine.support.hierarchical.NodeTestTask.lambda$executeRecursively$8(NodeTestTask.java:141)
	at org.junit.platform.engine.support.hierarchical.Node.around(Node.java:137)
	at org.junit.platform.engine.support.hierarchical.NodeTestTask.lambda$executeRecursively$9(NodeTestTask.java:139)
	at org.junit.platform.engine.support.hierarchical.ThrowableCollector.execute(ThrowableCollector.java:73)
	at org.junit.platform.engine.support.hierarchical.NodeTestTask.executeRecursively(NodeTestTask.java:138)
	at org.junit.platform.engine.support.hierarchical.NodeTestTask.execute(NodeTestTask.java:95)
	at java.base/java.util.ArrayList.forEach(ArrayList.java:1596)
	at org.junit.platform.engine.support.hierarchical.SameThreadHierarchicalTestExecutorService.invokeAll(SameThreadHierarchicalTestExecutorService.java:41)
	at org.junit.platform.engine.support.hierarchical.NodeTestTask.lambda$executeRecursively$6(NodeTestTask.java:155)
	at org.junit.platform.engine.support.hierarchical.ThrowableCollector.execute(ThrowableCollector.java:73)
	at org.junit.platform.engine.support.hierarchical.NodeTestTask.lambda$executeRecursively$8(NodeTestTask.java:141)
	at org.junit.platform.engine.support.hierarchical.Node.around(Node.java:137)
	at org.junit.platform.engine.support.hierarchical.NodeTestTask.lambda$executeRecursively$9(NodeTestTask.java:139)
	at org.junit.platform.engine.support.hierarchical.ThrowableCollector.execute(ThrowableCollector.java:73)
	at org.junit.platform.engine.support.hierarchical.NodeTestTask.executeRecursively(NodeTestTask.java:138)
	at org.junit.platform.engine.support.hierarchical.NodeTestTask.execute(NodeTestTask.java:95)
	at java.base/java.util.ArrayList.forEach(ArrayList.java:1596)
	at org.junit.platform.engine.support.hierarchical.SameThreadHierarchicalTestExecutorService.invokeAll(SameThreadHierarchicalTestExecutorService.java:41)
	at org.junit.platform.engine.support.hierarchical.NodeTestTask.lambda$executeRecursively$6(NodeTestTask.java:155)
	at org.junit.platform.engine.support.hierarchical.ThrowableCollector.execute(ThrowableCollector.java:73)
	at org.junit.platform.engine.support.hierarchical.NodeTestTask.lambda$executeRecursively$8(NodeTestTask.java:141)
	at org.junit.platform.engine.support.hierarchical.Node.around(Node.java:137)
	at org.junit.platform.engine.support.hierarchical.NodeTestTask.lambda$executeRecursively$9(NodeTestTask.java:139)
	at org.junit.platform.engine.support.hierarchical.ThrowableCollector.execute(ThrowableCollector.java:73)
	at org.junit.platform.engine.support.hierarchical.NodeTestTask.executeRecursively(NodeTestTask.java:138)
	at org.junit.platform.engine.support.hierarchical.NodeTestTask.execute(NodeTestTask.java:95)
	at org.junit.platform.engine.support.hierarchical.SameThreadHierarchicalTestExecutorService.submit(SameThreadHierarchicalTestExecutorService.java:35)
	at org.junit.platform.engine.support.hierarchical.HierarchicalTestExecutor.execute(HierarchicalTestExecutor.java:57)
	at org.junit.platform.engine.support.hierarchical.HierarchicalTestEngine.execute(HierarchicalTestEngine.java:54)
	at org.junit.platform.launcher.core.EngineExecutionOrchestrator.execute(EngineExecutionOrchestrator.java:198)
	at org.junit.platform.launcher.core.EngineExecutionOrchestrator.execute(EngineExecutionOrchestrator.java:169)
	at org.junit.platform.launcher.core.EngineExecutionOrchestrator.execute(EngineExecutionOrchestrator.java:93)
	at org.junit.platform.launcher.core.EngineExecutionOrchestrator.lambda$execute$0(EngineExecutionOrchestrator.java:58)
	at org.junit.platform.launcher.core.EngineExecutionOrchestrator.withInterceptedStreams(EngineExecutionOrchestrator.java:141)
	at org.junit.platform.launcher.core.EngineExecutionOrchestrator.execute(EngineExecutionOrchestrator.java:57)
	at org.junit.platform.launcher.core.DefaultLauncher.execute(DefaultLauncher.java:103)
	at org.junit.platform.launcher.core.DefaultLauncher.execute(DefaultLauncher.java:85)
	at org.junit.platform.launcher.core.DelegatingLauncher.execute(DelegatingLauncher.java:47)
	at org.apache.maven.surefire.junitplatform.LazyLauncher.execute(LazyLauncher.java:56)
	at org.apache.maven.surefire.junitplatform.JUnitPlatformProvider.execute(JUnitPlatformProvider.java:184)
	at org.apache.maven.surefire.junitplatform.JUnitPlatformProvider.invokeAllTests(JUnitPlatformProvider.java:148)
	at org.apache.maven.surefire.junitplatform.JUnitPlatformProvider.invoke(JUnitPlatformProvider.java:122)
	at org.apache.maven.surefire.booter.ForkedBooter.runSuitesInProcess(ForkedBooter.java:385)
	at org.apache.maven.surefire.booter.ForkedBooter.execute(ForkedBooter.java:162)
	at org.apache.maven.surefire.booter.ForkedBooter.run(ForkedBooter.java:507)
	at org.apache.maven.surefire.booter.ForkedBooter.main(ForkedBooter.java:495)
19:37:21.188 [main] ERROR com.marketdata.validator.validator.ValidatorEngine -- Validator ACCURACY threw exception on tick seq=1: Cannot invoke "Object.hashCode()" because "key" is null
java.lang.NullPointerException: Cannot invoke "Object.hashCode()" because "key" is null
	at java.base/java.util.concurrent.ConcurrentHashMap.get(ConcurrentHashMap.java:936)
	at com.marketdata.validator.validator.AccuracyValidator.onTick(AccuracyValidator.java:65)
	at com.marketdata.validator.validator.ValidatorEngine.onTick(ValidatorEngine.java:128)
	at com.marketdata.validator.validator.ValidatorEngineTest.nullSymbolTickHandledGracefully(ValidatorEngineTest.java:291)
	at java.base/jdk.internal.reflect.DirectMethodHandleAccessor.invoke(DirectMethodHandleAccessor.java:103)
	at java.base/java.lang.reflect.Method.invoke(Method.java:580)
	at org.junit.platform.commons.util.ReflectionUtils.invokeMethod(ReflectionUtils.java:728)
	at org.junit.jupiter.engine.execution.MethodInvocation.proceed(MethodInvocation.java:60)
	at org.junit.jupiter.engine.execution.InvocationInterceptorChain$ValidatingInvocation.proceed(InvocationInterceptorChain.java:131)
	at org.junit.jupiter.engine.extension.TimeoutExtension.intercept(TimeoutExtension.java:156)
	at org.junit.jupiter.engine.extension.TimeoutExtension.interceptTestableMethod(TimeoutExtension.java:147)
	at org.junit.jupiter.engine.extension.TimeoutExtension.interceptTestMethod(TimeoutExtension.java:86)
	at org.junit.jupiter.engine.execution.InterceptingExecutableInvoker$ReflectiveInterceptorCall.lambda$ofVoidMethod$0(InterceptingExecutableInvoker.java:103)
	at org.junit.jupiter.engine.execution.InterceptingExecutableInvoker.lambda$invoke$0(InterceptingExecutableInvoker.java:93)
	at org.junit.jupiter.engine.execution.InvocationInterceptorChain$InterceptedInvocation.proceed(InvocationInterceptorChain.java:106)
	at org.junit.jupiter.engine.execution.InvocationInterceptorChain.proceed(InvocationInterceptorChain.java:64)
	at org.junit.jupiter.engine.execution.InvocationInterceptorChain.chainAndInvoke(InvocationInterceptorChain.java:45)
	at org.junit.jupiter.engine.execution.InvocationInterceptorChain.invoke(InvocationInterceptorChain.java:37)
	at org.junit.jupiter.engine.execution.InterceptingExecutableInvoker.invoke(InterceptingExecutableInvoker.java:92)
	at org.junit.jupiter.engine.execution.InterceptingExecutableInvoker.invoke(InterceptingExecutableInvoker.java:86)
	at org.junit.jupiter.engine.descriptor.TestMethodTestDescriptor.lambda$invokeTestMethod$7(TestMethodTestDescriptor.java:218)
	at org.junit.platform.engine.support.hierarchical.ThrowableCollector.execute(ThrowableCollector.java:73)
	at org.junit.jupiter.engine.descriptor.TestMethodTestDescriptor.invokeTestMethod(TestMethodTestDescriptor.java:214)
	at org.junit.jupiter.engine.descriptor.TestMethodTestDescriptor.execute(TestMethodTestDescriptor.java:139)
	at org.junit.jupiter.engine.descriptor.TestMethodTestDescriptor.execute(TestMethodTestDescriptor.java:69)
	at org.junit.platform.engine.support.hierarchical.NodeTestTask.lambda$executeRecursively$6(NodeTestTask.java:151)
	at org.junit.platform.engine.support.hierarchical.ThrowableCollector.execute(ThrowableCollector.java:73)
	at org.junit.platform.engine.support.hierarchical.NodeTestTask.lambda$executeRecursively$8(NodeTestTask.java:141)
	at org.junit.platform.engine.support.hierarchical.Node.around(Node.java:137)
	at org.junit.platform.engine.support.hierarchical.NodeTestTask.lambda$executeRecursively$9(NodeTestTask.java:139)
	at org.junit.platform.engine.support.hierarchical.ThrowableCollector.execute(ThrowableCollector.java:73)
	at org.junit.platform.engine.support.hierarchical.NodeTestTask.executeRecursively(NodeTestTask.java:138)
	at org.junit.platform.engine.support.hierarchical.NodeTestTask.execute(NodeTestTask.java:95)
	at java.base/java.util.ArrayList.forEach(ArrayList.java:1596)
	at org.junit.platform.engine.support.hierarchical.SameThreadHierarchicalTestExecutorService.invokeAll(SameThreadHierarchicalTestExecutorService.java:41)
	at org.junit.platform.engine.support.hierarchical.NodeTestTask.lambda$executeRecursively$6(NodeTestTask.java:155)
	at org.junit.platform.engine.support.hierarchical.ThrowableCollector.execute(ThrowableCollector.java:73)
	at org.junit.platform.engine.support.hierarchical.NodeTestTask.lambda$executeRecursively$8(NodeTestTask.java:141)
	at org.junit.platform.engine.support.hierarchical.Node.around(Node.java:137)
	at org.junit.platform.engine.support.hierarchical.NodeTestTask.lambda$executeRecursively$9(NodeTestTask.java:139)
	at org.junit.platform.engine.support.hierarchical.ThrowableCollector.execute(ThrowableCollector.java:73)
	at org.junit.platform.engine.support.hierarchical.NodeTestTask.executeRecursively(NodeTestTask.java:138)
	at org.junit.platform.engine.support.hierarchical.NodeTestTask.execute(NodeTestTask.java:95)
	at java.base/java.util.ArrayList.forEach(ArrayList.java:1596)
	at org.junit.platform.engine.support.hierarchical.SameThreadHierarchicalTestExecutorService.invokeAll(SameThreadHierarchicalTestExecutorService.java:41)
	at org.junit.platform.engine.support.hierarchical.NodeTestTask.lambda$executeRecursively$6(NodeTestTask.java:155)
	at org.junit.platform.engine.support.hierarchical.ThrowableCollector.execute(ThrowableCollector.java:73)
	at org.junit.platform.engine.support.hierarchical.NodeTestTask.lambda$executeRecursively$8(NodeTestTask.java:141)
	at org.junit.platform.engine.support.hierarchical.Node.around(Node.java:137)
	at org.junit.platform.engine.support.hierarchical.NodeTestTask.lambda$executeRecursively$9(NodeTestTask.java:139)
	at org.junit.platform.engine.support.hierarchical.ThrowableCollector.execute(ThrowableCollector.java:73)
	at org.junit.platform.engine.support.hierarchical.NodeTestTask.executeRecursively(NodeTestTask.java:138)
	at org.junit.platform.engine.support.hierarchical.NodeTestTask.execute(NodeTestTask.java:95)
	at org.junit.platform.engine.support.hierarchical.SameThreadHierarchicalTestExecutorService.submit(SameThreadHierarchicalTestExecutorService.java:35)
	at org.junit.platform.engine.support.hierarchical.HierarchicalTestExecutor.execute(HierarchicalTestExecutor.java:57)
	at org.junit.platform.engine.support.hierarchical.HierarchicalTestEngine.execute(HierarchicalTestEngine.java:54)
	at org.junit.platform.launcher.core.EngineExecutionOrchestrator.execute(EngineExecutionOrchestrator.java:198)
	at org.junit.platform.launcher.core.EngineExecutionOrchestrator.execute(EngineExecutionOrchestrator.java:169)
	at org.junit.platform.launcher.core.EngineExecutionOrchestrator.execute(EngineExecutionOrchestrator.java:93)
	at org.junit.platform.launcher.core.EngineExecutionOrchestrator.lambda$execute$0(EngineExecutionOrchestrator.java:58)
	at org.junit.platform.launcher.core.EngineExecutionOrchestrator.withInterceptedStreams(EngineExecutionOrchestrator.java:141)
	at org.junit.platform.launcher.core.EngineExecutionOrchestrator.execute(EngineExecutionOrchestrator.java:57)
	at org.junit.platform.launcher.core.DefaultLauncher.execute(DefaultLauncher.java:103)
	at org.junit.platform.launcher.core.DefaultLauncher.execute(DefaultLauncher.java:85)
	at org.junit.platform.launcher.core.DelegatingLauncher.execute(DelegatingLauncher.java:47)
	at org.apache.maven.surefire.junitplatform.LazyLauncher.execute(LazyLauncher.java:56)
	at org.apache.maven.surefire.junitplatform.JUnitPlatformProvider.execute(JUnitPlatformProvider.java:184)
	at org.apache.maven.surefire.junitplatform.JUnitPlatformProvider.invokeAllTests(JUnitPlatformProvider.java:148)
	at org.apache.maven.surefire.junitplatform.JUnitPlatformProvider.invoke(JUnitPlatformProvider.java:122)
	at org.apache.maven.surefire.booter.ForkedBooter.runSuitesInProcess(ForkedBooter.java:385)
	at org.apache.maven.surefire.booter.ForkedBooter.execute(ForkedBooter.java:162)
	at org.apache.maven.surefire.booter.ForkedBooter.run(ForkedBooter.java:507)
	at org.apache.maven.surefire.booter.ForkedBooter.main(ForkedBooter.java:495)
19:37:21.189 [main] ERROR com.marketdata.validator.validator.ValidatorEngine -- Validator LATENCY threw exception on tick seq=1: Cannot invoke "Object.hashCode()" because "key" is null
java.lang.NullPointerException: Cannot invoke "Object.hashCode()" because "key" is null
	at java.base/java.util.concurrent.ConcurrentHashMap.get(ConcurrentHashMap.java:936)
	at com.marketdata.validator.validator.LatencyValidator.onTick(LatencyValidator.java:72)
	at com.marketdata.validator.validator.ValidatorEngine.onTick(ValidatorEngine.java:128)
	at com.marketdata.validator.validator.ValidatorEngineTest.nullSymbolTickHandledGracefully(ValidatorEngineTest.java:291)
	at java.base/jdk.internal.reflect.DirectMethodHandleAccessor.invoke(DirectMethodHandleAccessor.java:103)
	at java.base/java.lang.reflect.Method.invoke(Method.java:580)
	at org.junit.platform.commons.util.ReflectionUtils.invokeMethod(ReflectionUtils.java:728)
	at org.junit.jupiter.engine.execution.MethodInvocation.proceed(MethodInvocation.java:60)
	at org.junit.jupiter.engine.execution.InvocationInterceptorChain$ValidatingInvocation.proceed(InvocationInterceptorChain.java:131)
	at org.junit.jupiter.engine.extension.TimeoutExtension.intercept(TimeoutExtension.java:156)
	at org.junit.jupiter.engine.extension.TimeoutExtension.interceptTestableMethod(TimeoutExtension.java:147)
	at org.junit.jupiter.engine.extension.TimeoutExtension.interceptTestMethod(TimeoutExtension.java:86)
	at org.junit.jupiter.engine.execution.InterceptingExecutableInvoker$ReflectiveInterceptorCall.lambda$ofVoidMethod$0(InterceptingExecutableInvoker.java:103)
	at org.junit.jupiter.engine.execution.InterceptingExecutableInvoker.lambda$invoke$0(InterceptingExecutableInvoker.java:93)
	at org.junit.jupiter.engine.execution.InvocationInterceptorChain$InterceptedInvocation.proceed(InvocationInterceptorChain.java:106)
	at org.junit.jupiter.engine.execution.InvocationInterceptorChain.proceed(InvocationInterceptorChain.java:64)
	at org.junit.jupiter.engine.execution.InvocationInterceptorChain.chainAndInvoke(InvocationInterceptorChain.java:45)
	at org.junit.jupiter.engine.execution.InvocationInterceptorChain.invoke(InvocationInterceptorChain.java:37)
	at org.junit.jupiter.engine.execution.InterceptingExecutableInvoker.invoke(InterceptingExecutableInvoker.java:92)
	at org.junit.jupiter.engine.execution.InterceptingExecutableInvoker.invoke(InterceptingExecutableInvoker.java:86)
	at org.junit.jupiter.engine.descriptor.TestMethodTestDescriptor.lambda$invokeTestMethod$7(TestMethodTestDescriptor.java:218)
	at org.junit.platform.engine.support.hierarchical.ThrowableCollector.execute(ThrowableCollector.java:73)
	at org.junit.jupiter.engine.descriptor.TestMethodTestDescriptor.invokeTestMethod(TestMethodTestDescriptor.java:214)
	at org.junit.jupiter.engine.descriptor.TestMethodTestDescriptor.execute(TestMethodTestDescriptor.java:139)
	at org.junit.jupiter.engine.descriptor.TestMethodTestDescriptor.execute(TestMethodTestDescriptor.java:69)
	at org.junit.platform.engine.support.hierarchical.NodeTestTask.lambda$executeRecursively$6(NodeTestTask.java:151)
	at org.junit.platform.engine.support.hierarchical.ThrowableCollector.execute(ThrowableCollector.java:73)
	at org.junit.platform.engine.support.hierarchical.NodeTestTask.lambda$executeRecursively$8(NodeTestTask.java:141)
	at org.junit.platform.engine.support.hierarchical.Node.around(Node.java:137)
	at org.junit.platform.engine.support.hierarchical.NodeTestTask.lambda$executeRecursively$9(NodeTestTask.java:139)
	at org.junit.platform.engine.support.hierarchical.ThrowableCollector.execute(ThrowableCollector.java:73)
	at org.junit.platform.engine.support.hierarchical.NodeTestTask.executeRecursively(NodeTestTask.java:138)
	at org.junit.platform.engine.support.hierarchical.NodeTestTask.execute(NodeTestTask.java:95)
	at java.base/java.util.ArrayList.forEach(ArrayList.java:1596)
	at org.junit.platform.engine.support.hierarchical.SameThreadHierarchicalTestExecutorService.invokeAll(SameThreadHierarchicalTestExecutorService.java:41)
	at org.junit.platform.engine.support.hierarchical.NodeTestTask.lambda$executeRecursively$6(NodeTestTask.java:155)
	at org.junit.platform.engine.support.hierarchical.ThrowableCollector.execute(ThrowableCollector.java:73)
	at org.junit.platform.engine.support.hierarchical.NodeTestTask.lambda$executeRecursively$8(NodeTestTask.java:141)
	at org.junit.platform.engine.support.hierarchical.Node.around(Node.java:137)
	at org.junit.platform.engine.support.hierarchical.NodeTestTask.lambda$executeRecursively$9(NodeTestTask.java:139)
	at org.junit.platform.engine.support.hierarchical.ThrowableCollector.execute(ThrowableCollector.java:73)
	at org.junit.platform.engine.support.hierarchical.NodeTestTask.executeRecursively(NodeTestTask.java:138)
	at org.junit.platform.engine.support.hierarchical.NodeTestTask.execute(NodeTestTask.java:95)
	at java.base/java.util.ArrayList.forEach(ArrayList.java:1596)
	at org.junit.platform.engine.support.hierarchical.SameThreadHierarchicalTestExecutorService.invokeAll(SameThreadHierarchicalTestExecutorService.java:41)
	at org.junit.platform.engine.support.hierarchical.NodeTestTask.lambda$executeRecursively$6(NodeTestTask.java:155)
	at org.junit.platform.engine.support.hierarchical.ThrowableCollector.execute(ThrowableCollector.java:73)
	at org.junit.platform.engine.support.hierarchical.NodeTestTask.lambda$executeRecursively$8(NodeTestTask.java:141)
	at org.junit.platform.engine.support.hierarchical.Node.around(Node.java:137)
	at org.junit.platform.engine.support.hierarchical.NodeTestTask.lambda$executeRecursively$9(NodeTestTask.java:139)
	at org.junit.platform.engine.support.hierarchical.ThrowableCollector.execute(ThrowableCollector.java:73)
	at org.junit.platform.engine.support.hierarchical.NodeTestTask.executeRecursively(NodeTestTask.java:138)
	at org.junit.platform.engine.support.hierarchical.NodeTestTask.execute(NodeTestTask.java:95)
	at org.junit.platform.engine.support.hierarchical.SameThreadHierarchicalTestExecutorService.submit(SameThreadHierarchicalTestExecutorService.java:35)
	at org.junit.platform.engine.support.hierarchical.HierarchicalTestExecutor.execute(HierarchicalTestExecutor.java:57)
	at org.junit.platform.engine.support.hierarchical.HierarchicalTestEngine.execute(HierarchicalTestEngine.java:54)
	at org.junit.platform.launcher.core.EngineExecutionOrchestrator.execute(EngineExecutionOrchestrator.java:198)
	at org.junit.platform.launcher.core.EngineExecutionOrchestrator.execute(EngineExecutionOrchestrator.java:169)
	at org.junit.platform.launcher.core.EngineExecutionOrchestrator.execute(EngineExecutionOrchestrator.java:93)
	at org.junit.platform.launcher.core.EngineExecutionOrchestrator.lambda$execute$0(EngineExecutionOrchestrator.java:58)
	at org.junit.platform.launcher.core.EngineExecutionOrchestrator.withInterceptedStreams(EngineExecutionOrchestrator.java:141)
	at org.junit.platform.launcher.core.EngineExecutionOrchestrator.execute(EngineExecutionOrchestrator.java:57)
	at org.junit.platform.launcher.core.DefaultLauncher.execute(DefaultLauncher.java:103)
	at org.junit.platform.launcher.core.DefaultLauncher.execute(DefaultLauncher.java:85)
	at org.junit.platform.launcher.core.DelegatingLauncher.execute(DelegatingLauncher.java:47)
	at org.apache.maven.surefire.junitplatform.LazyLauncher.execute(LazyLauncher.java:56)
	at org.apache.maven.surefire.junitplatform.JUnitPlatformProvider.execute(JUnitPlatformProvider.java:184)
	at org.apache.maven.surefire.junitplatform.JUnitPlatformProvider.invokeAllTests(JUnitPlatformProvider.java:148)
	at org.apache.maven.surefire.junitplatform.JUnitPlatformProvider.invoke(JUnitPlatformProvider.java:122)
	at org.apache.maven.surefire.booter.ForkedBooter.runSuitesInProcess(ForkedBooter.java:385)
	at org.apache.maven.surefire.booter.ForkedBooter.execute(ForkedBooter.java:162)
	at org.apache.maven.surefire.booter.ForkedBooter.run(ForkedBooter.java:507)
	at org.apache.maven.surefire.booter.ForkedBooter.main(ForkedBooter.java:495)
19:37:21.190 [main] ERROR com.marketdata.validator.validator.ValidatorEngine -- Validator COMPLETENESS threw exception on tick seq=1: Cannot invoke "Object.hashCode()" because "key" is null
java.lang.NullPointerException: Cannot invoke "Object.hashCode()" because "key" is null
	at java.base/java.util.concurrent.ConcurrentHashMap.get(ConcurrentHashMap.java:936)
	at com.marketdata.validator.validator.CompletenessValidator.onTick(CompletenessValidator.java:62)
	at com.marketdata.validator.validator.ValidatorEngine.onTick(ValidatorEngine.java:128)
	at com.marketdata.validator.validator.ValidatorEngineTest.nullSymbolTickHandledGracefully(ValidatorEngineTest.java:291)
	at java.base/jdk.internal.reflect.DirectMethodHandleAccessor.invoke(DirectMethodHandleAccessor.java:103)
	at java.base/java.lang.reflect.Method.invoke(Method.java:580)
	at org.junit.platform.commons.util.ReflectionUtils.invokeMethod(ReflectionUtils.java:728)
	at org.junit.jupiter.engine.execution.MethodInvocation.proceed(MethodInvocation.java:60)
	at org.junit.jupiter.engine.execution.InvocationInterceptorChain$ValidatingInvocation.proceed(InvocationInterceptorChain.java:131)
	at org.junit.jupiter.engine.extension.TimeoutExtension.intercept(TimeoutExtension.java:156)
	at org.junit.jupiter.engine.extension.TimeoutExtension.interceptTestableMethod(TimeoutExtension.java:147)
	at org.junit.jupiter.engine.extension.TimeoutExtension.interceptTestMethod(TimeoutExtension.java:86)
	at org.junit.jupiter.engine.execution.InterceptingExecutableInvoker$ReflectiveInterceptorCall.lambda$ofVoidMethod$0(InterceptingExecutableInvoker.java:103)
	at org.junit.jupiter.engine.execution.InterceptingExecutableInvoker.lambda$invoke$0(InterceptingExecutableInvoker.java:93)
	at org.junit.jupiter.engine.execution.InvocationInterceptorChain$InterceptedInvocation.proceed(InvocationInterceptorChain.java:106)
	at org.junit.jupiter.engine.execution.InvocationInterceptorChain.proceed(InvocationInterceptorChain.java:64)
	at org.junit.jupiter.engine.execution.InvocationInterceptorChain.chainAndInvoke(InvocationInterceptorChain.java:45)
	at org.junit.jupiter.engine.execution.InvocationInterceptorChain.invoke(InvocationInterceptorChain.java:37)
	at org.junit.jupiter.engine.execution.InterceptingExecutableInvoker.invoke(InterceptingExecutableInvoker.java:92)
	at org.junit.jupiter.engine.execution.InterceptingExecutableInvoker.invoke(InterceptingExecutableInvoker.java:86)
	at org.junit.jupiter.engine.descriptor.TestMethodTestDescriptor.lambda$invokeTestMethod$7(TestMethodTestDescriptor.java:218)
	at org.junit.platform.engine.support.hierarchical.ThrowableCollector.execute(ThrowableCollector.java:73)
	at org.junit.jupiter.engine.descriptor.TestMethodTestDescriptor.invokeTestMethod(TestMethodTestDescriptor.java:214)
	at org.junit.jupiter.engine.descriptor.TestMethodTestDescriptor.execute(TestMethodTestDescriptor.java:139)
	at org.junit.jupiter.engine.descriptor.TestMethodTestDescriptor.execute(TestMethodTestDescriptor.java:69)
	at org.junit.platform.engine.support.hierarchical.NodeTestTask.lambda$executeRecursively$6(NodeTestTask.java:151)
	at org.junit.platform.engine.support.hierarchical.ThrowableCollector.execute(ThrowableCollector.java:73)
	at org.junit.platform.engine.support.hierarchical.NodeTestTask.lambda$executeRecursively$8(NodeTestTask.java:141)
	at org.junit.platform.engine.support.hierarchical.Node.around(Node.java:137)
	at org.junit.platform.engine.support.hierarchical.NodeTestTask.lambda$executeRecursively$9(NodeTestTask.java:139)
	at org.junit.platform.engine.support.hierarchical.ThrowableCollector.execute(ThrowableCollector.java:73)
	at org.junit.platform.engine.support.hierarchical.NodeTestTask.executeRecursively(NodeTestTask.java:138)
	at org.junit.platform.engine.support.hierarchical.NodeTestTask.execute(NodeTestTask.java:95)
	at java.base/java.util.ArrayList.forEach(ArrayList.java:1596)
	at org.junit.platform.engine.support.hierarchical.SameThreadHierarchicalTestExecutorService.invokeAll(SameThreadHierarchicalTestExecutorService.java:41)
	at org.junit.platform.engine.support.hierarchical.NodeTestTask.lambda$executeRecursively$6(NodeTestTask.java:155)
	at org.junit.platform.engine.support.hierarchical.ThrowableCollector.execute(ThrowableCollector.java:73)
	at org.junit.platform.engine.support.hierarchical.NodeTestTask.lambda$executeRecursively$8(NodeTestTask.java:141)
	at org.junit.platform.engine.support.hierarchical.Node.around(Node.java:137)
	at org.junit.platform.engine.support.hierarchical.NodeTestTask.lambda$executeRecursively$9(NodeTestTask.java:139)
	at org.junit.platform.engine.support.hierarchical.ThrowableCollector.execute(ThrowableCollector.java:73)
	at org.junit.platform.engine.support.hierarchical.NodeTestTask.executeRecursively(NodeTestTask.java:138)
	at org.junit.platform.engine.support.hierarchical.NodeTestTask.execute(NodeTestTask.java:95)
	at java.base/java.util.ArrayList.forEach(ArrayList.java:1596)
	at org.junit.platform.engine.support.hierarchical.SameThreadHierarchicalTestExecutorService.invokeAll(SameThreadHierarchicalTestExecutorService.java:41)
	at org.junit.platform.engine.support.hierarchical.NodeTestTask.lambda$executeRecursively$6(NodeTestTask.java:155)
	at org.junit.platform.engine.support.hierarchical.ThrowableCollector.execute(ThrowableCollector.java:73)
	at org.junit.platform.engine.support.hierarchical.NodeTestTask.lambda$executeRecursively$8(NodeTestTask.java:141)
	at org.junit.platform.engine.support.hierarchical.Node.around(Node.java:137)
	at org.junit.platform.engine.support.hierarchical.NodeTestTask.lambda$executeRecursively$9(NodeTestTask.java:139)
	at org.junit.platform.engine.support.hierarchical.ThrowableCollector.execute(ThrowableCollector.java:73)
	at org.junit.platform.engine.support.hierarchical.NodeTestTask.executeRecursively(NodeTestTask.java:138)
	at org.junit.platform.engine.support.hierarchical.NodeTestTask.execute(NodeTestTask.java:95)
	at org.junit.platform.engine.support.hierarchical.SameThreadHierarchicalTestExecutorService.submit(SameThreadHierarchicalTestExecutorService.java:35)
	at org.junit.platform.engine.support.hierarchical.HierarchicalTestExecutor.execute(HierarchicalTestExecutor.java:57)
	at org.junit.platform.engine.support.hierarchical.HierarchicalTestEngine.execute(HierarchicalTestEngine.java:54)
	at org.junit.platform.launcher.core.EngineExecutionOrchestrator.execute(EngineExecutionOrchestrator.java:198)
	at org.junit.platform.launcher.core.EngineExecutionOrchestrator.execute(EngineExecutionOrchestrator.java:169)
	at org.junit.platform.launcher.core.EngineExecutionOrchestrator.execute(EngineExecutionOrchestrator.java:93)
	at org.junit.platform.launcher.core.EngineExecutionOrchestrator.lambda$execute$0(EngineExecutionOrchestrator.java:58)
	at org.junit.platform.launcher.core.EngineExecutionOrchestrator.withInterceptedStreams(EngineExecutionOrchestrator.java:141)
	at org.junit.platform.launcher.core.EngineExecutionOrchestrator.execute(EngineExecutionOrchestrator.java:57)
	at org.junit.platform.launcher.core.DefaultLauncher.execute(DefaultLauncher.java:103)
	at org.junit.platform.launcher.core.DefaultLauncher.execute(DefaultLauncher.java:85)
	at org.junit.platform.launcher.core.DelegatingLauncher.execute(DelegatingLauncher.java:47)
	at org.apache.maven.surefire.junitplatform.LazyLauncher.execute(LazyLauncher.java:56)
	at org.apache.maven.surefire.junitplatform.JUnitPlatformProvider.execute(JUnitPlatformProvider.java:184)
	at org.apache.maven.surefire.junitplatform.JUnitPlatformProvider.invokeAllTests(JUnitPlatformProvider.java:148)
	at org.apache.maven.surefire.junitplatform.JUnitPlatformProvider.invoke(JUnitPlatformProvider.java:122)
	at org.apache.maven.surefire.booter.ForkedBooter.runSuitesInProcess(ForkedBooter.java:385)
	at org.apache.maven.surefire.booter.ForkedBooter.execute(ForkedBooter.java:162)
	at org.apache.maven.surefire.booter.ForkedBooter.run(ForkedBooter.java:507)
	at org.apache.maven.surefire.booter.ForkedBooter.main(ForkedBooter.java:495)
19:37:21.190 [main] ERROR com.marketdata.validator.validator.ValidatorEngine -- Per-feed validator ACCURACY threw on tick seq=1 feedId=test-feed: Cannot invoke "Object.hashCode()" because "key" is null
java.lang.NullPointerException: Cannot invoke "Object.hashCode()" because "key" is null
	at java.base/java.util.concurrent.ConcurrentHashMap.get(ConcurrentHashMap.java:936)
	at com.marketdata.validator.validator.AccuracyValidator.onTick(AccuracyValidator.java:65)
	at com.marketdata.validator.validator.ValidatorEngine.onTick(ValidatorEngine.java:144)
	at com.marketdata.validator.validator.ValidatorEngineTest.nullSymbolTickHandledGracefully(ValidatorEngineTest.java:291)
	at java.base/jdk.internal.reflect.DirectMethodHandleAccessor.invoke(DirectMethodHandleAccessor.java:103)
	at java.base/java.lang.reflect.Method.invoke(Method.java:580)
	at org.junit.platform.commons.util.ReflectionUtils.invokeMethod(ReflectionUtils.java:728)
	at org.junit.jupiter.engine.execution.MethodInvocation.proceed(MethodInvocation.java:60)
	at org.junit.jupiter.engine.execution.InvocationInterceptorChain$ValidatingInvocation.proceed(InvocationInterceptorChain.java:131)
	at org.junit.jupiter.engine.extension.TimeoutExtension.intercept(TimeoutExtension.java:156)
	at org.junit.jupiter.engine.extension.TimeoutExtension.interceptTestableMethod(TimeoutExtension.java:147)
	at org.junit.jupiter.engine.extension.TimeoutExtension.interceptTestMethod(TimeoutExtension.java:86)
	at org.junit.jupiter.engine.execution.InterceptingExecutableInvoker$ReflectiveInterceptorCall.lambda$ofVoidMethod$0(InterceptingExecutableInvoker.java:103)
	at org.junit.jupiter.engine.execution.InterceptingExecutableInvoker.lambda$invoke$0(InterceptingExecutableInvoker.java:93)
	at org.junit.jupiter.engine.execution.InvocationInterceptorChain$InterceptedInvocation.proceed(InvocationInterceptorChain.java:106)
	at org.junit.jupiter.engine.execution.InvocationInterceptorChain.proceed(InvocationInterceptorChain.java:64)
	at org.junit.jupiter.engine.execution.InvocationInterceptorChain.chainAndInvoke(InvocationInterceptorChain.java:45)
	at org.junit.jupiter.engine.execution.InvocationInterceptorChain.invoke(InvocationInterceptorChain.java:37)
	at org.junit.jupiter.engine.execution.InterceptingExecutableInvoker.invoke(InterceptingExecutableInvoker.java:92)
	at org.junit.jupiter.engine.execution.InterceptingExecutableInvoker.invoke(InterceptingExecutableInvoker.java:86)
	at org.junit.jupiter.engine.descriptor.TestMethodTestDescriptor.lambda$invokeTestMethod$7(TestMethodTestDescriptor.java:218)
	at org.junit.platform.engine.support.hierarchical.ThrowableCollector.execute(ThrowableCollector.java:73)
	at org.junit.jupiter.engine.descriptor.TestMethodTestDescriptor.invokeTestMethod(TestMethodTestDescriptor.java:214)
	at org.junit.jupiter.engine.descriptor.TestMethodTestDescriptor.execute(TestMethodTestDescriptor.java:139)
	at org.junit.jupiter.engine.descriptor.TestMethodTestDescriptor.execute(TestMethodTestDescriptor.java:69)
	at org.junit.platform.engine.support.hierarchical.NodeTestTask.lambda$executeRecursively$6(NodeTestTask.java:151)
	at org.junit.platform.engine.support.hierarchical.ThrowableCollector.execute(ThrowableCollector.java:73)
	at org.junit.platform.engine.support.hierarchical.NodeTestTask.lambda$executeRecursively$8(NodeTestTask.java:141)
	at org.junit.platform.engine.support.hierarchical.Node.around(Node.java:137)
	at org.junit.platform.engine.support.hierarchical.NodeTestTask.lambda$executeRecursively$9(NodeTestTask.java:139)
	at org.junit.platform.engine.support.hierarchical.ThrowableCollector.execute(ThrowableCollector.java:73)
	at org.junit.platform.engine.support.hierarchical.NodeTestTask.executeRecursively(NodeTestTask.java:138)
	at org.junit.platform.engine.support.hierarchical.NodeTestTask.execute(NodeTestTask.java:95)
	at java.base/java.util.ArrayList.forEach(ArrayList.java:1596)
	at org.junit.platform.engine.support.hierarchical.SameThreadHierarchicalTestExecutorService.invokeAll(SameThreadHierarchicalTestExecutorService.java:41)
	at org.junit.platform.engine.support.hierarchical.NodeTestTask.lambda$executeRecursively$6(NodeTestTask.java:155)
	at org.junit.platform.engine.support.hierarchical.ThrowableCollector.execute(ThrowableCollector.java:73)
	at org.junit.platform.engine.support.hierarchical.NodeTestTask.lambda$executeRecursively$8(NodeTestTask.java:141)
	at org.junit.platform.engine.support.hierarchical.Node.around(Node.java:137)
	at org.junit.platform.engine.support.hierarchical.NodeTestTask.lambda$executeRecursively$9(NodeTestTask.java:139)
	at org.junit.platform.engine.support.hierarchical.ThrowableCollector.execute(ThrowableCollector.java:73)
	at org.junit.platform.engine.support.hierarchical.NodeTestTask.executeRecursively(NodeTestTask.java:138)
	at org.junit.platform.engine.support.hierarchical.NodeTestTask.execute(NodeTestTask.java:95)
	at java.base/java.util.ArrayList.forEach(ArrayList.java:1596)
	at org.junit.platform.engine.support.hierarchical.SameThreadHierarchicalTestExecutorService.invokeAll(SameThreadHierarchicalTestExecutorService.java:41)
	at org.junit.platform.engine.support.hierarchical.NodeTestTask.lambda$executeRecursively$6(NodeTestTask.java:155)
	at org.junit.platform.engine.support.hierarchical.ThrowableCollector.execute(ThrowableCollector.java:73)
	at org.junit.platform.engine.support.hierarchical.NodeTestTask.lambda$executeRecursively$8(NodeTestTask.java:141)
	at org.junit.platform.engine.support.hierarchical.Node.around(Node.java:137)
	at org.junit.platform.engine.support.hierarchical.NodeTestTask.lambda$executeRecursively$9(NodeTestTask.java:139)
	at org.junit.platform.engine.support.hierarchical.ThrowableCollector.execute(ThrowableCollector.java:73)
	at org.junit.platform.engine.support.hierarchical.NodeTestTask.executeRecursively(NodeTestTask.java:138)
	at org.junit.platform.engine.support.hierarchical.NodeTestTask.execute(NodeTestTask.java:95)
	at org.junit.platform.engine.support.hierarchical.SameThreadHierarchicalTestExecutorService.submit(SameThreadHierarchicalTestExecutorService.java:35)
	at org.junit.platform.engine.support.hierarchical.HierarchicalTestExecutor.execute(HierarchicalTestExecutor.java:57)
	at org.junit.platform.engine.support.hierarchical.HierarchicalTestEngine.execute(HierarchicalTestEngine.java:54)
	at org.junit.platform.launcher.core.EngineExecutionOrchestrator.execute(EngineExecutionOrchestrator.java:198)
	at org.junit.platform.launcher.core.EngineExecutionOrchestrator.execute(EngineExecutionOrchestrator.java:169)
	at org.junit.platform.launcher.core.EngineExecutionOrchestrator.execute(EngineExecutionOrchestrator.java:93)
	at org.junit.platform.launcher.core.EngineExecutionOrchestrator.lambda$execute$0(EngineExecutionOrchestrator.java:58)
	at org.junit.platform.launcher.core.EngineExecutionOrchestrator.withInterceptedStreams(EngineExecutionOrchestrator.java:141)
	at org.junit.platform.launcher.core.EngineExecutionOrchestrator.execute(EngineExecutionOrchestrator.java:57)
	at org.junit.platform.launcher.core.DefaultLauncher.execute(DefaultLauncher.java:103)
	at org.junit.platform.launcher.core.DefaultLauncher.execute(DefaultLauncher.java:85)
	at org.junit.platform.launcher.core.DelegatingLauncher.execute(DelegatingLauncher.java:47)
	at org.apache.maven.surefire.junitplatform.LazyLauncher.execute(LazyLauncher.java:56)
	at org.apache.maven.surefire.junitplatform.JUnitPlatformProvider.execute(JUnitPlatformProvider.java:184)
	at org.apache.maven.surefire.junitplatform.JUnitPlatformProvider.invokeAllTests(JUnitPlatformProvider.java:148)
	at org.apache.maven.surefire.junitplatform.JUnitPlatformProvider.invoke(JUnitPlatformProvider.java:122)
	at org.apache.maven.surefire.booter.ForkedBooter.runSuitesInProcess(ForkedBooter.java:385)
	at org.apache.maven.surefire.booter.ForkedBooter.execute(ForkedBooter.java:162)
	at org.apache.maven.surefire.booter.ForkedBooter.run(ForkedBooter.java:507)
	at org.apache.maven.surefire.booter.ForkedBooter.main(ForkedBooter.java:495)
19:37:21.191 [main] ERROR com.marketdata.validator.validator.ValidatorEngine -- Per-feed validator ORDERING threw on tick seq=1 feedId=test-feed: Cannot invoke "Object.hashCode()" because "key" is null
java.lang.NullPointerException: Cannot invoke "Object.hashCode()" because "key" is null
	at java.base/java.util.concurrent.ConcurrentHashMap.get(ConcurrentHashMap.java:936)
	at com.marketdata.validator.validator.OrderingValidator.onTick(OrderingValidator.java:53)
	at com.marketdata.validator.validator.ValidatorEngine.onTick(ValidatorEngine.java:144)
	at com.marketdata.validator.validator.ValidatorEngineTest.nullSymbolTickHandledGracefully(ValidatorEngineTest.java:291)
	at java.base/jdk.internal.reflect.DirectMethodHandleAccessor.invoke(DirectMethodHandleAccessor.java:103)
	at java.base/java.lang.reflect.Method.invoke(Method.java:580)
	at org.junit.platform.commons.util.ReflectionUtils.invokeMethod(ReflectionUtils.java:728)
	at org.junit.jupiter.engine.execution.MethodInvocation.proceed(MethodInvocation.java:60)
	at org.junit.jupiter.engine.execution.InvocationInterceptorChain$ValidatingInvocation.proceed(InvocationInterceptorChain.java:131)
	at org.junit.jupiter.engine.extension.TimeoutExtension.intercept(TimeoutExtension.java:156)
	at org.junit.jupiter.engine.extension.TimeoutExtension.interceptTestableMethod(TimeoutExtension.java:147)
	at org.junit.jupiter.engine.extension.TimeoutExtension.interceptTestMethod(TimeoutExtension.java:86)
	at org.junit.jupiter.engine.execution.InterceptingExecutableInvoker$ReflectiveInterceptorCall.lambda$ofVoidMethod$0(InterceptingExecutableInvoker.java:103)
	at org.junit.jupiter.engine.execution.InterceptingExecutableInvoker.lambda$invoke$0(InterceptingExecutableInvoker.java:93)
	at org.junit.jupiter.engine.execution.InvocationInterceptorChain$InterceptedInvocation.proceed(InvocationInterceptorChain.java:106)
	at org.junit.jupiter.engine.execution.InvocationInterceptorChain.proceed(InvocationInterceptorChain.java:64)
	at org.junit.jupiter.engine.execution.InvocationInterceptorChain.chainAndInvoke(InvocationInterceptorChain.java:45)
	at org.junit.jupiter.engine.execution.InvocationInterceptorChain.invoke(InvocationInterceptorChain.java:37)
	at org.junit.jupiter.engine.execution.InterceptingExecutableInvoker.invoke(InterceptingExecutableInvoker.java:92)
	at org.junit.jupiter.engine.execution.InterceptingExecutableInvoker.invoke(InterceptingExecutableInvoker.java:86)
	at org.junit.jupiter.engine.descriptor.TestMethodTestDescriptor.lambda$invokeTestMethod$7(TestMethodTestDescriptor.java:218)
	at org.junit.platform.engine.support.hierarchical.ThrowableCollector.execute(ThrowableCollector.java:73)
	at org.junit.jupiter.engine.descriptor.TestMethodTestDescriptor.invokeTestMethod(TestMethodTestDescriptor.java:214)
	at org.junit.jupiter.engine.descriptor.TestMethodTestDescriptor.execute(TestMethodTestDescriptor.java:139)
	at org.junit.jupiter.engine.descriptor.TestMethodTestDescriptor.execute(TestMethodTestDescriptor.java:69)
	at org.junit.platform.engine.support.hierarchical.NodeTestTask.lambda$executeRecursively$6(NodeTestTask.java:151)
	at org.junit.platform.engine.support.hierarchical.ThrowableCollector.execute(ThrowableCollector.java:73)
	at org.junit.platform.engine.support.hierarchical.NodeTestTask.lambda$executeRecursively$8(NodeTestTask.java:141)
	at org.junit.platform.engine.support.hierarchical.Node.around(Node.java:137)
	at org.junit.platform.engine.support.hierarchical.NodeTestTask.lambda$executeRecursively$9(NodeTestTask.java:139)
	at org.junit.platform.engine.support.hierarchical.ThrowableCollector.execute(ThrowableCollector.java:73)
	at org.junit.platform.engine.support.hierarchical.NodeTestTask.executeRecursively(NodeTestTask.java:138)
	at org.junit.platform.engine.support.hierarchical.NodeTestTask.execute(NodeTestTask.java:95)
	at java.base/java.util.ArrayList.forEach(ArrayList.java:1596)
	at org.junit.platform.engine.support.hierarchical.SameThreadHierarchicalTestExecutorService.invokeAll(SameThreadHierarchicalTestExecutorService.java:41)
	at org.junit.platform.engine.support.hierarchical.NodeTestTask.lambda$executeRecursively$6(NodeTestTask.java:155)
	at org.junit.platform.engine.support.hierarchical.ThrowableCollector.execute(ThrowableCollector.java:73)
	at org.junit.platform.engine.support.hierarchical.NodeTestTask.lambda$executeRecursively$8(NodeTestTask.java:141)
	at org.junit.platform.engine.support.hierarchical.Node.around(Node.java:137)
	at org.junit.platform.engine.support.hierarchical.NodeTestTask.lambda$executeRecursively$9(NodeTestTask.java:139)
	at org.junit.platform.engine.support.hierarchical.ThrowableCollector.execute(ThrowableCollector.java:73)
	at org.junit.platform.engine.support.hierarchical.NodeTestTask.executeRecursively(NodeTestTask.java:138)
	at org.junit.platform.engine.support.hierarchical.NodeTestTask.execute(NodeTestTask.java:95)
	at java.base/java.util.ArrayList.forEach(ArrayList.java:1596)
	at org.junit.platform.engine.support.hierarchical.SameThreadHierarchicalTestExecutorService.invokeAll(SameThreadHierarchicalTestExecutorService.java:41)
	at org.junit.platform.engine.support.hierarchical.NodeTestTask.lambda$executeRecursively$6(NodeTestTask.java:155)
	at org.junit.platform.engine.support.hierarchical.ThrowableCollector.execute(ThrowableCollector.java:73)
	at org.junit.platform.engine.support.hierarchical.NodeTestTask.lambda$executeRecursively$8(NodeTestTask.java:141)
	at org.junit.platform.engine.support.hierarchical.Node.around(Node.java:137)
	at org.junit.platform.engine.support.hierarchical.NodeTestTask.lambda$executeRecursively$9(NodeTestTask.java:139)
	at org.junit.platform.engine.support.hierarchical.ThrowableCollector.execute(ThrowableCollector.java:73)
	at org.junit.platform.engine.support.hierarchical.NodeTestTask.executeRecursively(NodeTestTask.java:138)
	at org.junit.platform.engine.support.hierarchical.NodeTestTask.execute(NodeTestTask.java:95)
	at org.junit.platform.engine.support.hierarchical.SameThreadHierarchicalTestExecutorService.submit(SameThreadHierarchicalTestExecutorService.java:35)
	at org.junit.platform.engine.support.hierarchical.HierarchicalTestExecutor.execute(HierarchicalTestExecutor.java:57)
	at org.junit.platform.engine.support.hierarchical.HierarchicalTestEngine.execute(HierarchicalTestEngine.java:54)
	at org.junit.platform.launcher.core.EngineExecutionOrchestrator.execute(EngineExecutionOrchestrator.java:198)
	at org.junit.platform.launcher.core.EngineExecutionOrchestrator.execute(EngineExecutionOrchestrator.java:169)
	at org.junit.platform.launcher.core.EngineExecutionOrchestrator.execute(EngineExecutionOrchestrator.java:93)
	at org.junit.platform.launcher.core.EngineExecutionOrchestrator.lambda$execute$0(EngineExecutionOrchestrator.java:58)
	at org.junit.platform.launcher.core.EngineExecutionOrchestrator.withInterceptedStreams(EngineExecutionOrchestrator.java:141)
	at org.junit.platform.launcher.core.EngineExecutionOrchestrator.execute(EngineExecutionOrchestrator.java:57)
	at org.junit.platform.launcher.core.DefaultLauncher.execute(DefaultLauncher.java:103)
	at org.junit.platform.launcher.core.DefaultLauncher.execute(DefaultLauncher.java:85)
	at org.junit.platform.launcher.core.DelegatingLauncher.execute(DelegatingLauncher.java:47)
	at org.apache.maven.surefire.junitplatform.LazyLauncher.execute(LazyLauncher.java:56)
	at org.apache.maven.surefire.junitplatform.JUnitPlatformProvider.execute(JUnitPlatformProvider.java:184)
	at org.apache.maven.surefire.junitplatform.JUnitPlatformProvider.invokeAllTests(JUnitPlatformProvider.java:148)
	at org.apache.maven.surefire.junitplatform.JUnitPlatformProvider.invoke(JUnitPlatformProvider.java:122)
	at org.apache.maven.surefire.booter.ForkedBooter.runSuitesInProcess(ForkedBooter.java:385)
	at org.apache.maven.surefire.booter.ForkedBooter.execute(ForkedBooter.java:162)
	at org.apache.maven.surefire.booter.ForkedBooter.run(ForkedBooter.java:507)
	at org.apache.maven.surefire.booter.ForkedBooter.main(ForkedBooter.java:495)
19:37:21.191 [main] ERROR com.marketdata.validator.validator.ValidatorEngine -- Per-feed validator LATENCY threw on tick seq=1 feedId=test-feed: Cannot invoke "Object.hashCode()" because "key" is null
java.lang.NullPointerException: Cannot invoke "Object.hashCode()" because "key" is null
	at java.base/java.util.concurrent.ConcurrentHashMap.get(ConcurrentHashMap.java:936)
	at com.marketdata.validator.validator.LatencyValidator.onTick(LatencyValidator.java:72)
	at com.marketdata.validator.validator.ValidatorEngine.onTick(ValidatorEngine.java:144)
	at com.marketdata.validator.validator.ValidatorEngineTest.nullSymbolTickHandledGracefully(ValidatorEngineTest.java:291)
	at java.base/jdk.internal.reflect.DirectMethodHandleAccessor.invoke(DirectMethodHandleAccessor.java:103)
	at java.base/java.lang.reflect.Method.invoke(Method.java:580)
	at org.junit.platform.commons.util.ReflectionUtils.invokeMethod(ReflectionUtils.java:728)
	at org.junit.jupiter.engine.execution.MethodInvocation.proceed(MethodInvocation.java:60)
	at org.junit.jupiter.engine.execution.InvocationInterceptorChain$ValidatingInvocation.proceed(InvocationInterceptorChain.java:131)
	at org.junit.jupiter.engine.extension.TimeoutExtension.intercept(TimeoutExtension.java:156)
	at org.junit.jupiter.engine.extension.TimeoutExtension.interceptTestableMethod(TimeoutExtension.java:147)
	at org.junit.jupiter.engine.extension.TimeoutExtension.interceptTestMethod(TimeoutExtension.java:86)
	at org.junit.jupiter.engine.execution.InterceptingExecutableInvoker$ReflectiveInterceptorCall.lambda$ofVoidMethod$0(InterceptingExecutableInvoker.java:103)
	at org.junit.jupiter.engine.execution.InterceptingExecutableInvoker.lambda$invoke$0(InterceptingExecutableInvoker.java:93)
	at org.junit.jupiter.engine.execution.InvocationInterceptorChain$InterceptedInvocation.proceed(InvocationInterceptorChain.java:106)
	at org.junit.jupiter.engine.execution.InvocationInterceptorChain.proceed(InvocationInterceptorChain.java:64)
	at org.junit.jupiter.engine.execution.InvocationInterceptorChain.chainAndInvoke(InvocationInterceptorChain.java:45)
	at org.junit.jupiter.engine.execution.InvocationInterceptorChain.invoke(InvocationInterceptorChain.java:37)
	at org.junit.jupiter.engine.execution.InterceptingExecutableInvoker.invoke(InterceptingExecutableInvoker.java:92)
	at org.junit.jupiter.engine.execution.InterceptingExecutableInvoker.invoke(InterceptingExecutableInvoker.java:86)
	at org.junit.jupiter.engine.descriptor.TestMethodTestDescriptor.lambda$invokeTestMethod$7(TestMethodTestDescriptor.java:218)
	at org.junit.platform.engine.support.hierarchical.ThrowableCollector.execute(ThrowableCollector.java:73)
	at org.junit.jupiter.engine.descriptor.TestMethodTestDescriptor.invokeTestMethod(TestMethodTestDescriptor.java:214)
	at org.junit.jupiter.engine.descriptor.TestMethodTestDescriptor.execute(TestMethodTestDescriptor.java:139)
	at org.junit.jupiter.engine.descriptor.TestMethodTestDescriptor.execute(TestMethodTestDescriptor.java:69)
	at org.junit.platform.engine.support.hierarchical.NodeTestTask.lambda$executeRecursively$6(NodeTestTask.java:151)
	at org.junit.platform.engine.support.hierarchical.ThrowableCollector.execute(ThrowableCollector.java:73)
	at org.junit.platform.engine.support.hierarchical.NodeTestTask.lambda$executeRecursively$8(NodeTestTask.java:141)
	at org.junit.platform.engine.support.hierarchical.Node.around(Node.java:137)
	at org.junit.platform.engine.support.hierarchical.NodeTestTask.lambda$executeRecursively$9(NodeTestTask.java:139)
	at org.junit.platform.engine.support.hierarchical.ThrowableCollector.execute(ThrowableCollector.java:73)
	at org.junit.platform.engine.support.hierarchical.NodeTestTask.executeRecursively(NodeTestTask.java:138)
	at org.junit.platform.engine.support.hierarchical.NodeTestTask.execute(NodeTestTask.java:95)
	at java.base/java.util.ArrayList.forEach(ArrayList.java:1596)
	at org.junit.platform.engine.support.hierarchical.SameThreadHierarchicalTestExecutorService.invokeAll(SameThreadHierarchicalTestExecutorService.java:41)
	at org.junit.platform.engine.support.hierarchical.NodeTestTask.lambda$executeRecursively$6(NodeTestTask.java:155)
	at org.junit.platform.engine.support.hierarchical.ThrowableCollector.execute(ThrowableCollector.java:73)
	at org.junit.platform.engine.support.hierarchical.NodeTestTask.lambda$executeRecursively$8(NodeTestTask.java:141)
	at org.junit.platform.engine.support.hierarchical.Node.around(Node.java:137)
	at org.junit.platform.engine.support.hierarchical.NodeTestTask.lambda$executeRecursively$9(NodeTestTask.java:139)
	at org.junit.platform.engine.support.hierarchical.ThrowableCollector.execute(ThrowableCollector.java:73)
	at org.junit.platform.engine.support.hierarchical.NodeTestTask.executeRecursively(NodeTestTask.java:138)
	at org.junit.platform.engine.support.hierarchical.NodeTestTask.execute(NodeTestTask.java:95)
	at java.base/java.util.ArrayList.forEach(ArrayList.java:1596)
	at org.junit.platform.engine.support.hierarchical.SameThreadHierarchicalTestExecutorService.invokeAll(SameThreadHierarchicalTestExecutorService.java:41)
	at org.junit.platform.engine.support.hierarchical.NodeTestTask.lambda$executeRecursively$6(NodeTestTask.java:155)
	at org.junit.platform.engine.support.hierarchical.ThrowableCollector.execute(ThrowableCollector.java:73)
	at org.junit.platform.engine.support.hierarchical.NodeTestTask.lambda$executeRecursively$8(NodeTestTask.java:141)
	at org.junit.platform.engine.support.hierarchical.Node.around(Node.java:137)
	at org.junit.platform.engine.support.hierarchical.NodeTestTask.lambda$executeRecursively$9(NodeTestTask.java:139)
	at org.junit.platform.engine.support.hierarchical.ThrowableCollector.execute(ThrowableCollector.java:73)
	at org.junit.platform.engine.support.hierarchical.NodeTestTask.executeRecursively(NodeTestTask.java:138)
	at org.junit.platform.engine.support.hierarchical.NodeTestTask.execute(NodeTestTask.java:95)
	at org.junit.platform.engine.support.hierarchical.SameThreadHierarchicalTestExecutorService.submit(SameThreadHierarchicalTestExecutorService.java:35)
	at org.junit.platform.engine.support.hierarchical.HierarchicalTestExecutor.execute(HierarchicalTestExecutor.java:57)
	at org.junit.platform.engine.support.hierarchical.HierarchicalTestEngine.execute(HierarchicalTestEngine.java:54)
	at org.junit.platform.launcher.core.EngineExecutionOrchestrator.execute(EngineExecutionOrchestrator.java:198)
	at org.junit.platform.launcher.core.EngineExecutionOrchestrator.execute(EngineExecutionOrchestrator.java:169)
	at org.junit.platform.launcher.core.EngineExecutionOrchestrator.execute(EngineExecutionOrchestrator.java:93)
	at org.junit.platform.launcher.core.EngineExecutionOrchestrator.lambda$execute$0(EngineExecutionOrchestrator.java:58)
	at org.junit.platform.launcher.core.EngineExecutionOrchestrator.withInterceptedStreams(EngineExecutionOrchestrator.java:141)
	at org.junit.platform.launcher.core.EngineExecutionOrchestrator.execute(EngineExecutionOrchestrator.java:57)
	at org.junit.platform.launcher.core.DefaultLauncher.execute(DefaultLauncher.java:103)
	at org.junit.platform.launcher.core.DefaultLauncher.execute(DefaultLauncher.java:85)
	at org.junit.platform.launcher.core.DelegatingLauncher.execute(DelegatingLauncher.java:47)
	at org.apache.maven.surefire.junitplatform.LazyLauncher.execute(LazyLauncher.java:56)
	at org.apache.maven.surefire.junitplatform.JUnitPlatformProvider.execute(JUnitPlatformProvider.java:184)
	at org.apache.maven.surefire.junitplatform.JUnitPlatformProvider.invokeAllTests(JUnitPlatformProvider.java:148)
	at org.apache.maven.surefire.junitplatform.JUnitPlatformProvider.invoke(JUnitPlatformProvider.java:122)
	at org.apache.maven.surefire.booter.ForkedBooter.runSuitesInProcess(ForkedBooter.java:385)
	at org.apache.maven.surefire.booter.ForkedBooter.execute(ForkedBooter.java:162)
	at org.apache.maven.surefire.booter.ForkedBooter.run(ForkedBooter.java:507)
	at org.apache.maven.surefire.booter.ForkedBooter.main(ForkedBooter.java:495)
19:37:21.192 [main] ERROR com.marketdata.validator.validator.ValidatorEngine -- Per-feed validator COMPLETENESS threw on tick seq=1 feedId=test-feed: Cannot invoke "Object.hashCode()" because "key" is null
java.lang.NullPointerException: Cannot invoke "Object.hashCode()" because "key" is null
	at java.base/java.util.concurrent.ConcurrentHashMap.get(ConcurrentHashMap.java:936)
	at com.marketdata.validator.validator.CompletenessValidator.onTick(CompletenessValidator.java:62)
	at com.marketdata.validator.validator.ValidatorEngine.onTick(ValidatorEngine.java:144)
	at com.marketdata.validator.validator.ValidatorEngineTest.nullSymbolTickHandledGracefully(ValidatorEngineTest.java:291)
	at java.base/jdk.internal.reflect.DirectMethodHandleAccessor.invoke(DirectMethodHandleAccessor.java:103)
	at java.base/java.lang.reflect.Method.invoke(Method.java:580)
	at org.junit.platform.commons.util.ReflectionUtils.invokeMethod(ReflectionUtils.java:728)
	at org.junit.jupiter.engine.execution.MethodInvocation.proceed(MethodInvocation.java:60)
	at org.junit.jupiter.engine.execution.InvocationInterceptorChain$ValidatingInvocation.proceed(InvocationInterceptorChain.java:131)
	at org.junit.jupiter.engine.extension.TimeoutExtension.intercept(TimeoutExtension.java:156)
	at org.junit.jupiter.engine.extension.TimeoutExtension.interceptTestableMethod(TimeoutExtension.java:147)
	at org.junit.jupiter.engine.extension.TimeoutExtension.interceptTestMethod(TimeoutExtension.java:86)
	at org.junit.jupiter.engine.execution.InterceptingExecutableInvoker$ReflectiveInterceptorCall.lambda$ofVoidMethod$0(InterceptingExecutableInvoker.java:103)
	at org.junit.jupiter.engine.execution.InterceptingExecutableInvoker.lambda$invoke$0(InterceptingExecutableInvoker.java:93)
	at org.junit.jupiter.engine.execution.InvocationInterceptorChain$InterceptedInvocation.proceed(InvocationInterceptorChain.java:106)
	at org.junit.jupiter.engine.execution.InvocationInterceptorChain.proceed(InvocationInterceptorChain.java:64)
	at org.junit.jupiter.engine.execution.InvocationInterceptorChain.chainAndInvoke(InvocationInterceptorChain.java:45)
	at org.junit.jupiter.engine.execution.InvocationInterceptorChain.invoke(InvocationInterceptorChain.java:37)
	at org.junit.jupiter.engine.execution.InterceptingExecutableInvoker.invoke(InterceptingExecutableInvoker.java:92)
	at org.junit.jupiter.engine.execution.InterceptingExecutableInvoker.invoke(InterceptingExecutableInvoker.java:86)
	at org.junit.jupiter.engine.descriptor.TestMethodTestDescriptor.lambda$invokeTestMethod$7(TestMethodTestDescriptor.java:218)
	at org.junit.platform.engine.support.hierarchical.ThrowableCollector.execute(ThrowableCollector.java:73)
	at org.junit.jupiter.engine.descriptor.TestMethodTestDescriptor.invokeTestMethod(TestMethodTestDescriptor.java:214)
	at org.junit.jupiter.engine.descriptor.TestMethodTestDescriptor.execute(TestMethodTestDescriptor.java:139)
	at org.junit.jupiter.engine.descriptor.TestMethodTestDescriptor.execute(TestMethodTestDescriptor.java:69)
	at org.junit.platform.engine.support.hierarchical.NodeTestTask.lambda$executeRecursively$6(NodeTestTask.java:151)
	at org.junit.platform.engine.support.hierarchical.ThrowableCollector.execute(ThrowableCollector.java:73)
	at org.junit.platform.engine.support.hierarchical.NodeTestTask.lambda$executeRecursively$8(NodeTestTask.java:141)
	at org.junit.platform.engine.support.hierarchical.Node.around(Node.java:137)
	at org.junit.platform.engine.support.hierarchical.NodeTestTask.lambda$executeRecursively$9(NodeTestTask.java:139)
	at org.junit.platform.engine.support.hierarchical.ThrowableCollector.execute(ThrowableCollector.java:73)
	at org.junit.platform.engine.support.hierarchical.NodeTestTask.executeRecursively(NodeTestTask.java:138)
	at org.junit.platform.engine.support.hierarchical.NodeTestTask.execute(NodeTestTask.java:95)
	at java.base/java.util.ArrayList.forEach(ArrayList.java:1596)
	at org.junit.platform.engine.support.hierarchical.SameThreadHierarchicalTestExecutorService.invokeAll(SameThreadHierarchicalTestExecutorService.java:41)
	at org.junit.platform.engine.support.hierarchical.NodeTestTask.lambda$executeRecursively$6(NodeTestTask.java:155)
	at org.junit.platform.engine.support.hierarchical.ThrowableCollector.execute(ThrowableCollector.java:73)
	at org.junit.platform.engine.support.hierarchical.NodeTestTask.lambda$executeRecursively$8(NodeTestTask.java:141)
	at org.junit.platform.engine.support.hierarchical.Node.around(Node.java:137)
	at org.junit.platform.engine.support.hierarchical.NodeTestTask.lambda$executeRecursively$9(NodeTestTask.java:139)
	at org.junit.platform.engine.support.hierarchical.ThrowableCollector.execute(ThrowableCollector.java:73)
	at org.junit.platform.engine.support.hierarchical.NodeTestTask.executeRecursively(NodeTestTask.java:138)
	at org.junit.platform.engine.support.hierarchical.NodeTestTask.execute(NodeTestTask.java:95)
	at java.base/java.util.ArrayList.forEach(ArrayList.java:1596)
	at org.junit.platform.engine.support.hierarchical.SameThreadHierarchicalTestExecutorService.invokeAll(SameThreadHierarchicalTestExecutorService.java:41)
	at org.junit.platform.engine.support.hierarchical.NodeTestTask.lambda$executeRecursively$6(NodeTestTask.java:155)
	at org.junit.platform.engine.support.hierarchical.ThrowableCollector.execute(ThrowableCollector.java:73)
	at org.junit.platform.engine.support.hierarchical.NodeTestTask.lambda$executeRecursively$8(NodeTestTask.java:141)
	at org.junit.platform.engine.support.hierarchical.Node.around(Node.java:137)
	at org.junit.platform.engine.support.hierarchical.NodeTestTask.lambda$executeRecursively$9(NodeTestTask.java:139)
	at org.junit.platform.engine.support.hierarchical.ThrowableCollector.execute(ThrowableCollector.java:73)
	at org.junit.platform.engine.support.hierarchical.NodeTestTask.executeRecursively(NodeTestTask.java:138)
	at org.junit.platform.engine.support.hierarchical.NodeTestTask.execute(NodeTestTask.java:95)
	at org.junit.platform.engine.support.hierarchical.SameThreadHierarchicalTestExecutorService.submit(SameThreadHierarchicalTestExecutorService.java:35)
	at org.junit.platform.engine.support.hierarchical.HierarchicalTestExecutor.execute(HierarchicalTestExecutor.java:57)
	at org.junit.platform.engine.support.hierarchical.HierarchicalTestEngine.execute(HierarchicalTestEngine.java:54)
	at org.junit.platform.launcher.core.EngineExecutionOrchestrator.execute(EngineExecutionOrchestrator.java:198)
	at org.junit.platform.launcher.core.EngineExecutionOrchestrator.execute(EngineExecutionOrchestrator.java:169)
	at org.junit.platform.launcher.core.EngineExecutionOrchestrator.execute(EngineExecutionOrchestrator.java:93)
	at org.junit.platform.launcher.core.EngineExecutionOrchestrator.lambda$execute$0(EngineExecutionOrchestrator.java:58)
	at org.junit.platform.launcher.core.EngineExecutionOrchestrator.withInterceptedStreams(EngineExecutionOrchestrator.java:141)
	at org.junit.platform.launcher.core.EngineExecutionOrchestrator.execute(EngineExecutionOrchestrator.java:57)
	at org.junit.platform.launcher.core.DefaultLauncher.execute(DefaultLauncher.java:103)
	at org.junit.platform.launcher.core.DefaultLauncher.execute(DefaultLauncher.java:85)
	at org.junit.platform.launcher.core.DelegatingLauncher.execute(DelegatingLauncher.java:47)
	at org.apache.maven.surefire.junitplatform.LazyLauncher.execute(LazyLauncher.java:56)
	at org.apache.maven.surefire.junitplatform.JUnitPlatformProvider.execute(JUnitPlatformProvider.java:184)
	at org.apache.maven.surefire.junitplatform.JUnitPlatformProvider.invokeAllTests(JUnitPlatformProvider.java:148)
	at org.apache.maven.surefire.junitplatform.JUnitPlatformProvider.invoke(JUnitPlatformProvider.java:122)
	at org.apache.maven.surefire.booter.ForkedBooter.runSuitesInProcess(ForkedBooter.java:385)
	at org.apache.maven.surefire.booter.ForkedBooter.execute(ForkedBooter.java:162)
	at org.apache.maven.surefire.booter.ForkedBooter.run(ForkedBooter.java:507)
	at org.apache.maven.surefire.booter.ForkedBooter.main(ForkedBooter.java:495)
19:37:21.192 [main] ERROR com.marketdata.validator.validator.ValidatorEngine -- Per-feed validator THROUGHPUT threw on tick seq=1 feedId=test-feed: Cannot invoke "Object.hashCode()" because "key" is null
java.lang.NullPointerException: Cannot invoke "Object.hashCode()" because "key" is null
	at java.base/java.util.concurrent.ConcurrentHashMap.get(ConcurrentHashMap.java:936)
	at com.marketdata.validator.validator.ThroughputValidator.onTick(ThroughputValidator.java:104)
	at com.marketdata.validator.validator.ValidatorEngine.onTick(ValidatorEngine.java:144)
	at com.marketdata.validator.validator.ValidatorEngineTest.nullSymbolTickHandledGracefully(ValidatorEngineTest.java:291)
	at java.base/jdk.internal.reflect.DirectMethodHandleAccessor.invoke(DirectMethodHandleAccessor.java:103)
	at java.base/java.lang.reflect.Method.invoke(Method.java:580)
	at org.junit.platform.commons.util.ReflectionUtils.invokeMethod(ReflectionUtils.java:728)
	at org.junit.jupiter.engine.execution.MethodInvocation.proceed(MethodInvocation.java:60)
	at org.junit.jupiter.engine.execution.InvocationInterceptorChain$ValidatingInvocation.proceed(InvocationInterceptorChain.java:131)
	at org.junit.jupiter.engine.extension.TimeoutExtension.intercept(TimeoutExtension.java:156)
	at org.junit.jupiter.engine.extension.TimeoutExtension.interceptTestableMethod(TimeoutExtension.java:147)
	at org.junit.jupiter.engine.extension.TimeoutExtension.interceptTestMethod(TimeoutExtension.java:86)
	at org.junit.jupiter.engine.execution.InterceptingExecutableInvoker$ReflectiveInterceptorCall.lambda$ofVoidMethod$0(InterceptingExecutableInvoker.java:103)
	at org.junit.jupiter.engine.execution.InterceptingExecutableInvoker.lambda$invoke$0(InterceptingExecutableInvoker.java:93)
	at org.junit.jupiter.engine.execution.InvocationInterceptorChain$InterceptedInvocation.proceed(InvocationInterceptorChain.java:106)
	at org.junit.jupiter.engine.execution.InvocationInterceptorChain.proceed(InvocationInterceptorChain.java:64)
	at org.junit.jupiter.engine.execution.InvocationInterceptorChain.chainAndInvoke(InvocationInterceptorChain.java:45)
	at org.junit.jupiter.engine.execution.InvocationInterceptorChain.invoke(InvocationInterceptorChain.java:37)
	at org.junit.jupiter.engine.execution.InterceptingExecutableInvoker.invoke(InterceptingExecutableInvoker.java:92)
	at org.junit.jupiter.engine.execution.InterceptingExecutableInvoker.invoke(InterceptingExecutableInvoker.java:86)
	at org.junit.jupiter.engine.descriptor.TestMethodTestDescriptor.lambda$invokeTestMethod$7(TestMethodTestDescriptor.java:218)
	at org.junit.platform.engine.support.hierarchical.ThrowableCollector.execute(ThrowableCollector.java:73)
	at org.junit.jupiter.engine.descriptor.TestMethodTestDescriptor.invokeTestMethod(TestMethodTestDescriptor.java:214)
	at org.junit.jupiter.engine.descriptor.TestMethodTestDescriptor.execute(TestMethodTestDescriptor.java:139)
	at org.junit.jupiter.engine.descriptor.TestMethodTestDescriptor.execute(TestMethodTestDescriptor.java:69)
	at org.junit.platform.engine.support.hierarchical.NodeTestTask.lambda$executeRecursively$6(NodeTestTask.java:151)
	at org.junit.platform.engine.support.hierarchical.ThrowableCollector.execute(ThrowableCollector.java:73)
	at org.junit.platform.engine.support.hierarchical.NodeTestTask.lambda$executeRecursively$8(NodeTestTask.java:141)
	at org.junit.platform.engine.support.hierarchical.Node.around(Node.java:137)
	at org.junit.platform.engine.support.hierarchical.NodeTestTask.lambda$executeRecursively$9(NodeTestTask.java:139)
	at org.junit.platform.engine.support.hierarchical.ThrowableCollector.execute(ThrowableCollector.java:73)
	at org.junit.platform.engine.support.hierarchical.NodeTestTask.executeRecursively(NodeTestTask.java:138)
	at org.junit.platform.engine.support.hierarchical.NodeTestTask.execute(NodeTestTask.java:95)
	at java.base/java.util.ArrayList.forEach(ArrayList.java:1596)
	at org.junit.platform.engine.support.hierarchical.SameThreadHierarchicalTestExecutorService.invokeAll(SameThreadHierarchicalTestExecutorService.java:41)
	at org.junit.platform.engine.support.hierarchical.NodeTestTask.lambda$executeRecursively$6(NodeTestTask.java:155)
	at org.junit.platform.engine.support.hierarchical.ThrowableCollector.execute(ThrowableCollector.java:73)
	at org.junit.platform.engine.support.hierarchical.NodeTestTask.lambda$executeRecursively$8(NodeTestTask.java:141)
	at org.junit.platform.engine.support.hierarchical.Node.around(Node.java:137)
	at org.junit.platform.engine.support.hierarchical.NodeTestTask.lambda$executeRecursively$9(NodeTestTask.java:139)
	at org.junit.platform.engine.support.hierarchical.ThrowableCollector.execute(ThrowableCollector.java:73)
	at org.junit.platform.engine.support.hierarchical.NodeTestTask.executeRecursively(NodeTestTask.java:138)
	at org.junit.platform.engine.support.hierarchical.NodeTestTask.execute(NodeTestTask.java:95)
	at java.base/java.util.ArrayList.forEach(ArrayList.java:1596)
	at org.junit.platform.engine.support.hierarchical.SameThreadHierarchicalTestExecutorService.invokeAll(SameThreadHierarchicalTestExecutorService.java:41)
	at org.junit.platform.engine.support.hierarchical.NodeTestTask.lambda$executeRecursively$6(NodeTestTask.java:155)
	at org.junit.platform.engine.support.hierarchical.ThrowableCollector.execute(ThrowableCollector.java:73)
	at org.junit.platform.engine.support.hierarchical.NodeTestTask.lambda$executeRecursively$8(NodeTestTask.java:141)
	at org.junit.platform.engine.support.hierarchical.Node.around(Node.java:137)
	at org.junit.platform.engine.support.hierarchical.NodeTestTask.lambda$executeRecursively$9(NodeTestTask.java:139)
	at org.junit.platform.engine.support.hierarchical.ThrowableCollector.execute(ThrowableCollector.java:73)
	at org.junit.platform.engine.support.hierarchical.NodeTestTask.executeRecursively(NodeTestTask.java:138)
	at org.junit.platform.engine.support.hierarchical.NodeTestTask.execute(NodeTestTask.java:95)
	at org.junit.platform.engine.support.hierarchical.SameThreadHierarchicalTestExecutorService.submit(SameThreadHierarchicalTestExecutorService.java:35)
	at org.junit.platform.engine.support.hierarchical.HierarchicalTestExecutor.execute(HierarchicalTestExecutor.java:57)
	at org.junit.platform.engine.support.hierarchical.HierarchicalTestEngine.execute(HierarchicalTestEngine.java:54)
	at org.junit.platform.launcher.core.EngineExecutionOrchestrator.execute(EngineExecutionOrchestrator.java:198)
	at org.junit.platform.launcher.core.EngineExecutionOrchestrator.execute(EngineExecutionOrchestrator.java:169)
	at org.junit.platform.launcher.core.EngineExecutionOrchestrator.execute(EngineExecutionOrchestrator.java:93)
	at org.junit.platform.launcher.core.EngineExecutionOrchestrator.lambda$execute$0(EngineExecutionOrchestrator.java:58)
	at org.junit.platform.launcher.core.EngineExecutionOrchestrator.withInterceptedStreams(EngineExecutionOrchestrator.java:141)
	at org.junit.platform.launcher.core.EngineExecutionOrchestrator.execute(EngineExecutionOrchestrator.java:57)
	at org.junit.platform.launcher.core.DefaultLauncher.execute(DefaultLauncher.java:103)
	at org.junit.platform.launcher.core.DefaultLauncher.execute(DefaultLauncher.java:85)
	at org.junit.platform.launcher.core.DelegatingLauncher.execute(DelegatingLauncher.java:47)
	at org.apache.maven.surefire.junitplatform.LazyLauncher.execute(LazyLauncher.java:56)
	at org.apache.maven.surefire.junitplatform.JUnitPlatformProvider.execute(JUnitPlatformProvider.java:184)
	at org.apache.maven.surefire.junitplatform.JUnitPlatformProvider.invokeAllTests(JUnitPlatformProvider.java:148)
	at org.apache.maven.surefire.junitplatform.JUnitPlatformProvider.invoke(JUnitPlatformProvider.java:122)
	at org.apache.maven.surefire.booter.ForkedBooter.runSuitesInProcess(ForkedBooter.java:385)
	at org.apache.maven.surefire.booter.ForkedBooter.execute(ForkedBooter.java:162)
	at org.apache.maven.surefire.booter.ForkedBooter.run(ForkedBooter.java:507)
	at org.apache.maven.surefire.booter.ForkedBooter.main(ForkedBooter.java:495)
19:37:21.192 [main] ERROR com.marketdata.validator.validator.ValidatorEngine -- Per-feed validator SUBSCRIPTION threw on tick seq=1 feedId=test-feed: Cannot invoke "Object.hashCode()" because "key" is null
java.lang.NullPointerException: Cannot invoke "Object.hashCode()" because "key" is null
	at java.base/java.util.concurrent.ConcurrentHashMap.get(ConcurrentHashMap.java:936)
	at com.marketdata.validator.validator.SubscriptionValidator.onTick(SubscriptionValidator.java:90)
	at com.marketdata.validator.validator.ValidatorEngine.onTick(ValidatorEngine.java:144)
	at com.marketdata.validator.validator.ValidatorEngineTest.nullSymbolTickHandledGracefully(ValidatorEngineTest.java:291)
	at java.base/jdk.internal.reflect.DirectMethodHandleAccessor.invoke(DirectMethodHandleAccessor.java:103)
	at java.base/java.lang.reflect.Method.invoke(Method.java:580)
	at org.junit.platform.commons.util.ReflectionUtils.invokeMethod(ReflectionUtils.java:728)
	at org.junit.jupiter.engine.execution.MethodInvocation.proceed(MethodInvocation.java:60)
	at org.junit.jupiter.engine.execution.InvocationInterceptorChain$ValidatingInvocation.proceed(InvocationInterceptorChain.java:131)
	at org.junit.jupiter.engine.extension.TimeoutExtension.intercept(TimeoutExtension.java:156)
	at org.junit.jupiter.engine.extension.TimeoutExtension.interceptTestableMethod(TimeoutExtension.java:147)
	at org.junit.jupiter.engine.extension.TimeoutExtension.interceptTestMethod(TimeoutExtension.java:86)
	at org.junit.jupiter.engine.execution.InterceptingExecutableInvoker$ReflectiveInterceptorCall.lambda$ofVoidMethod$0(InterceptingExecutableInvoker.java:103)
	at org.junit.jupiter.engine.execution.InterceptingExecutableInvoker.lambda$invoke$0(InterceptingExecutableInvoker.java:93)
	at org.junit.jupiter.engine.execution.InvocationInterceptorChain$InterceptedInvocation.proceed(InvocationInterceptorChain.java:106)
	at org.junit.jupiter.engine.execution.InvocationInterceptorChain.proceed(InvocationInterceptorChain.java:64)
	at org.junit.jupiter.engine.execution.InvocationInterceptorChain.chainAndInvoke(InvocationInterceptorChain.java:45)
	at org.junit.jupiter.engine.execution.InvocationInterceptorChain.invoke(InvocationInterceptorChain.java:37)
	at org.junit.jupiter.engine.execution.InterceptingExecutableInvoker.invoke(InterceptingExecutableInvoker.java:92)
	at org.junit.jupiter.engine.execution.InterceptingExecutableInvoker.invoke(InterceptingExecutableInvoker.java:86)
	at org.junit.jupiter.engine.descriptor.TestMethodTestDescriptor.lambda$invokeTestMethod$7(TestMethodTestDescriptor.java:218)
	at org.junit.platform.engine.support.hierarchical.ThrowableCollector.execute(ThrowableCollector.java:73)
	at org.junit.jupiter.engine.descriptor.TestMethodTestDescriptor.invokeTestMethod(TestMethodTestDescriptor.java:214)
	at org.junit.jupiter.engine.descriptor.TestMethodTestDescriptor.execute(TestMethodTestDescriptor.java:139)
	at org.junit.jupiter.engine.descriptor.TestMethodTestDescriptor.execute(TestMethodTestDescriptor.java:69)
	at org.junit.platform.engine.support.hierarchical.NodeTestTask.lambda$executeRecursively$6(NodeTestTask.java:151)
	at org.junit.platform.engine.support.hierarchical.ThrowableCollector.execute(ThrowableCollector.java:73)
	at org.junit.platform.engine.support.hierarchical.NodeTestTask.lambda$executeRecursively$8(NodeTestTask.java:141)
	at org.junit.platform.engine.support.hierarchical.Node.around(Node.java:137)
	at org.junit.platform.engine.support.hierarchical.NodeTestTask.lambda$executeRecursively$9(NodeTestTask.java:139)
	at org.junit.platform.engine.support.hierarchical.ThrowableCollector.execute(ThrowableCollector.java:73)
	at org.junit.platform.engine.support.hierarchical.NodeTestTask.executeRecursively(NodeTestTask.java:138)
	at org.junit.platform.engine.support.hierarchical.NodeTestTask.execute(NodeTestTask.java:95)
	at java.base/java.util.ArrayList.forEach(ArrayList.java:1596)
	at org.junit.platform.engine.support.hierarchical.SameThreadHierarchicalTestExecutorService.invokeAll(SameThreadHierarchicalTestExecutorService.java:41)
	at org.junit.platform.engine.support.hierarchical.NodeTestTask.lambda$executeRecursively$6(NodeTestTask.java:155)
	at org.junit.platform.engine.support.hierarchical.ThrowableCollector.execute(ThrowableCollector.java:73)
	at org.junit.platform.engine.support.hierarchical.NodeTestTask.lambda$executeRecursively$8(NodeTestTask.java:141)
	at org.junit.platform.engine.support.hierarchical.Node.around(Node.java:137)
	at org.junit.platform.engine.support.hierarchical.NodeTestTask.lambda$executeRecursively$9(NodeTestTask.java:139)
	at org.junit.platform.engine.support.hierarchical.ThrowableCollector.execute(ThrowableCollector.java:73)
	at org.junit.platform.engine.support.hierarchical.NodeTestTask.executeRecursively(NodeTestTask.java:138)
	at org.junit.platform.engine.support.hierarchical.NodeTestTask.execute(NodeTestTask.java:95)
	at java.base/java.util.ArrayList.forEach(ArrayList.java:1596)
	at org.junit.platform.engine.support.hierarchical.SameThreadHierarchicalTestExecutorService.invokeAll(SameThreadHierarchicalTestExecutorService.java:41)
	at org.junit.platform.engine.support.hierarchical.NodeTestTask.lambda$executeRecursively$6(NodeTestTask.java:155)
	at org.junit.platform.engine.support.hierarchical.ThrowableCollector.execute(ThrowableCollector.java:73)
	at org.junit.platform.engine.support.hierarchical.NodeTestTask.lambda$executeRecursively$8(NodeTestTask.java:141)
	at org.junit.platform.engine.support.hierarchical.Node.around(Node.java:137)
	at org.junit.platform.engine.support.hierarchical.NodeTestTask.lambda$executeRecursively$9(NodeTestTask.java:139)
	at org.junit.platform.engine.support.hierarchical.ThrowableCollector.execute(ThrowableCollector.java:73)
	at org.junit.platform.engine.support.hierarchical.NodeTestTask.executeRecursively(NodeTestTask.java:138)
	at org.junit.platform.engine.support.hierarchical.NodeTestTask.execute(NodeTestTask.java:95)
	at org.junit.platform.engine.support.hierarchical.SameThreadHierarchicalTestExecutorService.submit(SameThreadHierarchicalTestExecutorService.java:35)
	at org.junit.platform.engine.support.hierarchical.HierarchicalTestExecutor.execute(HierarchicalTestExecutor.java:57)
	at org.junit.platform.engine.support.hierarchical.HierarchicalTestEngine.execute(HierarchicalTestEngine.java:54)
	at org.junit.platform.launcher.core.EngineExecutionOrchestrator.execute(EngineExecutionOrchestrator.java:198)
	at org.junit.platform.launcher.core.EngineExecutionOrchestrator.execute(EngineExecutionOrchestrator.java:169)
	at org.junit.platform.launcher.core.EngineExecutionOrchestrator.execute(EngineExecutionOrchestrator.java:93)
	at org.junit.platform.launcher.core.EngineExecutionOrchestrator.lambda$execute$0(EngineExecutionOrchestrator.java:58)
	at org.junit.platform.launcher.core.EngineExecutionOrchestrator.withInterceptedStreams(EngineExecutionOrchestrator.java:141)
	at org.junit.platform.launcher.core.EngineExecutionOrchestrator.execute(EngineExecutionOrchestrator.java:57)
	at org.junit.platform.launcher.core.DefaultLauncher.execute(DefaultLauncher.java:103)
	at org.junit.platform.launcher.core.DefaultLauncher.execute(DefaultLauncher.java:85)
	at org.junit.platform.launcher.core.DelegatingLauncher.execute(DelegatingLauncher.java:47)
	at org.apache.maven.surefire.junitplatform.LazyLauncher.execute(LazyLauncher.java:56)
	at org.apache.maven.surefire.junitplatform.JUnitPlatformProvider.execute(JUnitPlatformProvider.java:184)
	at org.apache.maven.surefire.junitplatform.JUnitPlatformProvider.invokeAllTests(JUnitPlatformProvider.java:148)
	at org.apache.maven.surefire.junitplatform.JUnitPlatformProvider.invoke(JUnitPlatformProvider.java:122)
	at org.apache.maven.surefire.booter.ForkedBooter.runSuitesInProcess(ForkedBooter.java:385)
	at org.apache.maven.surefire.booter.ForkedBooter.execute(ForkedBooter.java:162)
	at org.apache.maven.surefire.booter.ForkedBooter.run(ForkedBooter.java:507)
	at org.apache.maven.surefire.booter.ForkedBooter.main(ForkedBooter.java:495)
19:37:21.192 [main] ERROR com.marketdata.validator.validator.ValidatorEngine -- Per-feed validator STATEFUL threw on tick seq=1 feedId=test-feed: Cannot invoke "Object.hashCode()" because "key" is null
java.lang.NullPointerException: Cannot invoke "Object.hashCode()" because "key" is null
	at java.base/java.util.concurrent.ConcurrentHashMap.get(ConcurrentHashMap.java:936)
	at com.marketdata.validator.validator.StatefulValidator.onTick(StatefulValidator.java:94)
	at com.marketdata.validator.validator.ValidatorEngine.onTick(ValidatorEngine.java:144)
	at com.marketdata.validator.validator.ValidatorEngineTest.nullSymbolTickHandledGracefully(ValidatorEngineTest.java:291)
	at java.base/jdk.internal.reflect.DirectMethodHandleAccessor.invoke(DirectMethodHandleAccessor.java:103)
	at java.base/java.lang.reflect.Method.invoke(Method.java:580)
	at org.junit.platform.commons.util.ReflectionUtils.invokeMethod(ReflectionUtils.java:728)
	at org.junit.jupiter.engine.execution.MethodInvocation.proceed(MethodInvocation.java:60)
	at org.junit.jupiter.engine.execution.InvocationInterceptorChain$ValidatingInvocation.proceed(InvocationInterceptorChain.java:131)
	at org.junit.jupiter.engine.extension.TimeoutExtension.intercept(TimeoutExtension.java:156)
	at org.junit.jupiter.engine.extension.TimeoutExtension.interceptTestableMethod(TimeoutExtension.java:147)
	at org.junit.jupiter.engine.extension.TimeoutExtension.interceptTestMethod(TimeoutExtension.java:86)
	at org.junit.jupiter.engine.execution.InterceptingExecutableInvoker$ReflectiveInterceptorCall.lambda$ofVoidMethod$0(InterceptingExecutableInvoker.java:103)
	at org.junit.jupiter.engine.execution.InterceptingExecutableInvoker.lambda$invoke$0(InterceptingExecutableInvoker.java:93)
	at org.junit.jupiter.engine.execution.InvocationInterceptorChain$InterceptedInvocation.proceed(InvocationInterceptorChain.java:106)
	at org.junit.jupiter.engine.execution.InvocationInterceptorChain.proceed(InvocationInterceptorChain.java:64)
	at org.junit.jupiter.engine.execution.InvocationInterceptorChain.chainAndInvoke(InvocationInterceptorChain.java:45)
	at org.junit.jupiter.engine.execution.InvocationInterceptorChain.invoke(InvocationInterceptorChain.java:37)
	at org.junit.jupiter.engine.execution.InterceptingExecutableInvoker.invoke(InterceptingExecutableInvoker.java:92)
	at org.junit.jupiter.engine.execution.InterceptingExecutableInvoker.invoke(InterceptingExecutableInvoker.java:86)
	at org.junit.jupiter.engine.descriptor.TestMethodTestDescriptor.lambda$invokeTestMethod$7(TestMethodTestDescriptor.java:218)
	at org.junit.platform.engine.support.hierarchical.ThrowableCollector.execute(ThrowableCollector.java:73)
	at org.junit.jupiter.engine.descriptor.TestMethodTestDescriptor.invokeTestMethod(TestMethodTestDescriptor.java:214)
	at org.junit.jupiter.engine.descriptor.TestMethodTestDescriptor.execute(TestMethodTestDescriptor.java:139)
	at org.junit.jupiter.engine.descriptor.TestMethodTestDescriptor.execute(TestMethodTestDescriptor.java:69)
	at org.junit.platform.engine.support.hierarchical.NodeTestTask.lambda$executeRecursively$6(NodeTestTask.java:151)
	at org.junit.platform.engine.support.hierarchical.ThrowableCollector.execute(ThrowableCollector.java:73)
	at org.junit.platform.engine.support.hierarchical.NodeTestTask.lambda$executeRecursively$8(NodeTestTask.java:141)
	at org.junit.platform.engine.support.hierarchical.Node.around(Node.java:137)
	at org.junit.platform.engine.support.hierarchical.NodeTestTask.lambda$executeRecursively$9(NodeTestTask.java:139)
	at org.junit.platform.engine.support.hierarchical.ThrowableCollector.execute(ThrowableCollector.java:73)
	at org.junit.platform.engine.support.hierarchical.NodeTestTask.executeRecursively(NodeTestTask.java:138)
	at org.junit.platform.engine.support.hierarchical.NodeTestTask.execute(NodeTestTask.java:95)
	at java.base/java.util.ArrayList.forEach(ArrayList.java:1596)
	at org.junit.platform.engine.support.hierarchical.SameThreadHierarchicalTestExecutorService.invokeAll(SameThreadHierarchicalTestExecutorService.java:41)
	at org.junit.platform.engine.support.hierarchical.NodeTestTask.lambda$executeRecursively$6(NodeTestTask.java:155)
	at org.junit.platform.engine.support.hierarchical.ThrowableCollector.execute(ThrowableCollector.java:73)
	at org.junit.platform.engine.support.hierarchical.NodeTestTask.lambda$executeRecursively$8(NodeTestTask.java:141)
	at org.junit.platform.engine.support.hierarchical.Node.around(Node.java:137)
	at org.junit.platform.engine.support.hierarchical.NodeTestTask.lambda$executeRecursively$9(NodeTestTask.java:139)
	at org.junit.platform.engine.support.hierarchical.ThrowableCollector.execute(ThrowableCollector.java:73)
	at org.junit.platform.engine.support.hierarchical.NodeTestTask.executeRecursively(NodeTestTask.java:138)
	at org.junit.platform.engine.support.hierarchical.NodeTestTask.execute(NodeTestTask.java:95)
	at java.base/java.util.ArrayList.forEach(ArrayList.java:1596)
	at org.junit.platform.engine.support.hierarchical.SameThreadHierarchicalTestExecutorService.invokeAll(SameThreadHierarchicalTestExecutorService.java:41)
	at org.junit.platform.engine.support.hierarchical.NodeTestTask.lambda$executeRecursively$6(NodeTestTask.java:155)
	at org.junit.platform.engine.support.hierarchical.ThrowableCollector.execute(ThrowableCollector.java:73)
	at org.junit.platform.engine.support.hierarchical.NodeTestTask.lambda$executeRecursively$8(NodeTestTask.java:141)
	at org.junit.platform.engine.support.hierarchical.Node.around(Node.java:137)
	at org.junit.platform.engine.support.hierarchical.NodeTestTask.lambda$executeRecursively$9(NodeTestTask.java:139)
	at org.junit.platform.engine.support.hierarchical.ThrowableCollector.execute(ThrowableCollector.java:73)
	at org.junit.platform.engine.support.hierarchical.NodeTestTask.executeRecursively(NodeTestTask.java:138)
	at org.junit.platform.engine.support.hierarchical.NodeTestTask.execute(NodeTestTask.java:95)
	at org.junit.platform.engine.support.hierarchical.SameThreadHierarchicalTestExecutorService.submit(SameThreadHierarchicalTestExecutorService.java:35)
	at org.junit.platform.engine.support.hierarchical.HierarchicalTestExecutor.execute(HierarchicalTestExecutor.java:57)
	at org.junit.platform.engine.support.hierarchical.HierarchicalTestEngine.execute(HierarchicalTestEngine.java:54)
	at org.junit.platform.launcher.core.EngineExecutionOrchestrator.execute(EngineExecutionOrchestrator.java:198)
	at org.junit.platform.launcher.core.EngineExecutionOrchestrator.execute(EngineExecutionOrchestrator.java:169)
	at org.junit.platform.launcher.core.EngineExecutionOrchestrator.execute(EngineExecutionOrchestrator.java:93)
	at org.junit.platform.launcher.core.EngineExecutionOrchestrator.lambda$execute$0(EngineExecutionOrchestrator.java:58)
	at org.junit.platform.launcher.core.EngineExecutionOrchestrator.withInterceptedStreams(EngineExecutionOrchestrator.java:141)
	at org.junit.platform.launcher.core.EngineExecutionOrchestrator.execute(EngineExecutionOrchestrator.java:57)
	at org.junit.platform.launcher.core.DefaultLauncher.execute(DefaultLauncher.java:103)
	at org.junit.platform.launcher.core.DefaultLauncher.execute(DefaultLauncher.java:85)
	at org.junit.platform.launcher.core.DelegatingLauncher.execute(DelegatingLauncher.java:47)
	at org.apache.maven.surefire.junitplatform.LazyLauncher.execute(LazyLauncher.java:56)
	at org.apache.maven.surefire.junitplatform.JUnitPlatformProvider.execute(JUnitPlatformProvider.java:184)
	at org.apache.maven.surefire.junitplatform.JUnitPlatformProvider.invokeAllTests(JUnitPlatformProvider.java:148)
	at org.apache.maven.surefire.junitplatform.JUnitPlatformProvider.invoke(JUnitPlatformProvider.java:122)
	at org.apache.maven.surefire.booter.ForkedBooter.runSuitesInProcess(ForkedBooter.java:385)
	at org.apache.maven.surefire.booter.ForkedBooter.execute(ForkedBooter.java:162)
	at org.apache.maven.surefire.booter.ForkedBooter.run(ForkedBooter.java:507)
	at org.apache.maven.surefire.booter.ForkedBooter.main(ForkedBooter.java:495)
19:37:21.197 [main] WARN com.marketdata.validator.validator.ValidatorEngine -- Validation FAIL: validator=ACCURACY symbol=BTCUSDT status=FAIL value=0.0 threshold=99.99
[INFO] Tests run: 29, Failures: 0, Errors: 0, Skipped: 0, Time elapsed: 0.198 s -- in com.marketdata.validator.validator.ValidatorEngineTest
[INFO] Running com.marketdata.validator.validator.ReconnectionValidatorTest
19:37:21.201 [main] WARN com.marketdata.validator.validator.ReconnectionValidator -- Reconnect FAILED for connection=conn-2
19:37:21.207 [main] WARN com.marketdata.validator.validator.ReconnectionValidator -- Reconnect FAILED for connection=conn-1
19:37:21.212 [main] WARN com.marketdata.validator.validator.ReconnectionValidator -- Reconnect FAILED for connection=conn-2
[INFO] Tests run: 18, Failures: 0, Errors: 0, Skipped: 0, Time elapsed: 0.016 s -- in com.marketdata.validator.validator.ReconnectionValidatorTest
[INFO] Running com.marketdata.validator.validator.LatencyValidatorTest
[INFO] Tests run: 26, Failures: 0, Errors: 0, Skipped: 0, Time elapsed: 0.072 s -- in com.marketdata.validator.validator.LatencyValidatorTest
[INFO] Running com.marketdata.validator.validator.SourceValidatorTest
WARNING: A Java agent has been loaded dynamically (/Users/ganeshpalanisamy/.m2/repository/net/bytebuddy/byte-buddy-agent/1.14.16/byte-buddy-agent-1.14.16.jar)
WARNING: If a serviceability tool is in use, please run with -XX:+EnableDynamicAgentLoading to hide this warning
WARNING: If a serviceability tool is not in use, please run with -Djdk.instrument.traceUsage for more information
WARNING: Dynamic loading of agents will be disallowed by default in a future release
Java HotSpot(TM) 64-Bit Server VM warning: Sharing is only supported for boot loader classes because bootstrap classpath has been appended
[INFO] Tests run: 12, Failures: 0, Errors: 0, Skipped: 0, Time elapsed: 0.948 s -- in com.marketdata.validator.validator.SourceValidatorTest
[INFO] Running com.marketdata.validator.validator.ValidatorEngineFieldGateTest
19:37:22.249 [main] INFO com.marketdata.validator.validator.ValidatorEngine -- All validators reset (global + per-feed)
19:37:22.251 [main] ERROR com.marketdata.validator.validator.ValidatorEngine -- Validator ACCURACY threw exception on tick seq=1: null
java.lang.NullPointerException: null
19:37:22.251 [main] ERROR com.marketdata.validator.validator.ValidatorEngine -- Per-feed validator ACCURACY threw on tick seq=1 feedId=feed-1: null
java.lang.NullPointerException: null
19:37:22.251 [main] ERROR com.marketdata.validator.validator.ValidatorEngine -- Per-feed validator ORDERING threw on tick seq=1 feedId=feed-1: null
java.lang.NullPointerException: null
19:37:22.251 [main] ERROR com.marketdata.validator.validator.ValidatorEngine -- Per-feed validator LATENCY threw on tick seq=1 feedId=feed-1: null
java.lang.NullPointerException: null
19:37:22.251 [main] ERROR com.marketdata.validator.validator.ValidatorEngine -- Per-feed validator COMPLETENESS threw on tick seq=1 feedId=feed-1: null
java.lang.NullPointerException: null
19:37:22.251 [main] ERROR com.marketdata.validator.validator.ValidatorEngine -- Per-feed validator THROUGHPUT threw on tick seq=1 feedId=feed-1: null
java.lang.NullPointerException: null
19:37:22.252 [main] ERROR com.marketdata.validator.validator.ValidatorEngine -- Per-feed validator SUBSCRIPTION threw on tick seq=1 feedId=feed-1: null
java.lang.NullPointerException: null
19:37:22.252 [main] ERROR com.marketdata.validator.validator.ValidatorEngine -- Per-feed validator STATEFUL threw on tick seq=1 feedId=feed-1: null
java.lang.NullPointerException: null
[INFO] Tests run: 5, Failures: 0, Errors: 0, Skipped: 0, Time elapsed: 0.012 s -- in com.marketdata.validator.validator.ValidatorEngineFieldGateTest
[INFO] Running com.marketdata.validator.validator.CompletenessValidatorTest
[INFO] Tests run: 27, Failures: 0, Errors: 0, Skipped: 0, Time elapsed: 0.038 s -- in com.marketdata.validator.validator.CompletenessValidatorTest
[INFO] Running com.marketdata.validator.validator.BackpressureQueueTest
19:37:22.302 [main] INFO com.marketdata.validator.validator.BackpressureQueue -- BackpressureQueue started: capacity=3 policy=DROP_OLDEST event=queue_started
19:37:22.302 [main] INFO com.marketdata.validator.validator.BackpressureQueue -- BackpressureQueue shutdown initiated
19:37:22.303 [backpressure-consumer] INFO com.marketdata.validator.validator.BackpressureQueue -- BackpressureQueue consumer stopped
19:37:22.459 [main] INFO com.marketdata.validator.validator.BackpressureQueue -- BackpressureQueue shutdown initiated
19:37:22.461 [main] INFO com.marketdata.validator.validator.BackpressureQueue -- BackpressureQueue started: capacity=100 policy=DROP_OLDEST event=queue_started
19:37:22.471 [main] INFO com.marketdata.validator.validator.BackpressureQueue -- BackpressureQueue shutdown initiated
19:37:22.471 [backpressure-consumer] INFO com.marketdata.validator.validator.BackpressureQueue -- BackpressureQueue consumer stopped
19:37:22.472 [main] INFO com.marketdata.validator.validator.BackpressureQueue -- BackpressureQueue started: capacity=100 policy=DROP_OLDEST event=queue_started
19:37:22.472 [main] INFO com.marketdata.validator.validator.BackpressureQueue -- BackpressureQueue shutdown initiated
19:37:22.472 [backpressure-consumer] INFO com.marketdata.validator.validator.BackpressureQueue -- BackpressureQueue consumer stopped
19:37:22.675 [main] INFO com.marketdata.validator.validator.BackpressureQueue -- BackpressureQueue shutdown initiated
19:37:22.678 [main] INFO com.marketdata.validator.validator.BackpressureQueue -- BackpressureQueue started: capacity=50 policy=DROP_OLDEST event=queue_started
19:37:22.678 [backpressure-consumer] INFO com.marketdata.validator.validator.BackpressureQueue -- BackpressureQueue consumer stopped
19:37:22.678 [main] INFO com.marketdata.validator.validator.BackpressureQueue -- BackpressureQueue shutdown initiated
19:37:22.840 [main] INFO com.marketdata.validator.validator.BackpressureQueue -- BackpressureQueue shutdown initiated
19:37:22.841 [main] INFO com.marketdata.validator.validator.BackpressureQueue -- BackpressureQueue started: capacity=100 policy=DROP_OLDEST event=queue_started
19:37:22.854 [main] INFO com.marketdata.validator.validator.BackpressureQueue -- BackpressureQueue shutdown initiated
19:37:22.854 [backpressure-consumer] INFO com.marketdata.validator.validator.BackpressureQueue -- BackpressureQueue consumer stopped
19:37:22.855 [main] INFO com.marketdata.validator.validator.BackpressureQueue -- BackpressureQueue started: capacity=100 policy=DROP_OLDEST event=queue_started
19:37:22.855 [main] INFO com.marketdata.validator.validator.BackpressureQueue -- BackpressureQueue shutdown initiated
19:37:22.855 [backpressure-consumer] INFO com.marketdata.validator.validator.BackpressureQueue -- BackpressureQueue consumer stopped
19:37:22.856 [main] INFO com.marketdata.validator.validator.BackpressureQueue -- BackpressureQueue started: capacity=100 policy=DROP_OLDEST event=queue_started
19:37:22.856 [main] INFO com.marketdata.validator.validator.BackpressureQueue -- BackpressureQueue shutdown initiated
19:37:22.856 [backpressure-consumer] INFO com.marketdata.validator.validator.BackpressureQueue -- BackpressureQueue consumer stopped
19:37:22.857 [main] INFO com.marketdata.validator.validator.BackpressureQueue -- BackpressureQueue started: capacity=3 policy=DROP_NEWEST event=queue_started
19:37:22.857 [main] INFO com.marketdata.validator.validator.BackpressureQueue -- BackpressureQueue shutdown initiated
19:37:22.857 [backpressure-consumer] INFO com.marketdata.validator.validator.BackpressureQueue -- BackpressureQueue consumer stopped
19:37:23.009 [main] INFO com.marketdata.validator.validator.BackpressureQueue -- BackpressureQueue shutdown initiated
19:37:23.011 [main] INFO com.marketdata.validator.validator.BackpressureQueue -- BackpressureQueue started: capacity=1000 policy=DROP_OLDEST event=queue_started
19:37:23.031 [main] INFO com.marketdata.validator.validator.BackpressureQueue -- BackpressureQueue shutdown initiated
19:37:23.031 [backpressure-consumer] INFO com.marketdata.validator.validator.BackpressureQueue -- BackpressureQueue consumer stopped
19:37:23.032 [main] INFO com.marketdata.validator.validator.BackpressureQueue -- BackpressureQueue started: capacity=5 policy=DROP_OLDEST event=queue_started
19:37:23.032 [main] INFO com.marketdata.validator.validator.BackpressureQueue -- BackpressureQueue shutdown initiated
19:37:23.032 [backpressure-consumer] INFO com.marketdata.validator.validator.BackpressureQueue -- BackpressureQueue consumer stopped
19:37:23.186 [main] INFO com.marketdata.validator.validator.BackpressureQueue -- BackpressureQueue shutdown initiated
19:37:23.188 [main] INFO com.marketdata.validator.validator.BackpressureQueue -- BackpressureQueue started: capacity=100 policy=DROP_OLDEST event=queue_started
19:37:23.188 [main] INFO com.marketdata.validator.validator.BackpressureQueue -- BackpressureQueue shutdown initiated
19:37:23.189 [backpressure-consumer] INFO com.marketdata.validator.validator.BackpressureQueue -- BackpressureQueue consumer stopped
19:37:23.189 [main] INFO com.marketdata.validator.validator.BackpressureQueue -- BackpressureQueue started: capacity=500 policy=DROP_OLDEST event=queue_started
19:37:23.189 [main] INFO com.marketdata.validator.validator.BackpressureQueue -- BackpressureQueue shutdown initiated
19:37:23.189 [backpressure-consumer] INFO com.marketdata.validator.validator.BackpressureQueue -- BackpressureQueue consumer stopped
19:37:23.190 [main] INFO com.marketdata.validator.validator.BackpressureQueue -- BackpressureQueue started: capacity=100 policy=DROP_OLDEST event=queue_started
19:37:23.190 [main] INFO com.marketdata.validator.validator.BackpressureQueue -- BackpressureQueue shutdown initiated
19:37:23.190 [backpressure-consumer] INFO com.marketdata.validator.validator.BackpressureQueue -- BackpressureQueue consumer stopped
19:37:23.343 [main] INFO com.marketdata.validator.validator.BackpressureQueue -- BackpressureQueue shutdown initiated
19:37:23.344 [main] INFO com.marketdata.validator.validator.BackpressureQueue -- BackpressureQueue started: capacity=5000 policy=DROP_OLDEST event=queue_started
19:37:23.366 [main] INFO com.marketdata.validator.validator.BackpressureQueue -- BackpressureQueue shutdown initiated
19:37:23.366 [backpressure-consumer] INFO com.marketdata.validator.validator.BackpressureQueue -- BackpressureQueue consumer stopped
19:37:23.368 [main] INFO com.marketdata.validator.validator.BackpressureQueue -- BackpressureQueue started: capacity=100 policy=DROP_NEWEST event=queue_started
19:37:23.368 [main] INFO com.marketdata.validator.validator.BackpressureQueue -- BackpressureQueue shutdown initiated
19:37:23.368 [backpressure-consumer] INFO com.marketdata.validator.validator.BackpressureQueue -- BackpressureQueue consumer stopped
19:37:23.369 [main] INFO com.marketdata.validator.validator.BackpressureQueue -- BackpressureQueue started: capacity=5 policy=DROP_OLDEST event=queue_started
19:37:23.369 [main] INFO com.marketdata.validator.validator.BackpressureQueue -- BackpressureQueue shutdown initiated
19:37:23.369 [backpressure-consumer] INFO com.marketdata.validator.validator.BackpressureQueue -- BackpressureQueue consumer stopped
19:37:23.534 [main] INFO com.marketdata.validator.validator.BackpressureQueue -- BackpressureQueue shutdown initiated
19:37:23.537 [main] INFO com.marketdata.validator.validator.BackpressureQueue -- BackpressureQueue started: capacity=100 policy=DROP_OLDEST event=queue_started
19:37:23.537 [main] INFO com.marketdata.validator.validator.BackpressureQueue -- BackpressureQueue shutdown initiated
19:37:23.537 [backpressure-consumer] INFO com.marketdata.validator.validator.BackpressureQueue -- BackpressureQueue consumer stopped
19:37:23.692 [main] INFO com.marketdata.validator.validator.BackpressureQueue -- BackpressureQueue shutdown initiated
19:37:23.694 [main] INFO com.marketdata.validator.validator.BackpressureQueue -- BackpressureQueue started: capacity=3 policy=DROP_OLDEST event=queue_started
19:37:23.694 [main] INFO com.marketdata.validator.validator.BackpressureQueue -- BackpressureQueue shutdown initiated
19:37:23.694 [backpressure-consumer] INFO com.marketdata.validator.validator.BackpressureQueue -- BackpressureQueue consumer stopped
19:37:23.845 [main] INFO com.marketdata.validator.validator.BackpressureQueue -- BackpressureQueue shutdown initiated
19:37:23.847 [main] INFO com.marketdata.validator.validator.BackpressureQueue -- BackpressureQueue started: capacity=100 policy=DROP_OLDEST event=queue_started
19:37:23.847 [backpressure-consumer] ERROR com.marketdata.validator.validator.ValidatorEngine -- Validator TEST threw exception on tick seq=1: Boom on first tick
java.lang.RuntimeException: Boom on first tick
	at com.marketdata.validator.validator.BackpressureQueueTest$1.onTick(BackpressureQueueTest.java:253)
	at com.marketdata.validator.validator.ValidatorEngine.onTick(ValidatorEngine.java:128)
	at com.marketdata.validator.validator.BackpressureQueue.consumeLoop(BackpressureQueue.java:138)
	at java.base/java.lang.Thread.run(Thread.java:1583)
19:37:23.858 [main] INFO com.marketdata.validator.validator.BackpressureQueue -- BackpressureQueue shutdown initiated
19:37:23.858 [backpressure-consumer] INFO com.marketdata.validator.validator.BackpressureQueue -- BackpressureQueue consumer stopped
19:37:23.860 [main] INFO com.marketdata.validator.validator.BackpressureQueue -- BackpressureQueue started: capacity=100 policy=DROP_NEWEST event=queue_started
19:37:23.860 [main] INFO com.marketdata.validator.validator.BackpressureQueue -- BackpressureQueue shutdown initiated
19:37:23.860 [backpressure-consumer] INFO com.marketdata.validator.validator.BackpressureQueue -- BackpressureQueue consumer stopped
19:37:23.861 [main] INFO com.marketdata.validator.validator.BackpressureQueue -- BackpressureQueue started: capacity=10 policy=DROP_NEWEST event=queue_started
19:37:23.874 [main] INFO com.marketdata.validator.validator.BackpressureQueue -- BackpressureQueue shutdown initiated
19:37:23.874 [backpressure-consumer] INFO com.marketdata.validator.validator.BackpressureQueue -- BackpressureQueue consumer stopped
19:37:24.025 [main] INFO com.marketdata.validator.validator.BackpressureQueue -- BackpressureQueue shutdown initiated
19:37:24.026 [main] INFO com.marketdata.validator.validator.BackpressureQueue -- BackpressureQueue started: capacity=100 policy=DROP_OLDEST event=queue_started
19:37:24.038 [backpressure-consumer] INFO com.marketdata.validator.validator.BackpressureQueue -- BackpressureQueue consumer stopped
19:37:24.038 [main] INFO com.marketdata.validator.validator.BackpressureQueue -- BackpressureQueue shutdown initiated
[INFO] Tests run: 23, Failures: 0, Errors: 0, Skipped: 0, Time elapsed: 1.739 s -- in com.marketdata.validator.validator.BackpressureQueueTest
[INFO] Running com.marketdata.validator.validator.FieldCompletenessValidatorTest
[INFO] Tests run: 12, Failures: 0, Errors: 0, Skipped: 0, Time elapsed: 0.006 s -- in com.marketdata.validator.validator.FieldCompletenessValidatorTest
[INFO] Running com.marketdata.validator.validator.ConfigUtilsTest
[INFO] Tests run: 15, Failures: 0, Errors: 0, Skipped: 0, Time elapsed: 0.009 s -- in com.marketdata.validator.validator.ConfigUtilsTest
[INFO] Running com.marketdata.validator.validator.StatefulValidatorTest
[INFO] Tests run: 38, Failures: 0, Errors: 0, Skipped: 0, Time elapsed: 0.025 s -- in com.marketdata.validator.validator.StatefulValidatorTest
[INFO] Running com.marketdata.validator.validator.AlertGeneratorTest
19:37:24.183 [main] WARN com.marketdata.validator.validator.AlertGenerator -- Failed to refresh covered alert areas: DB down
19:37:24.184 [main] INFO com.marketdata.validator.validator.AlertGenerator -- Alert generated: [CRITICAL] ACCURACY — ACCURACY validation FAIL — value: 0.00, threshold: 100.00
19:37:24.184 [main] WARN com.marketdata.validator.validator.AlertGenerator -- Failed to refresh covered alert areas: DB down
19:37:24.190 [main] INFO com.marketdata.validator.validator.AlertGenerator -- Cleared stale alerts from previous run
19:37:24.192 [main] INFO com.marketdata.validator.validator.AlertGenerator -- AlertGenerator registered as ValidatorEngine listener (global + per-feed)
19:37:24.195 [main] INFO com.marketdata.validator.validator.AlertGenerator -- Cleared stale alerts from previous run
19:37:24.196 [main] INFO com.marketdata.validator.validator.AlertGenerator -- AlertGenerator registered as ValidatorEngine listener (global + per-feed)
19:37:24.197 [main] INFO com.marketdata.validator.validator.AlertGenerator -- Cleared stale alerts from previous run
19:37:24.198 [main] INFO com.marketdata.validator.validator.AlertGenerator -- AlertGenerator registered as ValidatorEngine listener (global + per-feed)
19:37:24.198 [main] INFO com.marketdata.validator.validator.AlertGenerator -- Alert generated: [CRITICAL] ACCURACY — ACCURACY validation FAIL — value: 50.00, threshold: 99.00
19:37:24.200 [main] WARN com.marketdata.validator.validator.AlertGenerator -- Failed to refresh covered alert areas: DB down
19:37:24.200 [main] INFO com.marketdata.validator.validator.AlertGenerator -- Alert generated: [CRITICAL] ACCURACY — ACCURACY validation FAIL — value: 0.00, threshold: 100.00
[INFO] Tests run: 6, Failures: 0, Errors: 0, Skipped: 0, Time elapsed: 0.116 s -- in com.marketdata.validator.validator.AlertGeneratorTest
[INFO] Running com.marketdata.validator.config.ValidatorStartupConfigurerTest
19:37:24.284 [main] INFO org.springframework.test.context.support.AnnotationConfigContextLoaderUtils -- Could not detect default configuration classes for test class [com.marketdata.validator.config.ValidatorStartupConfigurerTest]: ValidatorStartupConfigurerTest does not declare any static, non-private, non-final, nested classes annotated with @Configuration.
19:37:24.379 [main] INFO org.springframework.boot.test.context.SpringBootTestContextBootstrapper -- Found @SpringBootConfiguration com.marketdata.validator.StreamValidatorApplication for test class com.marketdata.validator.config.ValidatorStartupConfigurerTest
  .   ____          _            __ _ _
 /\\ / ___'_ __ _ _(_)_ __  __ _ \ \ \ \
( ( )\___ | '_ | '_| | '_ \/ _` | \ \ \ \
 \\/  ___)| |_)| | | | | || (_| |  ) ) ) )
  '  |____| .__|_| |_|_| |_\__, | / / / /
 =========|_|==============|___/=/_/_/_/

 :: Spring Boot ::                (v3.3.0)

19:37:24.742 INFO  [background-preinit] o.h.validator.internal.util.Version - HV000001: Hibernate Validator 8.0.1.Final
19:37:24.762 INFO  [main] c.m.v.c.ValidatorStartupConfigurerTest - Starting ValidatorStartupConfigurerTest using Java 21.0.2 with PID 8075 (started by ganeshpalanisamy in /Users/ganeshpalanisamy/Documents/Fintech-projects/market-data-validator/backend)
19:37:24.762 INFO  [main] c.m.v.c.ValidatorStartupConfigurerTest - The following 1 profile is active: "test"
19:37:25.583 INFO  [main] c.m.v.validator.ValidatorEngine - ThroughputValidator timer started (1s interval, global + per-feed)
19:37:25.603 INFO  [main] c.m.v.validator.BackpressureQueue - BackpressureQueue started: capacity=10000 policy=DROP_OLDEST event=queue_started
19:37:26.028 WARN  [main] c.m.v.validator.AlertGenerator - Failed to clear stale alerts: StatementCallback; uncategorized SQLException for SQL [DELETE FROM alerts]; SQL state [null]; error code [1]; [SQLITE_ERROR] SQL error or missing database (no such table: alerts)
19:37:26.028 INFO  [main] c.m.v.validator.AlertGenerator - AlertGenerator registered as ValidatorEngine listener (global + per-feed)
19:37:26.404 INFO  [main] c.m.v.c.ValidatorStartupConfigurerTest - Started ValidatorStartupConfigurerTest in 1.918 seconds (process running for 6.4)
19:37:26.407 INFO  [main] c.m.v.c.ValidatorStartupConfigurer - Validator thresholds applied from application.properties: latency.warnThresholdMs=200, accuracy.spikePctThreshold=10.0%, completeness.staleThresholdMs=10000ms, throughput.minMessagesPerSecond=5
19:37:26.408 INFO  [main] c.m.validator.config.SqliteConfig - Initializing SQLite database schema...
19:37:26.411 INFO  [main] c.m.validator.config.SqliteConfig - SQLite schema initialized: 8 statements executed
19:37:26.411 INFO  [main] c.m.validator.config.SqliteConfig - SQLite PRAGMAs set: journal_mode=WAL, busy_timeout=5000
19:37:26.438 INFO  [main] c.m.v.validator.ValidatorEngine - All validators reset (global + per-feed)
19:37:26.438 WARN  [main] c.m.v.validator.ValidatorEngine - Validation WARN: validator=LATENCY symbol=BTCUSDT status=WARN value=250.0 threshold=200.0
19:37:26.439 WARN  [main] c.m.v.validator.ValidatorEngine - Validation FAIL: validator=SOURCE symbol=BTCUSDT status=FAIL value=0.0 threshold=99.9
19:37:26.447 INFO  [main] c.m.v.validator.AlertGenerator - Alert generated: [WARN] LATENCY — LATENCY validation WARN — value: 250.00, threshold: 200.00
19:37:26.447 INFO  [main] c.m.v.validator.AlertGenerator - Alert generated: [CRITICAL] SOURCE — SOURCE validation FAIL — value: 0.00, threshold: 99.90
19:37:26.448 WARN  [main] c.m.v.validator.ValidatorEngine - Validation WARN: validator=LATENCY symbol=BTCUSDT status=WARN value=250.0 threshold=200.0
19:37:26.448 WARN  [main] c.m.v.validator.ValidatorEngine - Validation FAIL: validator=SOURCE symbol=BTCUSDT status=FAIL value=0.0 threshold=99.9
19:37:26.448 WARN  [main] c.m.v.validator.ValidatorEngine - Validation WARN: validator=LATENCY symbol=BTCUSDT status=WARN value=250.0 threshold=200.0
19:37:26.448 WARN  [main] c.m.v.validator.ValidatorEngine - Validation FAIL: validator=SOURCE symbol=BTCUSDT status=FAIL value=0.0 threshold=99.9
19:37:26.449 WARN  [main] c.m.v.validator.ValidatorEngine - Validation WARN: validator=LATENCY symbol=BTCUSDT status=WARN value=250.0 threshold=200.0
19:37:26.449 WARN  [main] c.m.v.validator.ValidatorEngine - Validation FAIL: validator=SOURCE symbol=BTCUSDT status=FAIL value=0.0 threshold=99.9
19:37:26.449 WARN  [main] c.m.v.validator.ValidatorEngine - Validation WARN: validator=LATENCY symbol=BTCUSDT status=WARN value=250.0 threshold=200.0
19:37:26.449 WARN  [main] c.m.v.validator.ValidatorEngine - Validation FAIL: validator=SOURCE symbol=BTCUSDT status=FAIL value=0.0 threshold=99.9
19:37:26.449 WARN  [main] c.m.v.validator.ValidatorEngine - Validation WARN: validator=LATENCY symbol=BTCUSDT status=WARN value=250.0 threshold=200.0
19:37:26.450 WARN  [main] c.m.v.validator.ValidatorEngine - Validation FAIL: validator=SOURCE symbol=BTCUSDT status=FAIL value=0.0 threshold=99.9
19:37:26.450 WARN  [main] c.m.v.validator.ValidatorEngine - Validation WARN: validator=LATENCY symbol=BTCUSDT status=WARN value=250.0 threshold=200.0
19:37:26.450 WARN  [main] c.m.v.validator.ValidatorEngine - Validation FAIL: validator=SOURCE symbol=BTCUSDT status=FAIL value=0.0 threshold=99.9
19:37:26.450 WARN  [main] c.m.v.validator.ValidatorEngine - Validation WARN: validator=LATENCY symbol=BTCUSDT status=WARN value=250.0 threshold=200.0
19:37:26.450 WARN  [main] c.m.v.validator.ValidatorEngine - Validation FAIL: validator=SOURCE symbol=BTCUSDT status=FAIL value=0.0 threshold=99.9
19:37:26.451 WARN  [main] c.m.v.validator.ValidatorEngine - Validation WARN: validator=LATENCY symbol=BTCUSDT status=WARN value=250.0 threshold=200.0
19:37:26.451 WARN  [main] c.m.v.validator.ValidatorEngine - Validation FAIL: validator=SOURCE symbol=BTCUSDT status=FAIL value=0.0 threshold=99.9
19:37:26.451 WARN  [main] c.m.v.validator.ValidatorEngine - Validation WARN: validator=LATENCY symbol=BTCUSDT status=WARN value=250.0 threshold=200.0
19:37:26.451 WARN  [main] c.m.v.validator.ValidatorEngine - Validation FAIL: validator=SOURCE symbol=BTCUSDT status=FAIL value=0.0 threshold=99.9
19:37:26.452 WARN  [main] c.m.v.validator.ValidatorEngine - Validation WARN: validator=LATENCY symbol=BTCUSDT status=WARN value=250.0 threshold=200.0
19:37:26.452 WARN  [main] c.m.v.validator.ValidatorEngine - Validation FAIL: validator=SOURCE symbol=BTCUSDT status=FAIL value=0.0 threshold=99.9
19:37:26.452 WARN  [main] c.m.v.validator.ValidatorEngine - Validation WARN: validator=LATENCY symbol=BTCUSDT status=WARN value=250.0 threshold=200.0
19:37:26.452 WARN  [main] c.m.v.validator.ValidatorEngine - Validation FAIL: validator=SOURCE symbol=BTCUSDT status=FAIL value=0.0 threshold=99.9
19:37:26.452 WARN  [main] c.m.v.validator.ValidatorEngine - Validation WARN: validator=LATENCY symbol=BTCUSDT status=WARN value=250.0 threshold=200.0
19:37:26.453 WARN  [main] c.m.v.validator.ValidatorEngine - Validation FAIL: validator=SOURCE symbol=BTCUSDT status=FAIL value=0.0 threshold=99.9
19:37:26.453 WARN  [main] c.m.v.validator.ValidatorEngine - Validation WARN: validator=LATENCY symbol=BTCUSDT status=WARN value=250.0 threshold=200.0
19:37:26.453 WARN  [main] c.m.v.validator.ValidatorEngine - Validation FAIL: validator=SOURCE symbol=BTCUSDT status=FAIL value=0.0 threshold=99.9
19:37:26.454 WARN  [main] c.m.v.validator.ValidatorEngine - Validation WARN: validator=LATENCY symbol=BTCUSDT status=WARN value=250.0 threshold=200.0
19:37:26.454 WARN  [main] c.m.v.validator.ValidatorEngine - Validation FAIL: validator=SOURCE symbol=BTCUSDT status=FAIL value=0.0 threshold=99.9
19:37:26.454 WARN  [main] c.m.v.validator.ValidatorEngine - Validation WARN: validator=LATENCY symbol=BTCUSDT status=WARN value=250.0 threshold=200.0
19:37:26.454 WARN  [main] c.m.v.validator.ValidatorEngine - Validation FAIL: validator=SOURCE symbol=BTCUSDT status=FAIL value=0.0 threshold=99.9
19:37:26.454 WARN  [main] c.m.v.validator.ValidatorEngine - Validation WARN: validator=LATENCY symbol=BTCUSDT status=WARN value=250.0 threshold=200.0
19:37:26.455 WARN  [main] c.m.v.validator.ValidatorEngine - Validation FAIL: validator=SOURCE symbol=BTCUSDT status=FAIL value=0.0 threshold=99.9
19:37:26.455 WARN  [main] c.m.v.validator.ValidatorEngine - Validation WARN: validator=LATENCY symbol=BTCUSDT status=WARN value=250.0 threshold=200.0
19:37:26.455 WARN  [main] c.m.v.validator.ValidatorEngine - Validation FAIL: validator=SOURCE symbol=BTCUSDT status=FAIL value=0.0 threshold=99.9
19:37:26.455 WARN  [main] c.m.v.validator.ValidatorEngine - Validation WARN: validator=LATENCY symbol=BTCUSDT status=WARN value=250.0 threshold=200.0
19:37:26.455 WARN  [main] c.m.v.validator.ValidatorEngine - Validation FAIL: validator=SOURCE symbol=BTCUSDT status=FAIL value=0.0 threshold=99.9
19:37:26.455 WARN  [main] c.m.v.validator.ValidatorEngine - Validation WARN: validator=LATENCY symbol=BTCUSDT status=WARN value=250.0 threshold=200.0
19:37:26.455 WARN  [main] c.m.v.validator.ValidatorEngine - Validation FAIL: validator=SOURCE symbol=BTCUSDT status=FAIL value=0.0 threshold=99.9
19:37:26.456 WARN  [main] c.m.v.validator.ValidatorEngine - Validation WARN: validator=LATENCY symbol=BTCUSDT status=WARN value=250.0 threshold=200.0
19:37:26.456 WARN  [main] c.m.v.validator.ValidatorEngine - Validation FAIL: validator=SOURCE symbol=BTCUSDT status=FAIL value=0.0 threshold=99.9
19:37:26.456 WARN  [main] c.m.v.validator.ValidatorEngine - Validation WARN: validator=LATENCY symbol=BTCUSDT status=WARN value=250.0 threshold=200.0
19:37:26.456 WARN  [main] c.m.v.validator.ValidatorEngine - Validation FAIL: validator=SOURCE symbol=BTCUSDT status=FAIL value=0.0 threshold=99.9
19:37:26.456 WARN  [main] c.m.v.validator.ValidatorEngine - Validation WARN: validator=LATENCY symbol=BTCUSDT status=WARN value=250.0 threshold=200.0
19:37:26.456 WARN  [main] c.m.v.validator.ValidatorEngine - Validation FAIL: validator=SOURCE symbol=BTCUSDT status=FAIL value=0.0 threshold=99.9
19:37:26.457 WARN  [main] c.m.v.validator.ValidatorEngine - Validation WARN: validator=LATENCY symbol=BTCUSDT status=WARN value=250.0 threshold=200.0
19:37:26.457 WARN  [main] c.m.v.validator.ValidatorEngine - Validation FAIL: validator=SOURCE symbol=BTCUSDT status=FAIL value=0.0 threshold=99.9
19:37:26.457 WARN  [main] c.m.v.validator.ValidatorEngine - Validation WARN: validator=LATENCY symbol=BTCUSDT status=WARN value=250.0 threshold=200.0
19:37:26.457 WARN  [main] c.m.v.validator.ValidatorEngine - Validation FAIL: validator=SOURCE symbol=BTCUSDT status=FAIL value=0.0 threshold=99.9
19:37:26.457 WARN  [main] c.m.v.validator.ValidatorEngine - Validation WARN: validator=LATENCY symbol=BTCUSDT status=WARN value=250.0 threshold=200.0
19:37:26.457 WARN  [main] c.m.v.validator.ValidatorEngine - Validation FAIL: validator=SOURCE symbol=BTCUSDT status=FAIL value=0.0 threshold=99.9
19:37:26.458 WARN  [main] c.m.v.validator.ValidatorEngine - Validation WARN: validator=LATENCY symbol=BTCUSDT status=WARN value=250.0 threshold=200.0
19:37:26.458 WARN  [main] c.m.v.validator.ValidatorEngine - Validation FAIL: validator=SOURCE symbol=BTCUSDT status=FAIL value=0.0 threshold=99.9
19:37:26.458 WARN  [main] c.m.v.validator.ValidatorEngine - Validation WARN: validator=LATENCY symbol=BTCUSDT status=WARN value=250.0 threshold=200.0
19:37:26.458 WARN  [main] c.m.v.validator.ValidatorEngine - Validation FAIL: validator=SOURCE symbol=BTCUSDT status=FAIL value=0.0 threshold=99.9
19:37:26.458 WARN  [main] c.m.v.validator.ValidatorEngine - Validation WARN: validator=LATENCY symbol=BTCUSDT status=WARN value=250.0 threshold=200.0
19:37:26.458 WARN  [main] c.m.v.validator.ValidatorEngine - Validation FAIL: validator=SOURCE symbol=BTCUSDT status=FAIL value=0.0 threshold=99.9
19:37:26.459 WARN  [main] c.m.v.validator.ValidatorEngine - Validation WARN: validator=LATENCY symbol=BTCUSDT status=WARN value=250.0 threshold=200.0
19:37:26.459 WARN  [main] c.m.v.validator.ValidatorEngine - Validation FAIL: validator=SOURCE symbol=BTCUSDT status=FAIL value=0.0 threshold=99.9
19:37:26.459 WARN  [main] c.m.v.validator.ValidatorEngine - Validation WARN: validator=LATENCY symbol=BTCUSDT status=WARN value=250.0 threshold=200.0
19:37:26.459 WARN  [main] c.m.v.validator.ValidatorEngine - Validation FAIL: validator=SOURCE symbol=BTCUSDT status=FAIL value=0.0 threshold=99.9
19:37:26.459 WARN  [main] c.m.v.validator.ValidatorEngine - Validation WARN: validator=LATENCY symbol=BTCUSDT status=WARN value=250.0 threshold=200.0
19:37:26.460 WARN  [main] c.m.v.validator.ValidatorEngine - Validation FAIL: validator=SOURCE symbol=BTCUSDT status=FAIL value=0.0 threshold=99.9
19:37:26.460 WARN  [main] c.m.v.validator.ValidatorEngine - Validation WARN: validator=LATENCY symbol=BTCUSDT status=WARN value=250.0 threshold=200.0
19:37:26.460 WARN  [main] c.m.v.validator.ValidatorEngine - Validation FAIL: validator=SOURCE symbol=BTCUSDT status=FAIL value=0.0 threshold=99.9
19:37:26.460 WARN  [main] c.m.v.validator.ValidatorEngine - Validation WARN: validator=LATENCY symbol=BTCUSDT status=WARN value=250.0 threshold=200.0
19:37:26.461 WARN  [main] c.m.v.validator.ValidatorEngine - Validation FAIL: validator=SOURCE symbol=BTCUSDT status=FAIL value=0.0 threshold=99.9
19:37:26.461 WARN  [main] c.m.v.validator.ValidatorEngine - Validation WARN: validator=LATENCY symbol=BTCUSDT status=WARN value=250.0 threshold=200.0
19:37:26.461 WARN  [main] c.m.v.validator.ValidatorEngine - Validation FAIL: validator=SOURCE symbol=BTCUSDT status=FAIL value=0.0 threshold=99.9
19:37:26.461 WARN  [main] c.m.v.validator.ValidatorEngine - Validation WARN: validator=LATENCY symbol=BTCUSDT status=WARN value=250.0 threshold=200.0
19:37:26.461 WARN  [main] c.m.v.validator.ValidatorEngine - Validation FAIL: validator=SOURCE symbol=BTCUSDT status=FAIL value=0.0 threshold=99.9
19:37:26.461 WARN  [main] c.m.v.validator.ValidatorEngine - Validation WARN: validator=LATENCY symbol=BTCUSDT status=WARN value=250.0 threshold=200.0
19:37:26.462 WARN  [main] c.m.v.validator.ValidatorEngine - Validation FAIL: validator=SOURCE symbol=BTCUSDT status=FAIL value=0.0 threshold=99.9
19:37:26.462 WARN  [main] c.m.v.validator.ValidatorEngine - Validation WARN: validator=LATENCY symbol=BTCUSDT status=WARN value=250.0 threshold=200.0
19:37:26.462 WARN  [main] c.m.v.validator.ValidatorEngine - Validation FAIL: validator=SOURCE symbol=BTCUSDT status=FAIL value=0.0 threshold=99.9
19:37:26.462 WARN  [main] c.m.v.validator.ValidatorEngine - Validation WARN: validator=LATENCY symbol=BTCUSDT status=WARN value=250.0 threshold=200.0
19:37:26.462 WARN  [main] c.m.v.validator.ValidatorEngine - Validation FAIL: validator=SOURCE symbol=BTCUSDT status=FAIL value=0.0 threshold=99.9
19:37:26.463 WARN  [main] c.m.v.validator.ValidatorEngine - Validation WARN: validator=LATENCY symbol=BTCUSDT status=WARN value=250.0 threshold=200.0
19:37:26.463 WARN  [main] c.m.v.validator.ValidatorEngine - Validation FAIL: validator=SOURCE symbol=BTCUSDT status=FAIL value=0.0 threshold=99.9
19:37:26.463 WARN  [main] c.m.v.validator.ValidatorEngine - Validation WARN: validator=LATENCY symbol=BTCUSDT status=WARN value=250.0 threshold=200.0
19:37:26.463 WARN  [main] c.m.v.validator.ValidatorEngine - Validation FAIL: validator=SOURCE symbol=BTCUSDT status=FAIL value=0.0 threshold=99.9
19:37:26.463 WARN  [main] c.m.v.validator.ValidatorEngine - Validation WARN: validator=LATENCY symbol=BTCUSDT status=WARN value=250.0 threshold=200.0
19:37:26.463 WARN  [main] c.m.v.validator.ValidatorEngine - Validation FAIL: validator=SOURCE symbol=BTCUSDT status=FAIL value=0.0 threshold=99.9
19:37:26.463 WARN  [main] c.m.v.validator.ValidatorEngine - Validation WARN: validator=LATENCY symbol=BTCUSDT status=WARN value=250.0 threshold=200.0
19:37:26.463 WARN  [main] c.m.v.validator.ValidatorEngine - Validation FAIL: validator=SOURCE symbol=BTCUSDT status=FAIL value=0.0 threshold=99.9
19:37:26.464 WARN  [main] c.m.v.validator.ValidatorEngine - Validation WARN: validator=LATENCY symbol=BTCUSDT status=WARN value=250.0 threshold=200.0
19:37:26.464 WARN  [main] c.m.v.validator.ValidatorEngine - Validation FAIL: validator=SOURCE symbol=BTCUSDT status=FAIL value=0.0 threshold=99.9
19:37:26.464 WARN  [main] c.m.v.validator.ValidatorEngine - Validation WARN: validator=LATENCY symbol=BTCUSDT status=WARN value=250.0 threshold=200.0
19:37:26.464 WARN  [main] c.m.v.validator.ValidatorEngine - Validation FAIL: validator=SOURCE symbol=BTCUSDT status=FAIL value=0.0 threshold=99.9
19:37:26.464 WARN  [main] c.m.v.validator.ValidatorEngine - Validation WARN: validator=LATENCY symbol=BTCUSDT status=WARN value=250.0 threshold=200.0
19:37:26.464 WARN  [main] c.m.v.validator.ValidatorEngine - Validation FAIL: validator=SOURCE symbol=BTCUSDT status=FAIL value=0.0 threshold=99.9
19:37:26.464 WARN  [main] c.m.v.validator.ValidatorEngine - Validation WARN: validator=LATENCY symbol=BTCUSDT status=WARN value=250.0 threshold=200.0
19:37:26.464 WARN  [main] c.m.v.validator.ValidatorEngine - Validation FAIL: validator=SOURCE symbol=BTCUSDT status=FAIL value=0.0 threshold=99.9
19:37:26.465 WARN  [main] c.m.v.validator.ValidatorEngine - Validation WARN: validator=LATENCY symbol=BTCUSDT status=WARN value=250.0 threshold=200.0
19:37:26.465 WARN  [main] c.m.v.validator.ValidatorEngine - Validation FAIL: validator=SOURCE symbol=BTCUSDT status=FAIL value=0.0 threshold=99.9
19:37:26.465 WARN  [main] c.m.v.validator.ValidatorEngine - Validation WARN: validator=LATENCY symbol=BTCUSDT status=WARN value=250.0 threshold=200.0
19:37:26.465 WARN  [main] c.m.v.validator.ValidatorEngine - Validation FAIL: validator=SOURCE symbol=BTCUSDT status=FAIL value=0.0 threshold=99.9
19:37:26.465 WARN  [main] c.m.v.validator.ValidatorEngine - Validation WARN: validator=LATENCY symbol=BTCUSDT status=WARN value=250.0 threshold=200.0
19:37:26.465 WARN  [main] c.m.v.validator.ValidatorEngine - Validation FAIL: validator=SOURCE symbol=BTCUSDT status=FAIL value=0.0 threshold=99.9
19:37:26.466 WARN  [main] c.m.v.validator.ValidatorEngine - Validation WARN: validator=LATENCY symbol=BTCUSDT status=WARN value=250.0 threshold=200.0
19:37:26.466 WARN  [main] c.m.v.validator.ValidatorEngine - Validation FAIL: validator=SOURCE symbol=BTCUSDT status=FAIL value=0.0 threshold=99.9
19:37:26.466 WARN  [main] c.m.v.validator.ValidatorEngine - Validation WARN: validator=LATENCY symbol=BTCUSDT status=WARN value=250.0 threshold=200.0
19:37:26.466 WARN  [main] c.m.v.validator.ValidatorEngine - Validation FAIL: validator=SOURCE symbol=BTCUSDT status=FAIL value=0.0 threshold=99.9
19:37:26.466 WARN  [main] c.m.v.validator.ValidatorEngine - Validation WARN: validator=LATENCY symbol=BTCUSDT status=WARN value=250.0 threshold=200.0
19:37:26.466 WARN  [main] c.m.v.validator.ValidatorEngine - Validation FAIL: validator=SOURCE symbol=BTCUSDT status=FAIL value=0.0 threshold=99.9
19:37:26.467 WARN  [main] c.m.v.validator.ValidatorEngine - Validation WARN: validator=LATENCY symbol=BTCUSDT status=WARN value=250.0 threshold=200.0
19:37:26.467 WARN  [main] c.m.v.validator.ValidatorEngine - Validation FAIL: validator=SOURCE symbol=BTCUSDT status=FAIL value=0.0 threshold=99.9
19:37:26.467 WARN  [main] c.m.v.validator.ValidatorEngine - Validation WARN: validator=LATENCY symbol=BTCUSDT status=WARN value=250.0 threshold=200.0
19:37:26.467 WARN  [main] c.m.v.validator.ValidatorEngine - Validation FAIL: validator=SOURCE symbol=BTCUSDT status=FAIL value=0.0 threshold=99.9
19:37:26.467 WARN  [main] c.m.v.validator.ValidatorEngine - Validation WARN: validator=LATENCY symbol=BTCUSDT status=WARN value=250.0 threshold=200.0
19:37:26.467 WARN  [main] c.m.v.validator.ValidatorEngine - Validation FAIL: validator=SOURCE symbol=BTCUSDT status=FAIL value=0.0 threshold=99.9
19:37:26.467 WARN  [main] c.m.v.validator.ValidatorEngine - Validation WARN: validator=LATENCY symbol=BTCUSDT status=WARN value=250.0 threshold=200.0
19:37:26.468 WARN  [main] c.m.v.validator.ValidatorEngine - Validation FAIL: validator=SOURCE symbol=BTCUSDT status=FAIL value=0.0 threshold=99.9
19:37:26.468 WARN  [main] c.m.v.validator.ValidatorEngine - Validation WARN: validator=LATENCY symbol=BTCUSDT status=WARN value=250.0 threshold=200.0
19:37:26.468 WARN  [main] c.m.v.validator.ValidatorEngine - Validation FAIL: validator=SOURCE symbol=BTCUSDT status=FAIL value=0.0 threshold=99.9
19:37:26.468 WARN  [main] c.m.v.validator.ValidatorEngine - Validation WARN: validator=LATENCY symbol=BTCUSDT status=WARN value=250.0 threshold=200.0
19:37:26.469 WARN  [main] c.m.v.validator.ValidatorEngine - Validation FAIL: validator=SOURCE symbol=BTCUSDT status=FAIL value=0.0 threshold=99.9
19:37:26.469 WARN  [main] c.m.v.validator.ValidatorEngine - Validation WARN: validator=LATENCY symbol=BTCUSDT status=WARN value=250.0 threshold=200.0
19:37:26.469 WARN  [main] c.m.v.validator.ValidatorEngine - Validation FAIL: validator=SOURCE symbol=BTCUSDT status=FAIL value=0.0 threshold=99.9
19:37:26.469 WARN  [main] c.m.v.validator.ValidatorEngine - Validation WARN: validator=LATENCY symbol=BTCUSDT status=WARN value=250.0 threshold=200.0
19:37:26.469 WARN  [main] c.m.v.validator.ValidatorEngine - Validation FAIL: validator=SOURCE symbol=BTCUSDT status=FAIL value=0.0 threshold=99.9
19:37:26.469 WARN  [main] c.m.v.validator.ValidatorEngine - Validation WARN: validator=LATENCY symbol=BTCUSDT status=WARN value=250.0 threshold=200.0
19:37:26.469 WARN  [main] c.m.v.validator.ValidatorEngine - Validation FAIL: validator=SOURCE symbol=BTCUSDT status=FAIL value=0.0 threshold=99.9
19:37:26.470 WARN  [main] c.m.v.validator.ValidatorEngine - Validation WARN: validator=LATENCY symbol=BTCUSDT status=WARN value=250.0 threshold=200.0
19:37:26.470 WARN  [main] c.m.v.validator.ValidatorEngine - Validation FAIL: validator=SOURCE symbol=BTCUSDT status=FAIL value=0.0 threshold=99.9
19:37:26.470 WARN  [main] c.m.v.validator.ValidatorEngine - Validation WARN: validator=LATENCY symbol=BTCUSDT status=WARN value=250.0 threshold=200.0
19:37:26.470 WARN  [main] c.m.v.validator.ValidatorEngine - Validation FAIL: validator=SOURCE symbol=BTCUSDT status=FAIL value=0.0 threshold=99.9
19:37:26.470 WARN  [main] c.m.v.validator.ValidatorEngine - Validation WARN: validator=LATENCY symbol=BTCUSDT status=WARN value=250.0 threshold=200.0
19:37:26.470 WARN  [main] c.m.v.validator.ValidatorEngine - Validation FAIL: validator=SOURCE symbol=BTCUSDT status=FAIL value=0.0 threshold=99.9
19:37:26.471 WARN  [main] c.m.v.validator.ValidatorEngine - Validation WARN: validator=LATENCY symbol=BTCUSDT status=WARN value=250.0 threshold=200.0
19:37:26.471 WARN  [main] c.m.v.validator.ValidatorEngine - Validation FAIL: validator=SOURCE symbol=BTCUSDT status=FAIL value=0.0 threshold=99.9
19:37:26.471 WARN  [main] c.m.v.validator.ValidatorEngine - Validation WARN: validator=LATENCY symbol=BTCUSDT status=WARN value=250.0 threshold=200.0
19:37:26.471 WARN  [main] c.m.v.validator.ValidatorEngine - Validation FAIL: validator=SOURCE symbol=BTCUSDT status=FAIL value=0.0 threshold=99.9
19:37:26.471 WARN  [main] c.m.v.validator.ValidatorEngine - Validation WARN: validator=LATENCY symbol=BTCUSDT status=WARN value=250.0 threshold=200.0
19:37:26.471 WARN  [main] c.m.v.validator.ValidatorEngine - Validation FAIL: validator=SOURCE symbol=BTCUSDT status=FAIL value=0.0 threshold=99.9
19:37:26.471 WARN  [main] c.m.v.validator.ValidatorEngine - Validation WARN: validator=LATENCY symbol=BTCUSDT status=WARN value=250.0 threshold=200.0
19:37:26.471 WARN  [main] c.m.v.validator.ValidatorEngine - Validation FAIL: validator=SOURCE symbol=BTCUSDT status=FAIL value=0.0 threshold=99.9
19:37:26.472 WARN  [main] c.m.v.validator.ValidatorEngine - Validation WARN: validator=LATENCY symbol=BTCUSDT status=WARN value=250.0 threshold=200.0
19:37:26.472 WARN  [main] c.m.v.validator.ValidatorEngine - Validation FAIL: validator=SOURCE symbol=BTCUSDT status=FAIL value=0.0 threshold=99.9
19:37:26.472 WARN  [main] c.m.v.validator.ValidatorEngine - Validation WARN: validator=LATENCY symbol=BTCUSDT status=WARN value=250.0 threshold=200.0
19:37:26.472 WARN  [main] c.m.v.validator.ValidatorEngine - Validation FAIL: validator=SOURCE symbol=BTCUSDT status=FAIL value=0.0 threshold=99.9
19:37:26.472 WARN  [main] c.m.v.validator.ValidatorEngine - Validation WARN: validator=LATENCY symbol=BTCUSDT status=WARN value=250.0 threshold=200.0
19:37:26.472 WARN  [main] c.m.v.validator.ValidatorEngine - Validation FAIL: validator=SOURCE symbol=BTCUSDT status=FAIL value=0.0 threshold=99.9
19:37:26.472 WARN  [main] c.m.v.validator.ValidatorEngine - Validation WARN: validator=LATENCY symbol=BTCUSDT status=WARN value=250.0 threshold=200.0
19:37:26.472 WARN  [main] c.m.v.validator.ValidatorEngine - Validation FAIL: validator=SOURCE symbol=BTCUSDT status=FAIL value=0.0 threshold=99.9
19:37:26.473 WARN  [main] c.m.v.validator.ValidatorEngine - Validation WARN: validator=LATENCY symbol=BTCUSDT status=WARN value=250.0 threshold=200.0
19:37:26.473 WARN  [main] c.m.v.validator.ValidatorEngine - Validation FAIL: validator=SOURCE symbol=BTCUSDT status=FAIL value=0.0 threshold=99.9
19:37:26.473 WARN  [main] c.m.v.validator.ValidatorEngine - Validation WARN: validator=LATENCY symbol=BTCUSDT status=WARN value=250.0 threshold=200.0
19:37:26.473 WARN  [main] c.m.v.validator.ValidatorEngine - Validation FAIL: validator=SOURCE symbol=BTCUSDT status=FAIL value=0.0 threshold=99.9
19:37:26.473 WARN  [main] c.m.v.validator.ValidatorEngine - Validation WARN: validator=LATENCY symbol=BTCUSDT status=WARN value=250.0 threshold=200.0
19:37:26.473 WARN  [main] c.m.v.validator.ValidatorEngine - Validation FAIL: validator=SOURCE symbol=BTCUSDT status=FAIL value=0.0 threshold=99.9
19:37:26.473 WARN  [main] c.m.v.validator.ValidatorEngine - Validation WARN: validator=LATENCY symbol=BTCUSDT status=WARN value=250.0 threshold=200.0
19:37:26.473 WARN  [main] c.m.v.validator.ValidatorEngine - Validation FAIL: validator=SOURCE symbol=BTCUSDT status=FAIL value=0.0 threshold=99.9
19:37:26.473 WARN  [main] c.m.v.validator.ValidatorEngine - Validation WARN: validator=LATENCY symbol=BTCUSDT status=WARN value=250.0 threshold=200.0
19:37:26.474 WARN  [main] c.m.v.validator.ValidatorEngine - Validation FAIL: validator=SOURCE symbol=BTCUSDT status=FAIL value=0.0 threshold=99.9
19:37:26.474 WARN  [main] c.m.v.validator.ValidatorEngine - Validation WARN: validator=LATENCY symbol=BTCUSDT status=WARN value=250.0 threshold=200.0
19:37:26.474 WARN  [main] c.m.v.validator.ValidatorEngine - Validation FAIL: validator=SOURCE symbol=BTCUSDT status=FAIL value=0.0 threshold=99.9
19:37:26.474 WARN  [main] c.m.v.validator.ValidatorEngine - Validation WARN: validator=LATENCY symbol=BTCUSDT status=WARN value=250.0 threshold=200.0
19:37:26.474 WARN  [main] c.m.v.validator.ValidatorEngine - Validation FAIL: validator=SOURCE symbol=BTCUSDT status=FAIL value=0.0 threshold=99.9
19:37:26.474 WARN  [main] c.m.v.validator.ValidatorEngine - Validation WARN: validator=LATENCY symbol=BTCUSDT status=WARN value=250.0 threshold=200.0
19:37:26.475 WARN  [main] c.m.v.validator.ValidatorEngine - Validation FAIL: validator=SOURCE symbol=BTCUSDT status=FAIL value=0.0 threshold=99.9
19:37:26.475 WARN  [main] c.m.v.validator.ValidatorEngine - Validation WARN: validator=LATENCY symbol=BTCUSDT status=WARN value=250.0 threshold=200.0
19:37:26.475 WARN  [main] c.m.v.validator.ValidatorEngine - Validation FAIL: validator=SOURCE symbol=BTCUSDT status=FAIL value=0.0 threshold=99.9
19:37:26.475 WARN  [main] c.m.v.validator.ValidatorEngine - Validation WARN: validator=LATENCY symbol=BTCUSDT status=WARN value=250.0 threshold=200.0
19:37:26.475 WARN  [main] c.m.v.validator.ValidatorEngine - Validation FAIL: validator=SOURCE symbol=BTCUSDT status=FAIL value=0.0 threshold=99.9
19:37:26.475 WARN  [main] c.m.v.validator.ValidatorEngine - Validation WARN: validator=LATENCY symbol=BTCUSDT status=WARN value=250.0 threshold=200.0
19:37:26.475 WARN  [main] c.m.v.validator.ValidatorEngine - Validation FAIL: validator=SOURCE symbol=BTCUSDT status=FAIL value=0.0 threshold=99.9
19:37:26.476 WARN  [main] c.m.v.validator.ValidatorEngine - Validation WARN: validator=LATENCY symbol=BTCUSDT status=WARN value=250.0 threshold=200.0
19:37:26.476 WARN  [main] c.m.v.validator.ValidatorEngine - Validation FAIL: validator=SOURCE symbol=BTCUSDT status=FAIL value=0.0 threshold=99.9
19:37:26.476 WARN  [main] c.m.v.validator.ValidatorEngine - Validation WARN: validator=LATENCY symbol=BTCUSDT status=WARN value=250.0 threshold=200.0
19:37:26.476 WARN  [main] c.m.v.validator.ValidatorEngine - Validation FAIL: validator=SOURCE symbol=BTCUSDT status=FAIL value=0.0 threshold=99.9
19:37:26.476 WARN  [main] c.m.v.validator.ValidatorEngine - Validation WARN: validator=LATENCY symbol=BTCUSDT status=WARN value=250.0 threshold=200.0
19:37:26.476 WARN  [main] c.m.v.validator.ValidatorEngine - Validation FAIL: validator=SOURCE symbol=BTCUSDT status=FAIL value=0.0 threshold=99.9
19:37:26.476 WARN  [main] c.m.v.validator.ValidatorEngine - Validation WARN: validator=LATENCY symbol=BTCUSDT status=WARN value=250.0 threshold=200.0
19:37:26.476 WARN  [main] c.m.v.validator.ValidatorEngine - Validation FAIL: validator=SOURCE symbol=BTCUSDT status=FAIL value=0.0 threshold=99.9
19:37:26.476 WARN  [main] c.m.v.validator.ValidatorEngine - Validation WARN: validator=LATENCY symbol=BTCUSDT status=WARN value=250.0 threshold=200.0
19:37:26.476 WARN  [main] c.m.v.validator.ValidatorEngine - Validation FAIL: validator=SOURCE symbol=BTCUSDT status=FAIL value=0.0 threshold=99.9
19:37:26.477 WARN  [main] c.m.v.validator.ValidatorEngine - Validation WARN: validator=LATENCY symbol=BTCUSDT status=WARN value=250.0 threshold=200.0
19:37:26.477 WARN  [main] c.m.v.validator.ValidatorEngine - Validation FAIL: validator=SOURCE symbol=BTCUSDT status=FAIL value=0.0 threshold=99.9
19:37:26.477 WARN  [main] c.m.v.validator.ValidatorEngine - Validation WARN: validator=LATENCY symbol=BTCUSDT status=WARN value=250.0 threshold=200.0
19:37:26.477 WARN  [main] c.m.v.validator.ValidatorEngine - Validation FAIL: validator=SOURCE symbol=BTCUSDT status=FAIL value=0.0 threshold=99.9
19:37:26.477 WARN  [main] c.m.v.validator.ValidatorEngine - Validation WARN: validator=LATENCY symbol=BTCUSDT status=WARN value=250.0 threshold=200.0
19:37:26.477 WARN  [main] c.m.v.validator.ValidatorEngine - Validation FAIL: validator=SOURCE symbol=BTCUSDT status=FAIL value=0.0 threshold=99.9
19:37:26.477 WARN  [main] c.m.v.validator.ValidatorEngine - Validation WARN: validator=LATENCY symbol=BTCUSDT status=WARN value=250.0 threshold=200.0
19:37:26.477 WARN  [main] c.m.v.validator.ValidatorEngine - Validation FAIL: validator=SOURCE symbol=BTCUSDT status=FAIL value=0.0 threshold=99.9
19:37:26.478 WARN  [main] c.m.v.validator.ValidatorEngine - Validation WARN: validator=LATENCY symbol=BTCUSDT status=WARN value=250.0 threshold=200.0
19:37:26.478 WARN  [main] c.m.v.validator.ValidatorEngine - Validation FAIL: validator=SOURCE symbol=BTCUSDT status=FAIL value=0.0 threshold=99.9
19:37:26.478 WARN  [main] c.m.v.validator.ValidatorEngine - Validation WARN: validator=LATENCY symbol=BTCUSDT status=WARN value=250.0 threshold=200.0
19:37:26.478 WARN  [main] c.m.v.validator.ValidatorEngine - Validation FAIL: validator=SOURCE symbol=BTCUSDT status=FAIL value=0.0 threshold=99.9
19:37:26.478 WARN  [main] c.m.v.validator.ValidatorEngine - Validation WARN: validator=LATENCY symbol=BTCUSDT status=WARN value=250.0 threshold=200.0
19:37:26.478 WARN  [main] c.m.v.validator.ValidatorEngine - Validation FAIL: validator=SOURCE symbol=BTCUSDT status=FAIL value=0.0 threshold=99.9
19:37:26.478 WARN  [main] c.m.v.validator.ValidatorEngine - Validation WARN: validator=LATENCY symbol=BTCUSDT status=WARN value=250.0 threshold=200.0
19:37:26.478 WARN  [main] c.m.v.validator.ValidatorEngine - Validation FAIL: validator=SOURCE symbol=BTCUSDT status=FAIL value=0.0 threshold=99.9
19:37:26.478 WARN  [main] c.m.v.validator.ValidatorEngine - Validation WARN: validator=LATENCY symbol=BTCUSDT status=WARN value=250.0 threshold=200.0
19:37:26.479 WARN  [main] c.m.v.validator.ValidatorEngine - Validation FAIL: validator=SOURCE symbol=BTCUSDT status=FAIL value=0.0 threshold=99.9
19:37:26.479 WARN  [main] c.m.v.validator.ValidatorEngine - Validation WARN: validator=LATENCY symbol=BTCUSDT status=WARN value=250.0 threshold=200.0
19:37:26.479 WARN  [main] c.m.v.validator.ValidatorEngine - Validation FAIL: validator=SOURCE symbol=BTCUSDT status=FAIL value=0.0 threshold=99.9
19:37:26.479 WARN  [main] c.m.v.validator.ValidatorEngine - Validation WARN: validator=LATENCY symbol=BTCUSDT status=WARN value=250.0 threshold=200.0
19:37:26.479 WARN  [main] c.m.v.validator.ValidatorEngine - Validation FAIL: validator=SOURCE symbol=BTCUSDT status=FAIL value=0.0 threshold=99.9
[INFO] Tests run: 1, Failures: 0, Errors: 0, Skipped: 0, Time elapsed: 2.279 s -- in com.marketdata.validator.config.ValidatorStartupConfigurerTest
[INFO] Running com.marketdata.validator.StreamValidatorApplicationTests
  .   ____          _            __ _ _
 /\\ / ___'_ __ _ _(_)_ __  __ _ \ \ \ \
( ( )\___ | '_ | '_| | '_ \/ _` | \ \ \ \
 \\/  ___)| |_)| | | | | || (_| |  ) ) ) )
  '  |____| .__|_| |_|_| |_\__, | / / / /
 =========|_|==============|___/=/_/_/_/

 :: Spring Boot ::                (v3.3.0)

19:37:26.512 INFO  [main] c.m.v.StreamValidatorApplicationTests - Starting StreamValidatorApplicationTests using Java 21.0.2 with PID 8075 (started by ganeshpalanisamy in /Users/ganeshpalanisamy/Documents/Fintech-projects/market-data-validator/backend)
19:37:26.512 INFO  [main] c.m.v.StreamValidatorApplicationTests - The following 1 profile is active: "test"
19:37:26.678 INFO  [main] c.m.v.validator.ValidatorEngine - ThroughputValidator timer started (1s interval, global + per-feed)
19:37:26.680 INFO  [main] c.m.v.validator.BackpressureQueue - BackpressureQueue started: capacity=10000 policy=DROP_OLDEST event=queue_started
19:37:26.684 INFO  [main] c.m.v.validator.AlertGenerator - Cleared stale alerts from previous run
19:37:26.684 INFO  [main] c.m.v.validator.AlertGenerator - AlertGenerator registered as ValidatorEngine listener (global + per-feed)
19:37:26.812 INFO  [main] c.m.v.StreamValidatorApplicationTests - Started StreamValidatorApplicationTests in 0.317 seconds (process running for 6.807)
19:37:26.812 INFO  [main] c.m.v.c.ValidatorStartupConfigurer - Validator thresholds applied from application.properties: latency.warnThresholdMs=500, accuracy.spikePctThreshold=10.0%, completeness.staleThresholdMs=10000ms, throughput.minMessagesPerSecond=5
19:37:26.813 INFO  [main] c.m.validator.config.SqliteConfig - Initializing SQLite database schema...
19:37:26.814 INFO  [main] c.m.validator.config.SqliteConfig - SQLite schema initialized: 8 statements executed
19:37:26.814 INFO  [main] c.m.validator.config.SqliteConfig - SQLite PRAGMAs set: journal_mode=WAL, busy_timeout=5000
[INFO] Tests run: 1, Failures: 0, Errors: 0, Skipped: 0, Time elapsed: 0.331 s -- in com.marketdata.validator.StreamValidatorApplicationTests
[INFO] Running com.marketdata.validator.controller.SimulatorControllerTest
[INFO] Tests run: 9, Failures: 0, Errors: 0, Skipped: 0, Time elapsed: 0.051 s -- in com.marketdata.validator.controller.SimulatorControllerTest
[INFO] Running com.marketdata.validator.controller.CompareControllerTest
  .   ____          _            __ _ _
 /\\ / ___'_ __ _ _(_)_ __  __ _ \ \ \ \
( ( )\___ | '_ | '_| | '_ \/ _` | \ \ \ \
 \\/  ___)| |_)| | | | | || (_| |  ) ) ) )
  '  |____| .__|_| |_|_| |_\__, | / / / /
 =========|_|==============|___/=/_/_/_/

 :: Spring Boot ::                (v3.3.0)

19:37:26.908 INFO  [main] c.m.v.c.CompareControllerTest - Starting CompareControllerTest using Java 21.0.2 with PID 8075 (started by ganeshpalanisamy in /Users/ganeshpalanisamy/Documents/Fintech-projects/market-data-validator/backend)
19:37:26.908 INFO  [main] c.m.v.c.CompareControllerTest - The following 1 profile is active: "test"
19:37:27.145 INFO  [main] c.m.v.validator.ValidatorEngine - ThroughputValidator timer started (1s interval, global + per-feed)
19:37:27.147 INFO  [main] c.m.v.validator.BackpressureQueue - BackpressureQueue started: capacity=10000 policy=DROP_OLDEST event=queue_started
19:37:27.150 INFO  [main] c.m.v.validator.AlertGenerator - Cleared stale alerts from previous run
19:37:27.150 INFO  [main] c.m.v.validator.AlertGenerator - AlertGenerator registered as ValidatorEngine listener (global + per-feed)
19:37:27.333 INFO  [main] c.m.v.c.CompareControllerTest - Started CompareControllerTest in 0.441 seconds (process running for 7.329)
19:37:27.334 INFO  [main] c.m.validator.config.SqliteConfig - Initializing SQLite database schema...
19:37:27.335 INFO  [main] c.m.validator.config.SqliteConfig - SQLite schema initialized: 8 statements executed
19:37:27.335 INFO  [main] c.m.validator.config.SqliteConfig - SQLite PRAGMAs set: journal_mode=WAL, busy_timeout=5000
19:37:27.335 INFO  [main] c.m.v.c.ValidatorStartupConfigurer - Validator thresholds applied from application.properties: latency.warnThresholdMs=500, accuracy.spikePctThreshold=10.0%, completeness.staleThresholdMs=10000ms, throughput.minMessagesPerSecond=5
[INFO] Tests run: 11, Failures: 0, Errors: 0, Skipped: 0, Time elapsed: 0.652 s -- in com.marketdata.validator.controller.CompareControllerTest
[INFO] Running com.marketdata.validator.controller.MetricsControllerTest
[INFO] Tests run: 7, Failures: 0, Errors: 0, Skipped: 0, Time elapsed: 0.052 s -- in com.marketdata.validator.controller.MetricsControllerTest
[INFO] Running com.marketdata.validator.controller.ValidationControllerTest
  .   ____          _            __ _ _
 /\\ / ___'_ __ _ _(_)_ __  __ _ \ \ \ \
( ( )\___ | '_ | '_| | '_ \/ _` | \ \ \ \
 \\/  ___)| |_)| | | | | || (_| |  ) ) ) )
  '  |____| .__|_| |_|_| |_\__, | / / / /
 =========|_|==============|___/=/_/_/_/

 :: Spring Boot ::                (v3.3.0)

19:37:27.599 INFO  [main] c.m.v.c.ValidationControllerTest - Starting ValidationControllerTest using Java 21.0.2 with PID 8075 (started by ganeshpalanisamy in /Users/ganeshpalanisamy/Documents/Fintech-projects/market-data-validator/backend)
19:37:27.599 INFO  [main] c.m.v.c.ValidationControllerTest - The following 1 profile is active: "test"
19:37:27.779 INFO  [main] c.m.v.validator.BackpressureQueue - BackpressureQueue started: capacity=10000 policy=DROP_OLDEST event=queue_started
19:37:27.784 INFO  [main] c.m.v.validator.AlertGenerator - Cleared stale alerts from previous run
19:37:27.784 INFO  [main] c.m.v.validator.AlertGenerator - AlertGenerator registered as ValidatorEngine listener (global + per-feed)
19:37:27.916 INFO  [main] c.m.v.c.ValidationControllerTest - Started ValidationControllerTest in 0.333 seconds (process running for 7.911)
19:37:27.917 INFO  [main] c.m.v.c.ValidatorStartupConfigurer - Validator thresholds applied from application.properties: latency.warnThresholdMs=500, accuracy.spikePctThreshold=10.0%, completeness.staleThresholdMs=10000ms, throughput.minMessagesPerSecond=5
19:37:27.917 INFO  [main] c.m.validator.config.SqliteConfig - Initializing SQLite database schema...
19:37:27.918 INFO  [main] c.m.validator.config.SqliteConfig - SQLite schema initialized: 8 statements executed
19:37:27.918 INFO  [main] c.m.validator.config.SqliteConfig - SQLite PRAGMAs set: journal_mode=WAL, busy_timeout=5000
[INFO] Tests run: 13, Failures: 0, Errors: 0, Skipped: 0, Time elapsed: 0.406 s -- in com.marketdata.validator.controller.ValidationControllerTest
[INFO] Running com.marketdata.validator.controller.ComplianceControllerTest
[INFO] Tests run: 17, Failures: 0, Errors: 0, Skipped: 0, Time elapsed: 0.013 s -- in com.marketdata.validator.controller.ComplianceControllerTest
[INFO] Running com.marketdata.validator.controller.FeedControllerTest
  .   ____          _            __ _ _
 /\\ / ___'_ __ _ _(_)_ __  __ _ \ \ \ \
( ( )\___ | '_ | '_| | '_ \/ _` | \ \ \ \
 \\/  ___)| |_)| | | | | || (_| |  ) ) ) )
  '  |____| .__|_| |_|_| |_\__, | / / / /
 =========|_|==============|___/=/_/_/_/

 :: Spring Boot ::                (v3.3.0)

19:37:28.027 INFO  [main] c.m.v.controller.FeedControllerTest - Starting FeedControllerTest using Java 21.0.2 with PID 8075 (started by ganeshpalanisamy in /Users/ganeshpalanisamy/Documents/Fintech-projects/market-data-validator/backend)
19:37:28.027 INFO  [main] c.m.v.controller.FeedControllerTest - No active profile set, falling back to 1 default profile: "default"
19:37:28.197 INFO  [main] c.m.v.controller.FeedControllerTest - Started FeedControllerTest in 0.185 seconds (process running for 8.193)
[INFO] Tests run: 35, Failures: 0, Errors: 0, Skipped: 0, Time elapsed: 0.374 s -- in com.marketdata.validator.controller.FeedControllerTest
[INFO] Running com.marketdata.validator.controller.AlertControllerTest
  .   ____          _            __ _ _
 /\\ / ___'_ __ _ _(_)_ __  __ _ \ \ \ \
( ( )\___ | '_ | '_| | '_ \/ _` | \ \ \ \
 \\/  ___)| |_)| | | | | || (_| |  ) ) ) )
  '  |____| .__|_| |_|_| |_\__, | / / / /
 =========|_|==============|___/=/_/_/_/

 :: Spring Boot ::                (v3.3.0)

19:37:28.395 INFO  [main] c.m.v.controller.AlertControllerTest - Starting AlertControllerTest using Java 21.0.2 with PID 8075 (started by ganeshpalanisamy in /Users/ganeshpalanisamy/Documents/Fintech-projects/market-data-validator/backend)
19:37:28.395 INFO  [main] c.m.v.controller.AlertControllerTest - The following 1 profile is active: "test"
19:37:28.561 INFO  [main] c.m.v.validator.ValidatorEngine - ThroughputValidator timer started (1s interval, global + per-feed)
19:37:28.562 INFO  [main] c.m.v.validator.BackpressureQueue - BackpressureQueue started: capacity=10000 policy=DROP_OLDEST event=queue_started
19:37:28.565 INFO  [main] c.m.v.validator.AlertGenerator - Cleared stale alerts from previous run
19:37:28.565 INFO  [main] c.m.v.validator.AlertGenerator - AlertGenerator registered as ValidatorEngine listener (global + per-feed)
19:37:28.684 INFO  [main] c.m.v.controller.AlertControllerTest - Started AlertControllerTest in 0.303 seconds (process running for 8.68)
19:37:28.685 INFO  [main] c.m.v.c.ValidatorStartupConfigurer - Validator thresholds applied from application.properties: latency.warnThresholdMs=500, accuracy.spikePctThreshold=10.0%, completeness.staleThresholdMs=10000ms, throughput.minMessagesPerSecond=5
19:37:28.685 INFO  [main] c.m.validator.config.SqliteConfig - Initializing SQLite database schema...
19:37:28.686 INFO  [main] c.m.validator.config.SqliteConfig - SQLite schema initialized: 8 statements executed
19:37:28.686 INFO  [main] c.m.validator.config.SqliteConfig - SQLite PRAGMAs set: journal_mode=WAL, busy_timeout=5000
[INFO] Tests run: 10, Failures: 0, Errors: 0, Skipped: 0, Time elapsed: 0.439 s -- in com.marketdata.validator.controller.AlertControllerTest
[INFO] Running com.marketdata.validator.controller.SessionControllerTest
  .   ____          _            __ _ _
 /\\ / ___'_ __ _ _(_)_ __  __ _ \ \ \ \
( ( )\___ | '_ | '_| | '_ \/ _` | \ \ \ \
 \\/  ___)| |_)| | | | | || (_| |  ) ) ) )
  '  |____| .__|_| |_|_| |_\__, | / / / /
 =========|_|==============|___/=/_/_/_/

 :: Spring Boot ::                (v3.3.0)

19:37:28.842 INFO  [main] c.m.v.c.SessionControllerTest - Starting SessionControllerTest using Java 21.0.2 with PID 8075 (started by ganeshpalanisamy in /Users/ganeshpalanisamy/Documents/Fintech-projects/market-data-validator/backend)
19:37:28.865 INFO  [main] c.m.v.c.SessionControllerTest - The following 1 profile is active: "test"
19:37:29.153 INFO  [main] c.m.v.validator.BackpressureQueue - BackpressureQueue started: capacity=10000 policy=DROP_OLDEST event=queue_started
19:37:29.157 INFO  [main] c.m.v.validator.AlertGenerator - Cleared stale alerts from previous run
19:37:29.157 INFO  [main] c.m.v.validator.AlertGenerator - AlertGenerator registered as ValidatorEngine listener (global + per-feed)
19:37:29.274 INFO  [main] c.m.v.c.SessionControllerTest - Started SessionControllerTest in 0.451 seconds (process running for 9.269)
19:37:29.275 INFO  [main] c.m.v.c.ValidatorStartupConfigurer - Validator thresholds applied from application.properties: latency.warnThresholdMs=500, accuracy.spikePctThreshold=10.0%, completeness.staleThresholdMs=10000ms, throughput.minMessagesPerSecond=5
19:37:29.275 INFO  [main] c.m.validator.config.SqliteConfig - Initializing SQLite database schema...
19:37:29.276 INFO  [main] c.m.validator.config.SqliteConfig - SQLite schema initialized: 8 statements executed
19:37:29.276 INFO  [main] c.m.validator.config.SqliteConfig - SQLite PRAGMAs set: journal_mode=WAL, busy_timeout=5000
19:37:29.364 ERROR [main] c.m.v.controller.SessionController - Replay of session 1 failed at tick index 1 (symbol=feed-1:ETHUSDT): validator exploded
com.marketdata.validator.session.SessionReplayer$ReplayException: validator exploded
	at com.marketdata.validator.session.SessionReplayer.replaySync(SessionReplayer.java:83)
	at com.marketdata.validator.controller.SessionController.replaySession(SessionController.java:194)
	at java.base/jdk.internal.reflect.DirectMethodHandleAccessor.invoke(DirectMethodHandleAccessor.java:103)
	at java.base/java.lang.reflect.Method.invoke(Method.java:580)
	at org.springframework.web.method.support.InvocableHandlerMethod.doInvoke(InvocableHandlerMethod.java:255)
	at org.springframework.web.method.support.InvocableHandlerMethod.invokeForRequest(InvocableHandlerMethod.java:188)
	at org.springframework.web.servlet.mvc.method.annotation.ServletInvocableHandlerMethod.invokeAndHandle(ServletInvocableHandlerMethod.java:118)
	at org.springframework.web.servlet.mvc.method.annotation.RequestMappingHandlerAdapter.invokeHandlerMethod(RequestMappingHandlerAdapter.java:926)
	at org.springframework.web.servlet.mvc.method.annotation.RequestMappingHandlerAdapter.handleInternal(RequestMappingHandlerAdapter.java:831)
	at org.springframework.web.servlet.mvc.method.AbstractHandlerMethodAdapter.handle(AbstractHandlerMethodAdapter.java:87)
	at org.springframework.web.servlet.DispatcherServlet.doDispatch(DispatcherServlet.java:1089)
	at org.springframework.web.servlet.DispatcherServlet.doService(DispatcherServlet.java:979)
	at org.springframework.web.servlet.FrameworkServlet.processRequest(FrameworkServlet.java:1014)
	at org.springframework.web.servlet.FrameworkServlet.doPost(FrameworkServlet.java:914)
	at jakarta.servlet.http.HttpServlet.service(HttpServlet.java:590)
	at org.springframework.web.servlet.FrameworkServlet.service(FrameworkServlet.java:885)
	at org.springframework.test.web.servlet.TestDispatcherServlet.service(TestDispatcherServlet.java:72)
	at jakarta.servlet.http.HttpServlet.service(HttpServlet.java:658)
	at org.springframework.mock.web.MockFilterChain$ServletFilterProxy.doFilter(MockFilterChain.java:165)
	at org.springframework.mock.web.MockFilterChain.doFilter(MockFilterChain.java:132)
	at org.springframework.web.filter.RequestContextFilter.doFilterInternal(RequestContextFilter.java:100)
	at org.springframework.web.filter.OncePerRequestFilter.doFilter(OncePerRequestFilter.java:116)
	at org.springframework.test.web.servlet.setup.MockMvcFilterDecorator.doFilter(MockMvcFilterDecorator.java:151)
	at org.springframework.mock.web.MockFilterChain.doFilter(MockFilterChain.java:132)
	at org.springframework.web.filter.FormContentFilter.doFilterInternal(FormContentFilter.java:93)
	at org.springframework.web.filter.OncePerRequestFilter.doFilter(OncePerRequestFilter.java:116)
	at org.springframework.test.web.servlet.setup.MockMvcFilterDecorator.doFilter(MockMvcFilterDecorator.java:151)
	at org.springframework.mock.web.MockFilterChain.doFilter(MockFilterChain.java:132)
	at org.springframework.web.filter.CharacterEncodingFilter.doFilterInternal(CharacterEncodingFilter.java:201)
	at org.springframework.web.filter.OncePerRequestFilter.doFilter(OncePerRequestFilter.java:116)
	at org.springframework.test.web.servlet.setup.MockMvcFilterDecorator.doFilter(MockMvcFilterDecorator.java:151)
	at org.springframework.mock.web.MockFilterChain.doFilter(MockFilterChain.java:132)
	at org.springframework.test.web.servlet.MockMvc.perform(MockMvc.java:201)
	at com.marketdata.validator.controller.SessionControllerTest.replayReturnsStructuredErrorWhenValidatorThrows(SessionControllerTest.java:328)
	at java.base/jdk.internal.reflect.DirectMethodHandleAccessor.invoke(DirectMethodHandleAccessor.java:103)
	at java.base/java.lang.reflect.Method.invoke(Method.java:580)
	at org.junit.platform.commons.util.ReflectionUtils.invokeMethod(ReflectionUtils.java:728)
	at org.junit.jupiter.engine.execution.MethodInvocation.proceed(MethodInvocation.java:60)
	at org.junit.jupiter.engine.execution.InvocationInterceptorChain$ValidatingInvocation.proceed(InvocationInterceptorChain.java:131)
	at org.junit.jupiter.engine.extension.TimeoutExtension.intercept(TimeoutExtension.java:156)
	at org.junit.jupiter.engine.extension.TimeoutExtension.interceptTestableMethod(TimeoutExtension.java:147)
	at org.junit.jupiter.engine.extension.TimeoutExtension.interceptTestMethod(TimeoutExtension.java:86)
	at org.junit.jupiter.engine.execution.InterceptingExecutableInvoker$ReflectiveInterceptorCall.lambda$ofVoidMethod$0(InterceptingExecutableInvoker.java:103)
	at org.junit.jupiter.engine.execution.InterceptingExecutableInvoker.lambda$invoke$0(InterceptingExecutableInvoker.java:93)
	at org.junit.jupiter.engine.execution.InvocationInterceptorChain$InterceptedInvocation.proceed(InvocationInterceptorChain.java:106)
	at org.junit.jupiter.engine.execution.InvocationInterceptorChain.proceed(InvocationInterceptorChain.java:64)
	at org.junit.jupiter.engine.execution.InvocationInterceptorChain.chainAndInvoke(InvocationInterceptorChain.java:45)
	at org.junit.jupiter.engine.execution.InvocationInterceptorChain.invoke(InvocationInterceptorChain.java:37)
	at org.junit.jupiter.engine.execution.InterceptingExecutableInvoker.invoke(InterceptingExecutableInvoker.java:92)
	at org.junit.jupiter.engine.execution.InterceptingExecutableInvoker.invoke(InterceptingExecutableInvoker.java:86)
	at org.junit.jupiter.engine.descriptor.TestMethodTestDescriptor.lambda$invokeTestMethod$7(TestMethodTestDescriptor.java:218)
	at org.junit.platform.engine.support.hierarchical.ThrowableCollector.execute(ThrowableCollector.java:73)
	at org.junit.jupiter.engine.descriptor.TestMethodTestDescriptor.invokeTestMethod(TestMethodTestDescriptor.java:214)
	at org.junit.jupiter.engine.descriptor.TestMethodTestDescriptor.execute(TestMethodTestDescriptor.java:139)
	at org.junit.jupiter.engine.descriptor.TestMethodTestDescriptor.execute(TestMethodTestDescriptor.java:69)
	at org.junit.platform.engine.support.hierarchical.NodeTestTask.lambda$executeRecursively$6(NodeTestTask.java:151)
	at org.junit.platform.engine.support.hierarchical.ThrowableCollector.execute(ThrowableCollector.java:73)
	at org.junit.platform.engine.support.hierarchical.NodeTestTask.lambda$executeRecursively$8(NodeTestTask.java:141)
	at org.junit.platform.engine.support.hierarchical.Node.around(Node.java:137)
	at org.junit.platform.engine.support.hierarchical.NodeTestTask.lambda$executeRecursively$9(NodeTestTask.java:139)
	at org.junit.platform.engine.support.hierarchical.ThrowableCollector.execute(ThrowableCollector.java:73)
	at org.junit.platform.engine.support.hierarchical.NodeTestTask.executeRecursively(NodeTestTask.java:138)
	at org.junit.platform.engine.support.hierarchical.NodeTestTask.execute(NodeTestTask.java:95)
	at java.base/java.util.ArrayList.forEach(ArrayList.java:1596)
	at org.junit.platform.engine.support.hierarchical.SameThreadHierarchicalTestExecutorService.invokeAll(SameThreadHierarchicalTestExecutorService.java:41)
	at org.junit.platform.engine.support.hierarchical.NodeTestTask.lambda$executeRecursively$6(NodeTestTask.java:155)
	at org.junit.platform.engine.support.hierarchical.ThrowableCollector.execute(ThrowableCollector.java:73)
	at org.junit.platform.engine.support.hierarchical.NodeTestTask.lambda$executeRecursively$8(NodeTestTask.java:141)
	at org.junit.platform.engine.support.hierarchical.Node.around(Node.java:137)
	at org.junit.platform.engine.support.hierarchical.NodeTestTask.lambda$executeRecursively$9(NodeTestTask.java:139)
	at org.junit.platform.engine.support.hierarchical.ThrowableCollector.execute(ThrowableCollector.java:73)
	at org.junit.platform.engine.support.hierarchical.NodeTestTask.executeRecursively(NodeTestTask.java:138)
	at org.junit.platform.engine.support.hierarchical.NodeTestTask.execute(NodeTestTask.java:95)
	at java.base/java.util.ArrayList.forEach(ArrayList.java:1596)
	at org.junit.platform.engine.support.hierarchical.SameThreadHierarchicalTestExecutorService.invokeAll(SameThreadHierarchicalTestExecutorService.java:41)
	at org.junit.platform.engine.support.hierarchical.NodeTestTask.lambda$executeRecursively$6(NodeTestTask.java:155)
	at org.junit.platform.engine.support.hierarchical.ThrowableCollector.execute(ThrowableCollector.java:73)
	at org.junit.platform.engine.support.hierarchical.NodeTestTask.lambda$executeRecursively$8(NodeTestTask.java:141)
	at org.junit.platform.engine.support.hierarchical.Node.around(Node.java:137)
	at org.junit.platform.engine.support.hierarchical.NodeTestTask.lambda$executeRecursively$9(NodeTestTask.java:139)
	at org.junit.platform.engine.support.hierarchical.ThrowableCollector.execute(ThrowableCollector.java:73)
	at org.junit.platform.engine.support.hierarchical.NodeTestTask.executeRecursively(NodeTestTask.java:138)
	at org.junit.platform.engine.support.hierarchical.NodeTestTask.execute(NodeTestTask.java:95)
	at org.junit.platform.engine.support.hierarchical.SameThreadHierarchicalTestExecutorService.submit(SameThreadHierarchicalTestExecutorService.java:35)
	at org.junit.platform.engine.support.hierarchical.HierarchicalTestExecutor.execute(HierarchicalTestExecutor.java:57)
	at org.junit.platform.engine.support.hierarchical.HierarchicalTestEngine.execute(HierarchicalTestEngine.java:54)
	at org.junit.platform.launcher.core.EngineExecutionOrchestrator.execute(EngineExecutionOrchestrator.java:198)
	at org.junit.platform.launcher.core.EngineExecutionOrchestrator.execute(EngineExecutionOrchestrator.java:169)
	at org.junit.platform.launcher.core.EngineExecutionOrchestrator.execute(EngineExecutionOrchestrator.java:93)
	at org.junit.platform.launcher.core.EngineExecutionOrchestrator.lambda$execute$0(EngineExecutionOrchestrator.java:58)
	at org.junit.platform.launcher.core.EngineExecutionOrchestrator.withInterceptedStreams(EngineExecutionOrchestrator.java:141)
	at org.junit.platform.launcher.core.EngineExecutionOrchestrator.execute(EngineExecutionOrchestrator.java:57)
	at org.junit.platform.launcher.core.DefaultLauncher.execute(DefaultLauncher.java:103)
	at org.junit.platform.launcher.core.DefaultLauncher.execute(DefaultLauncher.java:85)
	at org.junit.platform.launcher.core.DelegatingLauncher.execute(DelegatingLauncher.java:47)
	at org.apache.maven.surefire.junitplatform.LazyLauncher.execute(LazyLauncher.java:56)
	at org.apache.maven.surefire.junitplatform.JUnitPlatformProvider.execute(JUnitPlatformProvider.java:184)
	at org.apache.maven.surefire.junitplatform.JUnitPlatformProvider.invokeAllTests(JUnitPlatformProvider.java:148)
	at org.apache.maven.surefire.junitplatform.JUnitPlatformProvider.invoke(JUnitPlatformProvider.java:122)
	at org.apache.maven.surefire.booter.ForkedBooter.runSuitesInProcess(ForkedBooter.java:385)
	at org.apache.maven.surefire.booter.ForkedBooter.execute(ForkedBooter.java:162)
	at org.apache.maven.surefire.booter.ForkedBooter.run(ForkedBooter.java:507)
	at org.apache.maven.surefire.booter.ForkedBooter.main(ForkedBooter.java:495)
Caused by: java.lang.RuntimeException: validator exploded
	at com.marketdata.validator.controller.SessionControllerTest.replayReturnsStructuredErrorWhenValidatorThrows(SessionControllerTest.java:324)
	... 69 common frames omitted
[INFO] Tests run: 25, Failures: 0, Errors: 0, Skipped: 0, Time elapsed: 0.575 s -- in com.marketdata.validator.controller.SessionControllerTest
[INFO] Running com.marketdata.validator.controller.StreamControllerTest
  .   ____          _            __ _ _
 /\\ / ___'_ __ _ _(_)_ __  __ _ \ \ \ \
( ( )\___ | '_ | '_| | '_ \/ _` | \ \ \ \
 \\/  ___)| |_)| | | | | || (_| |  ) ) ) )
  '  |____| .__|_| |_|_| |_\__, | / / / /
 =========|_|==============|___/=/_/_/_/

 :: Spring Boot ::                (v3.3.0)

19:37:29.416 INFO  [main] c.m.v.c.StreamControllerTest - Starting StreamControllerTest using Java 21.0.2 with PID 8075 (started by ganeshpalanisamy in /Users/ganeshpalanisamy/Documents/Fintech-projects/market-data-validator/backend)
19:37:29.416 INFO  [main] c.m.v.c.StreamControllerTest - No active profile set, falling back to 1 default profile: "default"
19:37:29.543 INFO  [main] c.m.v.c.StreamControllerTest - Started StreamControllerTest in 0.14 seconds (process running for 9.538)
[INFO] Tests run: 13, Failures: 0, Errors: 0, Skipped: 0, Time elapsed: 0.198 s -- in com.marketdata.validator.controller.StreamControllerTest
[INFO] Running com.marketdata.validator.simulator.LVWRChaosSimulatorTest
19:37:29.595 INFO  [virtual-132] c.m.v.simulator.LVWRChaosSimulator - LVWR_T simulator starting feedId=feed-3 mode=SCENARIO ticksPerSecond=1000
19:37:29.617 INFO  [virtual-132] c.m.v.simulator.LVWRChaosSimulator - LVWR_T simulator stopped feedId=feed-3 ticksSent=20 totalFailures=20
19:37:29.618 INFO  [virtual-134] c.m.v.simulator.LVWRChaosSimulator - LVWR_T simulator starting feedId=feed-6 mode=CLEAN ticksPerSecond=10
19:37:29.822 INFO  [virtual-134] c.m.v.simulator.LVWRChaosSimulator - LVWR_T simulator stopped feedId=feed-6 ticksSent=156 totalFailures=0
19:37:29.823 INFO  [virtual-135] c.m.v.simulator.LVWRChaosSimulator - LVWR_T simulator starting feedId=feed-fix7 mode=NOISY ticksPerSecond=1000
19:37:29.876 INFO  [virtual-135] c.m.v.simulator.LVWRChaosSimulator - LVWR_T simulator stopped feedId=feed-fix7 ticksSent=53 totalFailures=53
19:37:29.878 INFO  [virtual-136] c.m.v.simulator.LVWRChaosSimulator - LVWR_T simulator starting feedId=feed-8 mode=CLEAN ticksPerSecond=10
19:37:29.982 INFO  [virtual-136] c.m.v.simulator.LVWRChaosSimulator - LVWR_T simulator stopped feedId=feed-8 ticksSent=83 totalFailures=0
19:37:29.983 INFO  [virtual-137] c.m.v.simulator.LVWRChaosSimulator - LVWR_T simulator starting feedId=feed-chaos2 mode=CHAOS ticksPerSecond=1000
19:37:30.005 INFO  [virtual-137] c.m.v.simulator.LVWRChaosSimulator - LVWR_T injecting DISCONNECT feedId=feed-chaos2
19:37:38.008 INFO  [virtual-137] c.m.v.simulator.LVWRChaosSimulator - LVWR_T injecting RECONNECT_STORM feedId=feed-chaos2 disconnectCount=1
19:37:38.515 INFO  [virtual-137] c.m.v.simulator.LVWRChaosSimulator - LVWR_T injecting DISCONNECT feedId=feed-chaos2
19:37:39.986 INFO  [virtual-138] c.m.v.simulator.LVWRChaosSimulator - LVWR_T simulator starting feedId=feed-7 mode=CLEAN ticksPerSecond=1000
19:37:39.996 INFO  [virtual-138] c.m.v.simulator.LVWRChaosSimulator - LVWR_T simulator stopped feedId=feed-7 ticksSent=10 totalFailures=0
19:37:39.998 INFO  [virtual-139] c.m.v.simulator.LVWRChaosSimulator - LVWR_T simulator starting feedId=feed-int mode=SCENARIO ticksPerSecond=100
19:37:39.998 INFO  [virtual-139] c.m.v.simulator.LVWRChaosSimulator - LVWR_T injecting DISCONNECT feedId=feed-int
19:37:40.148 INFO  [virtual-139] c.m.v.simulator.LVWRChaosSimulator - LVWR_T simulator stopped feedId=feed-int ticksSent=0 totalFailures=0
19:37:40.150 INFO  [virtual-140] c.m.v.simulator.LVWRChaosSimulator - LVWR_T simulator starting feedId=feed-chaos mode=CHAOS ticksPerSecond=1000
19:37:40.165 INFO  [virtual-140] c.m.v.simulator.LVWRChaosSimulator - LVWR_T injecting DISCONNECT feedId=feed-chaos
19:37:46.520 INFO  [virtual-137] c.m.v.simulator.LVWRChaosSimulator - LVWR_T injecting RECONNECT_STORM feedId=feed-chaos2 disconnectCount=2
19:37:47.026 INFO  [virtual-137] c.m.v.simulator.LVWRChaosSimulator - LVWR_T injecting DISCONNECT feedId=feed-chaos2
19:37:48.170 INFO  [virtual-140] c.m.v.simulator.LVWRChaosSimulator - LVWR_T injecting RECONNECT_STORM feedId=feed-chaos disconnectCount=1
19:37:48.677 INFO  [virtual-140] c.m.v.simulator.LVWRChaosSimulator - LVWR_T injecting DISCONNECT feedId=feed-chaos
19:37:50.155 INFO  [virtual-141] c.m.v.simulator.LVWRChaosSimulator - LVWR_T simulator starting feedId=feed-fix7b mode=SCENARIO ticksPerSecond=1000
19:37:50.207 INFO  [virtual-141] c.m.v.simulator.LVWRChaosSimulator - LVWR_T simulator stopped feedId=feed-fix7b ticksSent=52 totalFailures=52
19:37:50.208 INFO  [virtual-142] c.m.v.simulator.LVWRChaosSimulator - LVWR_T simulator starting feedId=my-feed mode=CLEAN ticksPerSecond=1000
19:37:50.219 INFO  [virtual-142] c.m.v.simulator.LVWRChaosSimulator - LVWR_T simulator stopped feedId=my-feed ticksSent=10 totalFailures=0
19:37:50.220 INFO  [virtual-143] c.m.v.simulator.LVWRChaosSimulator - LVWR_T simulator starting feedId=feed-4 mode=SCENARIO ticksPerSecond=1000
19:37:50.225 INFO  [virtual-143] c.m.v.simulator.LVWRChaosSimulator - LVWR_T simulator stopped feedId=feed-4 ticksSent=5 totalFailures=5
19:37:50.226 INFO  [virtual-144] c.m.v.simulator.LVWRChaosSimulator - LVWR_T simulator starting feedId=feed-10 mode=SCENARIO ticksPerSecond=1000
19:37:50.232 INFO  [virtual-144] c.m.v.simulator.LVWRChaosSimulator - LVWR_T simulator stopped feedId=feed-10 ticksSent=5 totalFailures=5
19:37:50.233 INFO  [virtual-145] c.m.v.simulator.LVWRChaosSimulator - LVWR_T simulator starting feedId=feed-2 mode=NOISY ticksPerSecond=1000
19:37:50.254 INFO  [virtual-145] c.m.v.simulator.LVWRChaosSimulator - LVWR_T simulator stopped feedId=feed-2 ticksSent=20 totalFailures=20
19:37:50.255 INFO  [virtual-146] c.m.v.simulator.LVWRChaosSimulator - LVWR_T simulator starting feedId=feed-wfs mode=CLEAN ticksPerSecond=100
19:37:50.309 INFO  [virtual-146] c.m.v.simulator.LVWRChaosSimulator - LVWR_T simulator stopped feedId=feed-wfs ticksSent=42 totalFailures=0
19:37:50.311 INFO  [virtual-147] c.m.v.simulator.LVWRChaosSimulator - LVWR_T simulator starting feedId=feed-gap mode=SCENARIO ticksPerSecond=1000
19:37:50.316 INFO  [virtual-147] c.m.v.simulator.LVWRChaosSimulator - LVWR_T simulator stopped feedId=feed-gap ticksSent=5 totalFailures=5
19:37:50.317 INFO  [virtual-148] c.m.v.simulator.LVWRChaosSimulator - LVWR_T simulator starting feedId=feed-9 mode=NOISY ticksPerSecond=1000
19:37:50.326 INFO  [virtual-148] c.m.v.simulator.LVWRChaosSimulator - LVWR_T injecting RECONNECT_STORM feedId=feed-9 disconnectCount=1
19:37:50.828 INFO  [virtual-148] c.m.v.simulator.LVWRChaosSimulator - LVWR_T simulator stopped feedId=feed-9 ticksSent=1626 totalFailures=10
19:37:50.829 INFO  [virtual-149] c.m.v.simulator.LVWRChaosSimulator - LVWR_T simulator starting feedId=feed-stop mode=CLEAN ticksPerSecond=1000
19:37:50.849 INFO  [virtual-149] c.m.v.simulator.LVWRChaosSimulator - LVWR_T simulator stopped feedId=feed-stop ticksSent=20 totalFailures=0
19:37:50.850 INFO  [virtual-150] c.m.v.simulator.LVWRChaosSimulator - LVWR_T simulator starting feedId=feed-5 mode=SCENARIO ticksPerSecond=1000
19:37:50.856 INFO  [virtual-150] c.m.v.simulator.LVWRChaosSimulator - LVWR_T simulator stopped feedId=feed-5 ticksSent=5 totalFailures=5
19:37:50.857 INFO  [virtual-151] c.m.v.simulator.LVWRChaosSimulator - LVWR_T simulator starting feedId=feed-1 mode=CLEAN ticksPerSecond=1000
19:37:50.907 INFO  [virtual-151] c.m.v.simulator.LVWRChaosSimulator - LVWR_T simulator stopped feedId=feed-1 ticksSent=50 totalFailures=0
19:37:50.909 INFO  [virtual-152] c.m.v.simulator.LVWRChaosSimulator - LVWR_T simulator starting feedId=feed-restart mode=CLEAN ticksPerSecond=100
19:37:50.960 INFO  [virtual-152] c.m.v.simulator.LVWRChaosSimulator - LVWR_T simulator stopped feedId=feed-restart ticksSent=40 totalFailures=0
19:37:50.961 INFO  [virtual-153] c.m.v.simulator.LVWRChaosSimulator - LVWR_T simulator starting feedId=feed-restart mode=CLEAN ticksPerSecond=100
19:37:51.014 INFO  [virtual-153] c.m.v.simulator.LVWRChaosSimulator - LVWR_T simulator stopped feedId=feed-restart ticksSent=42 totalFailures=0
19:37:51.016 INFO  [virtual-154] c.m.v.simulator.LVWRChaosSimulator - LVWR_T simulator starting feedId=feed-dur mode=SCENARIO ticksPerSecond=100
19:37:51.016 INFO  [virtual-154] c.m.v.simulator.LVWRChaosSimulator - LVWR_T injecting DISCONNECT feedId=feed-dur
19:37:51.120 INFO  [virtual-154] c.m.v.simulator.LVWRChaosSimulator - LVWR_T simulator stopped feedId=feed-dur ticksSent=1 totalFailures=1
[INFO] Tests run: 22, Failures: 0, Errors: 0, Skipped: 0, Time elapsed: 21.53 s -- in com.marketdata.validator.simulator.LVWRChaosSimulatorTest
[INFO] Running com.marketdata.validator.simulator.SimulatorValidatorIntegrationTest
19:37:51.123 INFO  [virtual-155] c.m.v.simulator.LVWRChaosSimulator - LVWR_T simulator starting feedId=int-oo mode=CLEAN ticksPerSecond=1000
19:37:51.174 WARN  [virtual-155] c.m.v.validator.ValidatorEngine - Validation FAIL: validator=ORDERING symbol=US_TSY_10Y status=FAIL value=98.0392156862745 threshold=99.99
19:37:51.175 WARN  [virtual-155] c.m.v.validator.ValidatorEngine - Validation FAIL: validator=ORDERING symbol=EUR/USD status=FAIL value=96.15384615384616 threshold=99.99
19:37:51.176 WARN  [virtual-155] c.m.v.validator.ValidatorEngine - Validation FAIL: validator=ORDERING symbol=GBP/USD status=FAIL value=94.33962264150944 threshold=99.99
19:37:51.177 WARN  [virtual-155] c.m.v.validator.ValidatorEngine - Validation FAIL: validator=ORDERING symbol=SP_BONO_10Y status=FAIL value=92.5925925925926 threshold=99.99
19:37:51.178 WARN  [virtual-155] c.m.v.validator.ValidatorEngine - Validation FAIL: validator=ORDERING symbol=FR_OAT_10Y status=FAIL value=90.9090909090909 threshold=99.99
19:37:51.179 WARN  [virtual-155] c.m.v.validator.ValidatorEngine - Validation FAIL: validator=ORDERING symbol=US_TSY_30Y status=FAIL value=89.28571428571429 threshold=99.99
19:37:51.180 WARN  [virtual-155] c.m.v.validator.ValidatorEngine - Validation FAIL: validator=ORDERING symbol=USD/JPY status=FAIL value=87.71929824561404 threshold=99.99
19:37:51.180 WARN  [virtual-155] c.m.v.validator.ValidatorEngine - Validation FAIL: validator=ORDERING symbol=XAU/USD status=FAIL value=86.20689655172413 threshold=99.99
19:37:51.182 WARN  [virtual-155] c.m.v.validator.ValidatorEngine - Validation FAIL: validator=ORDERING symbol=US_TSY_2Y status=FAIL value=84.7457627118644 threshold=99.99
19:37:51.183 WARN  [virtual-155] c.m.v.validator.ValidatorEngine - Validation FAIL: validator=ORDERING symbol=LIBOR_ON status=FAIL value=83.33333333333334 threshold=99.99
19:37:51.184 WARN  [virtual-155] c.m.v.validator.ValidatorEngine - Validation FAIL: validator=ORDERING symbol=EURIBOR_3M status=FAIL value=81.9672131147541 threshold=99.99
19:37:51.185 WARN  [virtual-155] c.m.v.validator.ValidatorEngine - Validation FAIL: validator=ORDERING symbol=UK_GILT_10Y status=FAIL value=80.64516129032258 threshold=99.99
19:37:51.185 WARN  [virtual-155] c.m.v.validator.ValidatorEngine - Validation FAIL: validator=ORDERING symbol=DE_BUND_10Y status=FAIL value=79.36507936507937 threshold=99.99
19:37:51.187 WARN  [virtual-155] c.m.v.validator.ValidatorEngine - Validation FAIL: validator=ORDERING symbol=CHF_LIBOR_3M status=FAIL value=78.125 threshold=99.99
19:37:51.188 WARN  [virtual-155] c.m.v.validator.ValidatorEngine - Validation FAIL: validator=ORDERING symbol=EUR/GBP status=FAIL value=76.92307692307692 threshold=99.99
19:37:51.189 WARN  [virtual-155] c.m.v.validator.ValidatorEngine - Validation FAIL: validator=ORDERING symbol=JP_JGB_10Y status=FAIL value=75.75757575757575 threshold=99.99
19:37:51.190 WARN  [virtual-155] c.m.v.validator.ValidatorEngine - Validation FAIL: validator=ORDERING symbol=IT_BTP_10Y status=FAIL value=74.62686567164178 threshold=99.99
19:37:51.191 WARN  [virtual-155] c.m.v.validator.ValidatorEngine - Validation FAIL: validator=ORDERING symbol=US_TSY_10Y status=FAIL value=75.0 threshold=99.99
19:37:51.192 WARN  [virtual-155] c.m.v.validator.ValidatorEngine - Validation FAIL: validator=ORDERING symbol=EUR/USD status=FAIL value=75.36231884057972 threshold=99.99
19:37:51.193 WARN  [virtual-155] c.m.v.validator.ValidatorEngine - Validation FAIL: validator=ORDERING symbol=GBP/USD status=FAIL value=75.71428571428571 threshold=99.99
19:37:51.194 WARN  [virtual-155] c.m.v.validator.ValidatorEngine - Validation FAIL: validator=ORDERING symbol=SP_BONO_10Y status=FAIL value=76.05633802816901 threshold=99.99
19:37:51.195 WARN  [virtual-155] c.m.v.validator.ValidatorEngine - Validation FAIL: validator=ORDERING symbol=FR_OAT_10Y status=FAIL value=76.38888888888889 threshold=99.99
19:37:51.196 WARN  [virtual-155] c.m.v.validator.ValidatorEngine - Validation FAIL: validator=ORDERING symbol=US_TSY_30Y status=FAIL value=76.71232876712328 threshold=99.99
19:37:51.197 WARN  [virtual-155] c.m.v.validator.ValidatorEngine - Validation FAIL: validator=ORDERING symbol=USD/JPY status=FAIL value=77.02702702702703 threshold=99.99
19:37:51.198 WARN  [virtual-155] c.m.v.validator.ValidatorEngine - Validation FAIL: validator=ORDERING symbol=XAU/USD status=FAIL value=77.33333333333333 threshold=99.99
19:37:51.199 WARN  [virtual-155] c.m.v.validator.ValidatorEngine - Validation FAIL: validator=ORDERING symbol=US_TSY_2Y status=FAIL value=77.63157894736842 threshold=99.99
19:37:51.199 WARN  [virtual-155] c.m.v.validator.ValidatorEngine - Validation FAIL: validator=ORDERING symbol=LIBOR_ON status=FAIL value=77.92207792207793 threshold=99.99
19:37:51.201 WARN  [virtual-155] c.m.v.validator.ValidatorEngine - Validation FAIL: validator=ORDERING symbol=EURIBOR_3M status=FAIL value=78.2051282051282 threshold=99.99
19:37:51.201 WARN  [virtual-155] c.m.v.validator.ValidatorEngine - Validation FAIL: validator=ORDERING symbol=UK_GILT_10Y status=FAIL value=78.48101265822784 threshold=99.99
19:37:51.203 WARN  [virtual-155] c.m.v.validator.ValidatorEngine - Validation FAIL: validator=ORDERING symbol=DE_BUND_10Y status=FAIL value=78.75 threshold=99.99
19:37:51.204 WARN  [virtual-155] c.m.v.validator.ValidatorEngine - Validation FAIL: validator=ORDERING symbol=CHF_LIBOR_3M status=FAIL value=79.01234567901234 threshold=99.99
19:37:51.205 WARN  [virtual-155] c.m.v.validator.ValidatorEngine - Validation FAIL: validator=ORDERING symbol=EUR/GBP status=FAIL value=79.26829268292683 threshold=99.99
19:37:51.206 WARN  [virtual-155] c.m.v.validator.ValidatorEngine - Validation FAIL: validator=ORDERING symbol=JP_JGB_10Y status=FAIL value=79.51807228915662 threshold=99.99
19:37:51.206 WARN  [virtual-155] c.m.v.validator.ValidatorEngine - Validation FAIL: validator=ORDERING symbol=IT_BTP_10Y status=FAIL value=79.76190476190477 threshold=99.99
19:37:51.208 WARN  [virtual-155] c.m.v.validator.ValidatorEngine - Validation FAIL: validator=ORDERING symbol=US_TSY_10Y status=FAIL value=80.0 threshold=99.99
19:37:51.208 WARN  [virtual-155] c.m.v.validator.ValidatorEngine - Validation FAIL: validator=ORDERING symbol=EUR/USD status=FAIL value=80.23255813953489 threshold=99.99
19:37:51.210 WARN  [virtual-155] c.m.v.validator.ValidatorEngine - Validation FAIL: validator=ORDERING symbol=GBP/USD status=FAIL value=80.45977011494253 threshold=99.99
19:37:51.210 WARN  [virtual-155] c.m.v.validator.ValidatorEngine - Validation FAIL: validator=ORDERING symbol=SP_BONO_10Y status=FAIL value=80.68181818181819 threshold=99.99
19:37:51.212 WARN  [virtual-155] c.m.v.validator.ValidatorEngine - Validation FAIL: validator=ORDERING symbol=FR_OAT_10Y status=FAIL value=80.89887640449437 threshold=99.99
19:37:51.213 WARN  [virtual-155] c.m.v.validator.ValidatorEngine - Validation FAIL: validator=ORDERING symbol=US_TSY_30Y status=FAIL value=81.11111111111111 threshold=99.99
19:37:51.214 WARN  [virtual-155] c.m.v.validator.ValidatorEngine - Validation FAIL: validator=ORDERING symbol=USD/JPY status=FAIL value=81.31868131868131 threshold=99.99
19:37:51.214 WARN  [virtual-155] c.m.v.validator.ValidatorEngine - Validation FAIL: validator=ORDERING symbol=XAU/USD status=FAIL value=81.5217391304348 threshold=99.99
19:37:51.215 WARN  [virtual-155] c.m.v.validator.ValidatorEngine - Validation FAIL: validator=ORDERING symbol=US_TSY_2Y status=FAIL value=81.72043010752688 threshold=99.99
19:37:51.217 WARN  [virtual-155] c.m.v.validator.ValidatorEngine - Validation FAIL: validator=ORDERING symbol=LIBOR_ON status=FAIL value=81.91489361702128 threshold=99.99
19:37:51.217 WARN  [virtual-155] c.m.v.validator.ValidatorEngine - Validation FAIL: validator=ORDERING symbol=EURIBOR_3M status=FAIL value=82.10526315789474 threshold=99.99
19:37:51.219 WARN  [virtual-155] c.m.v.validator.ValidatorEngine - Validation FAIL: validator=ORDERING symbol=UK_GILT_10Y status=FAIL value=82.29166666666666 threshold=99.99
19:37:51.220 WARN  [virtual-155] c.m.v.validator.ValidatorEngine - Validation FAIL: validator=ORDERING symbol=DE_BUND_10Y status=FAIL value=82.4742268041237 threshold=99.99
19:37:51.221 WARN  [virtual-155] c.m.v.validator.ValidatorEngine - Validation FAIL: validator=ORDERING symbol=CHF_LIBOR_3M status=FAIL value=82.6530612244898 threshold=99.99
19:37:51.221 WARN  [virtual-155] c.m.v.validator.ValidatorEngine - Validation FAIL: validator=ORDERING symbol=EUR/GBP status=FAIL value=82.82828282828282 threshold=99.99
19:37:51.222 WARN  [virtual-155] c.m.v.validator.ValidatorEngine - Validation FAIL: validator=ORDERING symbol=JP_JGB_10Y status=FAIL value=83.0 threshold=99.99
19:37:51.224 WARN  [virtual-155] c.m.v.validator.ValidatorEngine - Validation FAIL: validator=ORDERING symbol=IT_BTP_10Y status=FAIL value=83.16831683168317 threshold=99.99
19:37:51.224 WARN  [virtual-155] c.m.v.validator.ValidatorEngine - Validation FAIL: validator=ORDERING symbol=US_TSY_10Y status=FAIL value=83.33333333333334 threshold=99.99
19:37:51.226 WARN  [virtual-155] c.m.v.validator.ValidatorEngine - Validation FAIL: validator=ORDERING symbol=EUR/USD status=FAIL value=83.49514563106796 threshold=99.99
19:37:51.227 WARN  [virtual-155] c.m.v.validator.ValidatorEngine - Validation FAIL: validator=ORDERING symbol=GBP/USD status=FAIL value=83.65384615384616 threshold=99.99
19:37:51.227 INFO  [virtual-155] c.m.v.simulator.LVWRChaosSimulator - LVWR_T simulator stopped feedId=int-oo ticksSent=104 totalFailures=54
19:37:51.228 INFO  [virtual-156] c.m.v.simulator.LVWRChaosSimulator - LVWR_T simulator starting feedId=int-disconnect mode=SCENARIO ticksPerSecond=1000
19:37:51.228 INFO  [virtual-156] c.m.v.simulator.LVWRChaosSimulator - LVWR_T injecting DISCONNECT feedId=int-disconnect
19:37:51.238 INFO  [virtual-156] c.m.v.simulator.LVWRChaosSimulator - LVWR_T injecting DISCONNECT feedId=int-disconnect
19:37:51.249 INFO  [virtual-156] c.m.v.simulator.LVWRChaosSimulator - LVWR_T injecting DISCONNECT feedId=int-disconnect
19:37:51.262 INFO  [virtual-156] c.m.v.simulator.LVWRChaosSimulator - LVWR_T simulator stopped feedId=int-disconnect ticksSent=3 totalFailures=3
19:37:51.263 INFO  [virtual-157] c.m.v.simulator.LVWRChaosSimulator - LVWR_T simulator starting feedId=int-throttle-burst mode=SCENARIO ticksPerSecond=1000
19:37:51.277 INFO  [virtual-157] c.m.v.simulator.LVWRChaosSimulator - LVWR_T simulator stopped feedId=int-throttle-burst ticksSent=800 totalFailures=1
19:37:51.277 INFO  [virtual-158] c.m.v.simulator.LVWRChaosSimulator - LVWR_T simulator starting feedId=int-duplicate mode=SCENARIO ticksPerSecond=1000
19:37:51.303 INFO  [virtual-158] c.m.v.simulator.LVWRChaosSimulator - LVWR_T simulator stopped feedId=int-duplicate ticksSent=50 totalFailures=25
19:37:51.328 INFO  [virtual-159] c.m.v.simulator.LVWRChaosSimulator - LVWR_T simulator starting feedId=int-negative_price mode=SCENARIO ticksPerSecond=1000
19:37:51.328 WARN  [virtual-159] c.m.v.validator.ValidatorEngine - Validation FAIL: validator=ACCURACY symbol=EUR/USD status=FAIL value=0.0 threshold=99.99
19:37:51.328 WARN  [virtual-159] c.m.v.validator.ValidatorEngine - Validation FAIL: validator=STATEFUL symbol=EUR/USD status=FAIL value=0.0 threshold=99.99
19:37:51.329 WARN  [virtual-159] c.m.v.validator.ValidatorEngine - Validation FAIL: validator=ACCURACY symbol=GBP/USD status=FAIL value=0.0 threshold=99.99
19:37:51.329 WARN  [virtual-159] c.m.v.validator.ValidatorEngine - Validation FAIL: validator=STATEFUL symbol=GBP/USD status=FAIL value=0.0 threshold=99.99
19:37:51.330 WARN  [virtual-159] c.m.v.validator.ValidatorEngine - Validation FAIL: validator=ACCURACY symbol=SP_BONO_10Y status=FAIL value=0.0 threshold=99.99
19:37:51.331 WARN  [virtual-159] c.m.v.validator.ValidatorEngine - Validation FAIL: validator=STATEFUL symbol=SP_BONO_10Y status=FAIL value=0.0 threshold=99.99
19:37:51.331 WARN  [virtual-159] c.m.v.validator.ValidatorEngine - Validation FAIL: validator=ACCURACY symbol=FR_OAT_10Y status=FAIL value=0.0 threshold=99.99
19:37:51.331 WARN  [virtual-159] c.m.v.validator.ValidatorEngine - Validation FAIL: validator=STATEFUL symbol=FR_OAT_10Y status=FAIL value=0.0 threshold=99.99
19:37:51.332 WARN  [virtual-159] c.m.v.validator.ValidatorEngine - Validation FAIL: validator=ACCURACY symbol=US_TSY_30Y status=FAIL value=0.0 threshold=99.99
19:37:51.333 WARN  [virtual-159] c.m.v.validator.ValidatorEngine - Validation FAIL: validator=STATEFUL symbol=US_TSY_30Y status=FAIL value=0.0 threshold=99.99
19:37:51.333 WARN  [virtual-159] c.m.v.validator.ValidatorEngine - Validation FAIL: validator=ACCURACY symbol=USD/JPY status=FAIL value=0.0 threshold=99.99
19:37:51.333 WARN  [virtual-159] c.m.v.validator.ValidatorEngine - Validation FAIL: validator=STATEFUL symbol=USD/JPY status=FAIL value=0.0 threshold=99.99
19:37:51.334 WARN  [virtual-159] c.m.v.validator.ValidatorEngine - Validation FAIL: validator=ACCURACY symbol=XAU/USD status=FAIL value=0.0 threshold=99.99
19:37:51.335 WARN  [virtual-159] c.m.v.validator.ValidatorEngine - Validation FAIL: validator=STATEFUL symbol=XAU/USD status=FAIL value=0.0 threshold=99.99
19:37:51.335 WARN  [virtual-159] c.m.v.validator.ValidatorEngine - Validation FAIL: validator=ACCURACY symbol=US_TSY_2Y status=FAIL value=0.0 threshold=99.99
19:37:51.336 WARN  [virtual-159] c.m.v.validator.ValidatorEngine - Validation FAIL: validator=STATEFUL symbol=US_TSY_2Y status=FAIL value=0.0 threshold=99.99
19:37:51.336 WARN  [virtual-159] c.m.v.validator.ValidatorEngine - Validation FAIL: validator=ACCURACY symbol=LIBOR_ON status=FAIL value=0.0 threshold=99.99
19:37:51.337 WARN  [virtual-159] c.m.v.validator.ValidatorEngine - Validation FAIL: validator=STATEFUL symbol=LIBOR_ON status=FAIL value=0.0 threshold=99.99
19:37:51.337 WARN  [virtual-159] c.m.v.validator.ValidatorEngine - Validation FAIL: validator=ACCURACY symbol=EURIBOR_3M status=FAIL value=0.0 threshold=99.99
19:37:51.338 WARN  [virtual-159] c.m.v.validator.ValidatorEngine - Validation FAIL: validator=STATEFUL symbol=EURIBOR_3M status=FAIL value=0.0 threshold=99.99
19:37:51.338 WARN  [virtual-159] c.m.v.validator.ValidatorEngine - Validation FAIL: validator=ACCURACY symbol=UK_GILT_10Y status=FAIL value=0.0 threshold=99.99
19:37:51.339 WARN  [virtual-159] c.m.v.validator.ValidatorEngine - Validation FAIL: validator=STATEFUL symbol=UK_GILT_10Y status=FAIL value=0.0 threshold=99.99
19:37:51.339 WARN  [virtual-159] c.m.v.validator.ValidatorEngine - Validation FAIL: validator=ACCURACY symbol=DE_BUND_10Y status=FAIL value=0.0 threshold=99.99
19:37:51.340 WARN  [virtual-159] c.m.v.validator.ValidatorEngine - Validation FAIL: validator=STATEFUL symbol=DE_BUND_10Y status=FAIL value=0.0 threshold=99.99
19:37:51.340 WARN  [virtual-159] c.m.v.validator.ValidatorEngine - Validation FAIL: validator=ACCURACY symbol=CHF_LIBOR_3M status=FAIL value=0.0 threshold=99.99
19:37:51.341 WARN  [virtual-159] c.m.v.validator.ValidatorEngine - Validation FAIL: validator=STATEFUL symbol=CHF_LIBOR_3M status=FAIL value=0.0 threshold=99.99
19:37:51.341 WARN  [virtual-159] c.m.v.validator.ValidatorEngine - Validation FAIL: validator=ACCURACY symbol=EUR/GBP status=FAIL value=0.0 threshold=99.99
19:37:51.341 WARN  [virtual-159] c.m.v.validator.ValidatorEngine - Validation FAIL: validator=STATEFUL symbol=EUR/GBP status=FAIL value=0.0 threshold=99.99
19:37:51.342 WARN  [virtual-159] c.m.v.validator.ValidatorEngine - Validation FAIL: validator=ACCURACY symbol=JP_JGB_10Y status=FAIL value=0.0 threshold=99.99
19:37:51.342 WARN  [virtual-159] c.m.v.validator.ValidatorEngine - Validation FAIL: validator=STATEFUL symbol=JP_JGB_10Y status=FAIL value=0.0 threshold=99.99
19:37:51.343 WARN  [virtual-159] c.m.v.validator.ValidatorEngine - Validation FAIL: validator=ACCURACY symbol=IT_BTP_10Y status=FAIL value=0.0 threshold=99.99
19:37:51.344 WARN  [virtual-159] c.m.v.validator.ValidatorEngine - Validation FAIL: validator=STATEFUL symbol=IT_BTP_10Y status=FAIL value=0.0 threshold=99.99
19:37:51.344 WARN  [virtual-159] c.m.v.validator.ValidatorEngine - Validation FAIL: validator=ACCURACY symbol=US_TSY_10Y status=FAIL value=0.0 threshold=99.99
19:37:51.345 WARN  [virtual-159] c.m.v.validator.ValidatorEngine - Validation FAIL: validator=STATEFUL symbol=US_TSY_10Y status=FAIL value=0.0 threshold=99.99
19:37:51.345 WARN  [virtual-159] c.m.v.validator.ValidatorEngine - Validation FAIL: validator=ACCURACY symbol=EUR/USD status=FAIL value=0.0 threshold=99.99
19:37:51.345 WARN  [virtual-159] c.m.v.validator.ValidatorEngine - Validation FAIL: validator=STATEFUL symbol=EUR/USD status=FAIL value=0.0 threshold=99.99
19:37:51.346 WARN  [virtual-159] c.m.v.validator.ValidatorEngine - Validation FAIL: validator=ACCURACY symbol=GBP/USD status=FAIL value=0.0 threshold=99.99
19:37:51.347 WARN  [virtual-159] c.m.v.validator.ValidatorEngine - Validation FAIL: validator=STATEFUL symbol=GBP/USD status=FAIL value=0.0 threshold=99.99
19:37:51.347 WARN  [virtual-159] c.m.v.validator.ValidatorEngine - Validation FAIL: validator=ACCURACY symbol=SP_BONO_10Y status=FAIL value=0.0 threshold=99.99
19:37:51.348 WARN  [virtual-159] c.m.v.validator.ValidatorEngine - Validation FAIL: validator=STATEFUL symbol=SP_BONO_10Y status=FAIL value=0.0 threshold=99.99
19:37:51.348 WARN  [virtual-159] c.m.v.validator.ValidatorEngine - Validation FAIL: validator=ACCURACY symbol=FR_OAT_10Y status=FAIL value=0.0 threshold=99.99
19:37:51.349 WARN  [virtual-159] c.m.v.validator.ValidatorEngine - Validation FAIL: validator=STATEFUL symbol=FR_OAT_10Y status=FAIL value=0.0 threshold=99.99
19:37:51.349 WARN  [virtual-159] c.m.v.validator.ValidatorEngine - Validation FAIL: validator=ACCURACY symbol=US_TSY_30Y status=FAIL value=0.0 threshold=99.99
19:37:51.350 WARN  [virtual-159] c.m.v.validator.ValidatorEngine - Validation FAIL: validator=STATEFUL symbol=US_TSY_30Y status=FAIL value=0.0 threshold=99.99
19:37:51.350 WARN  [virtual-159] c.m.v.validator.ValidatorEngine - Validation FAIL: validator=ACCURACY symbol=USD/JPY status=FAIL value=0.0 threshold=99.99
19:37:51.351 WARN  [virtual-159] c.m.v.validator.ValidatorEngine - Validation FAIL: validator=STATEFUL symbol=USD/JPY status=FAIL value=0.0 threshold=99.99
19:37:51.351 WARN  [virtual-159] c.m.v.validator.ValidatorEngine - Validation FAIL: validator=ACCURACY symbol=XAU/USD status=FAIL value=0.0 threshold=99.99
19:37:51.352 WARN  [virtual-159] c.m.v.validator.ValidatorEngine - Validation FAIL: validator=STATEFUL symbol=XAU/USD status=FAIL value=0.0 threshold=99.99
19:37:51.352 WARN  [virtual-159] c.m.v.validator.ValidatorEngine - Validation FAIL: validator=ACCURACY symbol=US_TSY_2Y status=FAIL value=0.0 threshold=99.99
19:37:51.353 WARN  [virtual-159] c.m.v.validator.ValidatorEngine - Validation FAIL: validator=STATEFUL symbol=US_TSY_2Y status=FAIL value=0.0 threshold=99.99
19:37:51.353 INFO  [virtual-159] c.m.v.simulator.LVWRChaosSimulator - LVWR_T simulator stopped feedId=int-negative_price ticksSent=25 totalFailures=25
19:37:51.357 INFO  [virtual-160] c.m.v.simulator.LVWRChaosSimulator - LVWR_T simulator starting feedId=int-price_spike mode=SCENARIO ticksPerSecond=1000
19:37:51.374 WARN  [virtual-160] c.m.v.validator.ValidatorEngine - Validation FAIL: validator=ACCURACY symbol=EUR/USD status=FAIL value=94.44444444444444 threshold=99.99
19:37:51.375 WARN  [virtual-160] c.m.v.validator.ValidatorEngine - Validation FAIL: validator=ACCURACY symbol=GBP/USD status=FAIL value=89.47368421052632 threshold=99.99
19:37:51.376 WARN  [virtual-160] c.m.v.validator.ValidatorEngine - Validation FAIL: validator=ACCURACY symbol=SP_BONO_10Y status=FAIL value=85.0 threshold=99.99
19:37:51.377 WARN  [virtual-160] c.m.v.validator.ValidatorEngine - Validation FAIL: validator=ACCURACY symbol=FR_OAT_10Y status=FAIL value=80.95238095238095 threshold=99.99
19:37:51.378 WARN  [virtual-160] c.m.v.validator.ValidatorEngine - Validation FAIL: validator=ACCURACY symbol=US_TSY_30Y status=FAIL value=77.27272727272727 threshold=99.99
19:37:51.379 WARN  [virtual-160] c.m.v.validator.ValidatorEngine - Validation FAIL: validator=ACCURACY symbol=USD/JPY status=FAIL value=73.91304347826087 threshold=99.99
19:37:51.380 WARN  [virtual-160] c.m.v.validator.ValidatorEngine - Validation FAIL: validator=ACCURACY symbol=XAU/USD status=FAIL value=70.83333333333333 threshold=99.99
19:37:51.381 WARN  [virtual-160] c.m.v.validator.ValidatorEngine - Validation FAIL: validator=ACCURACY symbol=US_TSY_2Y status=FAIL value=68.0 threshold=99.99
19:37:51.382 INFO  [virtual-160] c.m.v.simulator.LVWRChaosSimulator - LVWR_T simulator stopped feedId=int-price_spike ticksSent=25 totalFailures=25
19:37:51.383 INFO  [virtual-161] c.m.v.simulator.LVWRChaosSimulator - LVWR_T simulator starting feedId=int-sequence_gap mode=SCENARIO ticksPerSecond=1000
19:37:51.401 WARN  [virtual-161] c.m.v.validator.ValidatorEngine - Validation FAIL: validator=COMPLETENESS symbol=EUR/USD status=FAIL value=78.26086956521739 threshold=99.99
19:37:51.402 WARN  [virtual-161] c.m.v.validator.ValidatorEngine - Validation FAIL: validator=COMPLETENESS symbol=GBP/USD status=FAIL value=65.51724137931035 threshold=99.99
19:37:51.403 WARN  [virtual-161] c.m.v.validator.ValidatorEngine - Validation FAIL: validator=COMPLETENESS symbol=SP_BONO_10Y status=FAIL value=57.142857142857146 threshold=99.99
19:37:51.404 WARN  [virtual-161] c.m.v.validator.ValidatorEngine - Validation FAIL: validator=COMPLETENESS symbol=FR_OAT_10Y status=FAIL value=51.21951219512195 threshold=99.99
19:37:51.405 WARN  [virtual-161] c.m.v.validator.ValidatorEngine - Validation FAIL: validator=COMPLETENESS symbol=US_TSY_30Y status=FAIL value=46.808510638297875 threshold=99.99
19:37:51.406 WARN  [virtual-161] c.m.v.validator.ValidatorEngine - Validation FAIL: validator=COMPLETENESS symbol=USD/JPY status=FAIL value=43.39622641509434 threshold=99.99
19:37:51.407 WARN  [virtual-161] c.m.v.validator.ValidatorEngine - Validation FAIL: validator=COMPLETENESS symbol=XAU/USD status=FAIL value=40.67796610169491 threshold=99.99
19:37:51.408 WARN  [virtual-161] c.m.v.validator.ValidatorEngine - Validation FAIL: validator=COMPLETENESS symbol=US_TSY_2Y status=FAIL value=38.46153846153846 threshold=99.99
19:37:51.409 INFO  [virtual-161] c.m.v.simulator.LVWRChaosSimulator - LVWR_T simulator stopped feedId=int-sequence_gap ticksSent=25 totalFailures=25
19:37:51.410 INFO  [virtual-162] c.m.v.simulator.LVWRChaosSimulator - LVWR_T simulator starting feedId=int-stale_timestamp mode=SCENARIO ticksPerSecond=1000
19:37:51.410 WARN  [virtual-162] c.m.v.validator.ValidatorEngine - Validation FAIL: validator=LATENCY symbol=EUR/USD status=FAIL value=5000.0 threshold=500.0
19:37:51.411 WARN  [virtual-162] c.m.v.validator.ValidatorEngine - Validation FAIL: validator=LATENCY symbol=GBP/USD status=FAIL value=5000.0 threshold=500.0
19:37:51.412 WARN  [virtual-162] c.m.v.validator.ValidatorEngine - Validation FAIL: validator=LATENCY symbol=SP_BONO_10Y status=FAIL value=5000.0 threshold=500.0
19:37:51.413 WARN  [virtual-162] c.m.v.validator.ValidatorEngine - Validation FAIL: validator=LATENCY symbol=FR_OAT_10Y status=FAIL value=5000.0 threshold=500.0
19:37:51.414 WARN  [virtual-162] c.m.v.validator.ValidatorEngine - Validation FAIL: validator=LATENCY symbol=US_TSY_30Y status=FAIL value=5000.0 threshold=500.0
19:37:51.415 WARN  [virtual-162] c.m.v.validator.ValidatorEngine - Validation FAIL: validator=LATENCY symbol=USD/JPY status=FAIL value=5000.0 threshold=500.0
19:37:51.416 WARN  [virtual-162] c.m.v.validator.ValidatorEngine - Validation FAIL: validator=LATENCY symbol=XAU/USD status=FAIL value=5000.0 threshold=500.0
19:37:51.417 WARN  [virtual-162] c.m.v.validator.ValidatorEngine - Validation FAIL: validator=LATENCY symbol=US_TSY_2Y status=FAIL value=5000.0 threshold=500.0
19:37:51.418 WARN  [virtual-162] c.m.v.validator.ValidatorEngine - Validation FAIL: validator=LATENCY symbol=LIBOR_ON status=FAIL value=5000.0 threshold=500.0
19:37:51.419 WARN  [virtual-162] c.m.v.validator.ValidatorEngine - Validation FAIL: validator=LATENCY symbol=EURIBOR_3M status=FAIL value=5000.0 threshold=500.0
19:37:51.420 INFO  [virtual-162] c.m.v.simulator.LVWRChaosSimulator - LVWR_T simulator stopped feedId=int-stale_timestamp ticksSent=10 totalFailures=10
19:37:51.421 INFO  [virtual-163] c.m.v.simulator.LVWRChaosSimulator - LVWR_T simulator starting feedId=int-cumvol-backward mode=SCENARIO ticksPerSecond=1000
19:37:51.446 INFO  [virtual-163] c.m.v.simulator.LVWRChaosSimulator - LVWR_T simulator stopped feedId=int-cumvol-backward ticksSent=25 totalFailures=25
19:37:51.448 INFO  [virtual-164] c.m.v.simulator.LVWRChaosSimulator - LVWR_T simulator starting feedId=int-seq-gap mode=SCENARIO ticksPerSecond=1000
19:37:51.465 WARN  [virtual-164] c.m.v.validator.ValidatorEngine - Validation FAIL: validator=COMPLETENESS symbol=EUR/USD status=FAIL value=78.26086956521739 threshold=99.99
19:37:51.466 WARN  [virtual-164] c.m.v.validator.ValidatorEngine - Validation FAIL: validator=COMPLETENESS symbol=GBP/USD status=FAIL value=65.51724137931035 threshold=99.99
19:37:51.467 WARN  [virtual-164] c.m.v.validator.ValidatorEngine - Validation FAIL: validator=COMPLETENESS symbol=SP_BONO_10Y status=FAIL value=57.142857142857146 threshold=99.99
19:37:51.468 WARN  [virtual-164] c.m.v.validator.ValidatorEngine - Validation FAIL: validator=COMPLETENESS symbol=FR_OAT_10Y status=FAIL value=51.21951219512195 threshold=99.99
19:37:51.469 WARN  [virtual-164] c.m.v.validator.ValidatorEngine - Validation FAIL: validator=COMPLETENESS symbol=US_TSY_30Y status=FAIL value=46.808510638297875 threshold=99.99
19:37:51.470 WARN  [virtual-164] c.m.v.validator.ValidatorEngine - Validation FAIL: validator=COMPLETENESS symbol=USD/JPY status=FAIL value=43.39622641509434 threshold=99.99
19:37:51.471 WARN  [virtual-164] c.m.v.validator.ValidatorEngine - Validation FAIL: validator=COMPLETENESS symbol=XAU/USD status=FAIL value=40.67796610169491 threshold=99.99
19:37:51.472 WARN  [virtual-164] c.m.v.validator.ValidatorEngine - Validation FAIL: validator=COMPLETENESS symbol=US_TSY_2Y status=FAIL value=38.46153846153846 threshold=99.99
19:37:51.473 INFO  [virtual-164] c.m.v.simulator.LVWRChaosSimulator - LVWR_T simulator stopped feedId=int-seq-gap ticksSent=25 totalFailures=25
19:37:51.475 INFO  [virtual-165] c.m.v.simulator.LVWRChaosSimulator - LVWR_T simulator starting feedId=int-symbol-mismatch mode=SCENARIO ticksPerSecond=1000
19:37:51.500 INFO  [virtual-165] c.m.v.simulator.LVWRChaosSimulator - LVWR_T simulator stopped feedId=int-symbol-mismatch ticksSent=25 totalFailures=25
19:37:51.501 INFO  [virtual-166] c.m.v.simulator.LVWRChaosSimulator - LVWR_T simulator starting feedId=int-malformed mode=SCENARIO ticksPerSecond=1000
19:37:51.522 INFO  [virtual-166] c.m.v.simulator.LVWRChaosSimulator - LVWR_T simulator stopped feedId=int-malformed ticksSent=0 totalFailures=20
19:37:51.524 INFO  [virtual-167] c.m.v.simulator.LVWRChaosSimulator - LVWR_T simulator starting feedId=int-price-spike mode=SCENARIO ticksPerSecond=1000
19:37:51.541 WARN  [virtual-167] c.m.v.validator.ValidatorEngine - Validation FAIL: validator=ACCURACY symbol=EUR/USD status=FAIL value=94.44444444444444 threshold=99.99
19:37:51.542 WARN  [virtual-167] c.m.v.validator.ValidatorEngine - Validation FAIL: validator=ACCURACY symbol=GBP/USD status=FAIL value=89.47368421052632 threshold=99.99
19:37:51.543 WARN  [virtual-167] c.m.v.validator.ValidatorEngine - Validation FAIL: validator=ACCURACY symbol=SP_BONO_10Y status=FAIL value=85.0 threshold=99.99
19:37:51.544 WARN  [virtual-167] c.m.v.validator.ValidatorEngine - Validation FAIL: validator=ACCURACY symbol=FR_OAT_10Y status=FAIL value=80.95238095238095 threshold=99.99
19:37:51.545 WARN  [virtual-167] c.m.v.validator.ValidatorEngine - Validation FAIL: validator=ACCURACY symbol=US_TSY_30Y status=FAIL value=77.27272727272727 threshold=99.99
19:37:51.546 WARN  [virtual-167] c.m.v.validator.ValidatorEngine - Validation FAIL: validator=ACCURACY symbol=USD/JPY status=FAIL value=73.91304347826087 threshold=99.99
19:37:51.547 WARN  [virtual-167] c.m.v.validator.ValidatorEngine - Validation FAIL: validator=ACCURACY symbol=XAU/USD status=FAIL value=70.83333333333333 threshold=99.99
19:37:51.548 WARN  [virtual-167] c.m.v.validator.ValidatorEngine - Validation FAIL: validator=ACCURACY symbol=US_TSY_2Y status=FAIL value=68.0 threshold=99.99
19:37:51.549 INFO  [virtual-167] c.m.v.simulator.LVWRChaosSimulator - LVWR_T simulator stopped feedId=int-price-spike ticksSent=25 totalFailures=25
19:37:51.551 INFO  [virtual-168] c.m.v.simulator.LVWRChaosSimulator - LVWR_T simulator starting feedId=int-stale-ts mode=SCENARIO ticksPerSecond=1000
19:37:51.551 WARN  [virtual-168] c.m.v.validator.ValidatorEngine - Validation FAIL: validator=LATENCY symbol=EUR/USD status=FAIL value=5000.0 threshold=500.0
19:37:51.552 WARN  [virtual-168] c.m.v.validator.ValidatorEngine - Validation FAIL: validator=LATENCY symbol=GBP/USD status=FAIL value=5000.0 threshold=500.0
19:37:51.553 WARN  [virtual-168] c.m.v.validator.ValidatorEngine - Validation FAIL: validator=LATENCY symbol=SP_BONO_10Y status=FAIL value=5000.0 threshold=500.0
19:37:51.554 WARN  [virtual-168] c.m.v.validator.ValidatorEngine - Validation FAIL: validator=LATENCY symbol=FR_OAT_10Y status=FAIL value=5000.0 threshold=500.0
19:37:51.555 WARN  [virtual-168] c.m.v.validator.ValidatorEngine - Validation FAIL: validator=LATENCY symbol=US_TSY_30Y status=FAIL value=5000.0 threshold=500.0
19:37:51.556 WARN  [virtual-168] c.m.v.validator.ValidatorEngine - Validation FAIL: validator=LATENCY symbol=USD/JPY status=FAIL value=5000.0 threshold=500.0
19:37:51.557 WARN  [virtual-168] c.m.v.validator.ValidatorEngine - Validation FAIL: validator=LATENCY symbol=XAU/USD status=FAIL value=5000.0 threshold=500.0
19:37:51.558 WARN  [virtual-168] c.m.v.validator.ValidatorEngine - Validation FAIL: validator=LATENCY symbol=US_TSY_2Y status=FAIL value=5000.0 threshold=500.0
19:37:51.559 WARN  [virtual-168] c.m.v.validator.ValidatorEngine - Validation FAIL: validator=LATENCY symbol=LIBOR_ON status=FAIL value=5000.0 threshold=500.0
19:37:51.560 WARN  [virtual-168] c.m.v.validator.ValidatorEngine - Validation FAIL: validator=LATENCY symbol=EURIBOR_3M status=FAIL value=5000.0 threshold=500.0
19:37:51.561 INFO  [virtual-168] c.m.v.simulator.LVWRChaosSimulator - LVWR_T simulator stopped feedId=int-stale-ts ticksSent=10 totalFailures=10
19:37:51.562 INFO  [virtual-169] c.m.v.simulator.LVWRChaosSimulator - LVWR_T simulator starting feedId=int-reconnect-storm mode=SCENARIO ticksPerSecond=1000
19:37:51.562 INFO  [virtual-169] c.m.v.simulator.LVWRChaosSimulator - LVWR_T injecting RECONNECT_STORM feedId=int-reconnect-storm disconnectCount=1
19:37:51.567 INFO  [virtual-169] c.m.v.simulator.LVWRChaosSimulator - LVWR_T injecting RECONNECT_STORM feedId=int-reconnect-storm disconnectCount=2
19:37:51.573 INFO  [virtual-169] c.m.v.simulator.LVWRChaosSimulator - LVWR_T injecting RECONNECT_STORM feedId=int-reconnect-storm disconnectCount=3
19:37:51.579 INFO  [virtual-169] c.m.v.simulator.LVWRChaosSimulator - LVWR_T injecting RECONNECT_STORM feedId=int-reconnect-storm disconnectCount=4
19:37:51.586 INFO  [virtual-169] c.m.v.simulator.LVWRChaosSimulator - LVWR_T injecting RECONNECT_STORM feedId=int-reconnect-storm disconnectCount=5
19:37:51.592 INFO  [virtual-169] c.m.v.simulator.LVWRChaosSimulator - LVWR_T simulator stopped feedId=int-reconnect-storm ticksSent=5 totalFailures=5
[INFO] Tests run: 15, Failures: 0, Errors: 0, Skipped: 0, Time elapsed: 0.471 s -- in com.marketdata.validator.simulator.SimulatorValidatorIntegrationTest
[INFO] Running com.marketdata.validator.simulator.ScenarioEngineTest
[INFO] Tests run: 10, Failures: 0, Errors: 0, Skipped: 0, Time elapsed: 0.004 s -- in com.marketdata.validator.simulator.ScenarioEngineTest
[INFO] Running com.marketdata.validator.feed.GenericAdapterTest
19:37:51.609 WARN  [main] c.m.validator.feed.GenericAdapter - Failed to parse generic message: Unexpected character ('i' (code 105)): was expecting double-quote to start field name
 at [Source: REDACTED (`StreamReadFeature.INCLUDE_SOURCE_IN_LOCATION` disabled); line: 1, column: 2]
[INFO] Tests run: 17, Failures: 0, Errors: 0, Skipped: 0, Time elapsed: 0.011 s -- in com.marketdata.validator.feed.GenericAdapterTest
[INFO] Running com.marketdata.validator.feed.BinanceAdapterTest
19:37:51.612 WARN  [main] c.m.validator.feed.BinanceAdapter - Failed to parse Binance message: argument "content" is null
19:37:51.614 WARN  [main] c.m.validator.feed.BinanceAdapter - Binance trade message missing required fields
19:37:51.617 WARN  [main] c.m.validator.feed.BinanceAdapter - Binance trade message missing required fields
19:37:51.619 WARN  [main] c.m.validator.feed.BinanceAdapter - Binance trade message missing required fields
19:37:51.619 WARN  [main] c.m.validator.feed.BinanceAdapter - Binance trade message missing required fields
19:37:51.620 WARN  [main] c.m.validator.feed.BinanceAdapter - Failed to parse Binance message: Unrecognized token 'not': was expecting (JSON String, Number, Array, Object or token 'null', 'true' or 'false')
 at [Source: REDACTED (`StreamReadFeature.INCLUDE_SOURCE_IN_LOCATION` disabled); line: 1, column: 4]
[INFO] Tests run: 23, Failures: 0, Errors: 0, Skipped: 0, Time elapsed: 0.011 s -- in com.marketdata.validator.feed.BinanceAdapterTest
[INFO] Running com.marketdata.validator.feed.FinnhubAdapterTest
19:37:51.625 WARN  [main] c.m.validator.feed.FinnhubAdapter - Finnhub trade node missing required fields
19:37:51.626 WARN  [main] c.m.validator.feed.FinnhubAdapter - Finnhub trade node missing required fields
19:37:51.629 WARN  [main] c.m.validator.feed.FinnhubAdapter - Finnhub trade node missing required fields
19:37:51.630 WARN  [main] c.m.validator.feed.FinnhubAdapter - Finnhub trade node missing required fields
19:37:51.630 WARN  [main] c.m.validator.feed.FinnhubAdapter - Finnhub trade node missing required fields
19:37:51.631 WARN  [main] c.m.validator.feed.FinnhubAdapter - Failed to parse Finnhub message: Unexpected character ('i' (code 105)): was expecting double-quote to start field name
 at [Source: REDACTED (`StreamReadFeature.INCLUDE_SOURCE_IN_LOCATION` disabled); line: 1, column: 2]
[INFO] Tests run: 22, Failures: 0, Errors: 0, Skipped: 0, Time elapsed: 0.010 s -- in com.marketdata.validator.feed.FinnhubAdapterTest
[INFO] Running com.marketdata.validator.feed.FeedConnectionTest
19:37:51.727 INFO  [main] c.m.validator.feed.FeedConnection - Reconnecting feed=Test Feed in 1000ms (attempt 1/10) event=reconnecting
19:37:51.733 INFO  [main] c.m.validator.feed.FeedConnection - Clock offset calibrated: -2005ms (minRaw=-2000ms, baseline=5ms) from 20 samples event=clock_offset_calibrated
19:37:51.735 INFO  [main] c.m.validator.feed.FeedConnection - Reconnecting feed=Test Feed in 1000ms (attempt 1/10) event=reconnecting
19:37:51.736 INFO  [main] c.m.validator.feed.FeedConnection - Disconnected from feed: Test Feed
19:37:51.737 INFO  [main] c.m.validator.feed.FeedConnection - Clock offset calibrated: -2005ms (minRaw=-2000ms, baseline=5ms) from 20 samples event=clock_offset_calibrated
19:37:51.739 INFO  [main] c.m.validator.feed.FeedConnection - Clock offset calibrated: -1975ms (minRaw=-1970ms, baseline=5ms) from 20 samples event=clock_offset_calibrated
19:37:51.741 INFO  [main] c.m.validator.feed.FeedConnection - Clock offset calibrated: -2005ms (minRaw=-2000ms, baseline=5ms) from 20 samples event=clock_offset_calibrated
19:37:51.741 INFO  [main] c.m.validator.feed.FeedConnection - Disconnected from feed: Test Feed
19:37:51.743 INFO  [virtual-179] c.m.validator.feed.FeedConnection - Reconnecting feed=Test Feed in 1000ms (attempt 1/10) event=reconnecting
19:37:51.745 INFO  [main] c.m.validator.feed.FeedConnection - Reconnecting feed=Test Feed in 1000ms (attempt 1/10) event=reconnecting
19:37:51.747 INFO  [main] c.m.validator.feed.FeedConnection - Reconnecting feed=Test Feed in 1000ms (attempt 1/10) event=reconnecting
19:37:51.748 INFO  [main] c.m.validator.feed.FeedConnection - Disconnected from feed: Test Feed
19:37:51.749 INFO  [main] c.m.validator.feed.FeedConnection - Disconnected from feed: Test Feed
19:37:51.751 INFO  [main] c.m.validator.feed.FeedConnection - Clock offset calibrated: 515ms (minRaw=520ms, baseline=5ms) from 20 samples event=clock_offset_calibrated
19:37:51.755 INFO  [main] c.m.validator.feed.FeedConnection - Disconnected from feed: Test Feed
19:37:51.756 INFO  [main] c.m.validator.feed.FeedConnection - Clock offset calibrated: -2005ms (minRaw=-2000ms, baseline=5ms) from 20 samples event=clock_offset_calibrated
19:37:51.756 INFO  [main] c.m.validator.feed.FeedConnection - Reconnecting feed=Test Feed in 1000ms (attempt 1/10) event=reconnecting
[INFO] Tests run: 32, Failures: 0, Errors: 0, Skipped: 0, Time elapsed: 0.124 s -- in com.marketdata.validator.feed.FeedConnectionTest
[INFO] Running com.marketdata.validator.feed.FeedManagerTest
19:37:51.845 INFO  [main] c.m.validator.feed.FeedManager - FeedManager shutting down — disconnecting 2 connection(s)
19:37:51.847 ERROR [main] c.m.validator.feed.FeedManager - Failed to disconnect feed Bad Feed 1: Error 1
19:37:51.847 ERROR [main] c.m.validator.feed.FeedManager - Failed to disconnect feed Bad Feed 2: Error 2
19:37:51.849 INFO  [main] c.m.validator.feed.FeedManager - FeedManager shutting down — disconnecting 0 connection(s)
19:37:51.895 INFO  [main] c.m.validator.feed.FeedManager - Added connection: Test (167468a6-6d57-49ef-99fa-7bf2e98d3fcd)
19:37:51.895 INFO  [main] c.m.validator.feed.FeedManager - Removed connection
19:37:51.897 INFO  [main] c.m.validator.feed.FeedManager - Added connection: Active Feed (5078b0c4-33fb-4a28-bb64-0f6b4d89508b)
19:37:51.899 INFO  [main] c.m.validator.feed.FeedManager - Added connection: Test (6405a551-a543-4704-b301-009e4acd5b00)
19:37:51.899 INFO  [main] c.m.validator.feed.FeedConnection - Disconnected from feed: Test
19:37:51.900 INFO  [main] c.m.validator.feed.FeedManager - Added connection: Stale Feed (dfac8f40-9e53-477e-b113-cb8b418b31e7)
19:37:51.901 INFO  [main] c.m.validator.feed.FeedManager - Added connection: Disconnected Feed (90875bba-3322-46ee-aaa6-f13eec4c3e62)
19:37:51.903 INFO  [main] c.m.validator.feed.FeedManager - Added connection: Feed 1 (1b4929cf-9931-4314-aedc-8028ffe4fe54)
19:37:51.904 INFO  [main] c.m.validator.feed.FeedManager - Added connection: Feed 2 (e5aa692a-0c9c-448e-9a7a-b2d7b3ad2784)
19:37:51.904 INFO  [main] c.m.validator.feed.FeedManager - Added connection: Feed 3 (cb5e0971-ecd4-4363-85c3-137f75cba910)
19:37:51.905 INFO  [main] c.m.validator.feed.FeedManager - Added connection: Feed 1 (e498adea-de1c-4c7c-9c6f-252b1629c2a7)
19:37:51.906 INFO  [main] c.m.validator.feed.FeedManager - Added connection: Feed 2 (b65d257e-1938-4ace-a8cf-0b242ee9bfa6)
19:37:51.908 INFO  [main] c.m.validator.feed.FeedManager - FeedManager shutting down — disconnecting 3 connection(s)
19:37:51.908 ERROR [main] c.m.validator.feed.FeedManager - Failed to disconnect feed Failing Feed: WebSocket close error
19:37:51.909 INFO  [main] c.m.validator.feed.FeedManager - Added connection: Binance BTC (821acdf5-c8fe-45e7-80bd-f8b318944af0)
[INFO] Tests run: 22, Failures: 0, Errors: 0, Skipped: 0, Time elapsed: 0.151 s -- in com.marketdata.validator.feed.FeedManagerTest
[INFO] Running com.marketdata.validator.model.LatencyStatsTest
[INFO] Tests run: 5, Failures: 0, Errors: 0, Skipped: 0, Time elapsed: 0.001 s -- in com.marketdata.validator.model.LatencyStatsTest
[INFO] Running com.marketdata.validator.model.ConnectionTest
[INFO] Tests run: 10, Failures: 0, Errors: 0, Skipped: 0, Time elapsed: 0.006 s -- in com.marketdata.validator.model.ConnectionTest
[INFO] Running com.marketdata.validator.model.ValidationResultTest
[INFO] Tests run: 11, Failures: 0, Errors: 0, Skipped: 0, Time elapsed: 0.003 s -- in com.marketdata.validator.model.ValidationResultTest
[INFO] Running com.marketdata.validator.model.TickTest
[INFO] Tests run: 11, Failures: 0, Errors: 0, Skipped: 0, Time elapsed: 0.004 s -- in com.marketdata.validator.model.TickTest
[INFO] Running com.marketdata.validator.store.SessionStoreTest
[INFO] Tests run: 12, Failures: 0, Errors: 0, Skipped: 0, Time elapsed: 0.043 s -- in com.marketdata.validator.store.SessionStoreTest
[INFO] Running com.marketdata.validator.store.AlertStoreTest
[INFO] Tests run: 17, Failures: 0, Errors: 0, Skipped: 0, Time elapsed: 0.036 s -- in com.marketdata.validator.store.AlertStoreTest
[INFO] Running com.marketdata.validator.store.TickStoreTest
[INFO] Tests run: 13, Failures: 0, Errors: 0, Skipped: 0, Time elapsed: 0.039 s -- in com.marketdata.validator.store.TickStoreTest
[INFO] Running com.marketdata.validator.session.SessionExporterTest
[INFO] Tests run: 7, Failures: 0, Errors: 0, Skipped: 0, Time elapsed: 0.002 s -- in com.marketdata.validator.session.SessionExporterTest
[INFO] Running com.marketdata.validator.session.SessionReplayerTest
19:37:52.732 INFO  [virtual-170] c.m.validator.feed.FeedConnection - Connecting to feed: feed=Test Feed url=wss://test.example.com/ws
Exception in thread "" java.lang.NullPointerException: Cannot invoke "org.springframework.web.reactive.socket.client.WebSocketClient.execute(java.net.URI, org.springframework.web.reactive.socket.WebSocketHandler)" because "this.webSocketClient" is null
	at com.marketdata.validator.feed.FeedConnection.doConnect(FeedConnection.java:137)
	at com.marketdata.validator.feed.FeedConnection.lambda$handleDisconnect$3(Unknown Source)
	at java.base/java.lang.VirtualThread.run(VirtualThread.java:309)
19:37:52.735 INFO  [virtual-171] c.m.validator.feed.FeedConnection - Connecting to feed: feed=Test Feed url=wss://test.example.com/ws
Exception in thread "" java.lang.NullPointerException: Cannot invoke "org.springframework.web.reactive.socket.client.WebSocketClient.execute(java.net.URI, org.springframework.web.reactive.socket.WebSocketHandler)" because "this.webSocketClient" is null
	at com.marketdata.validator.feed.FeedConnection.doConnect(FeedConnection.java:137)
	at com.marketdata.validator.feed.FeedConnection.lambda$handleDisconnect$3(Unknown Source)
	at java.base/java.lang.VirtualThread.run(VirtualThread.java:309)
19:37:52.745 INFO  [virtual-184] c.m.validator.feed.FeedConnection - Connecting to feed: feed=Test Feed url=wss://test.example.com/ws
19:37:52.745 INFO  [virtual-185] c.m.validator.feed.FeedConnection - Connecting to feed: feed=Test Feed url=wss://test.example.com/ws
Exception in thread "" java.lang.NullPointerException: Cannot invoke "org.springframework.web.reactive.socket.client.WebSocketClient.execute(java.net.URI, org.springframework.web.reactive.socket.WebSocketHandler)" because "this.webSocketClient" is null
Exception in thread "" 	at com.marketdata.validator.feed.FeedConnection.doConnect(FeedConnection.java:137)
	at com.marketdata.validator.feed.FeedConnection.lambda$handleDisconnect$3(Unknown Source)
	at java.base/java.lang.VirtualThread.run(VirtualThread.java:309)
java.lang.NullPointerException: Cannot invoke "org.springframework.web.reactive.socket.client.WebSocketClient.execute(java.net.URI, org.springframework.web.reactive.socket.WebSocketHandler)" because "this.webSocketClient" is null
	at com.marketdata.validator.feed.FeedConnection.doConnect(FeedConnection.java:137)
	at com.marketdata.validator.feed.FeedConnection.lambda$handleDisconnect$3(Unknown Source)
	at java.base/java.lang.VirtualThread.run(VirtualThread.java:309)
19:37:52.747 INFO  [virtual-186] c.m.validator.feed.FeedConnection - Connecting to feed: feed=Test Feed url=wss://test.example.com/ws
Exception in thread "" java.lang.NullPointerException: Cannot invoke "org.springframework.web.reactive.socket.client.WebSocketClient.execute(java.net.URI, org.springframework.web.reactive.socket.WebSocketHandler)" because "this.webSocketClient" is null
	at com.marketdata.validator.feed.FeedConnection.doConnect(FeedConnection.java:137)
	at com.marketdata.validator.feed.FeedConnection.lambda$handleDisconnect$3(Unknown Source)
	at java.base/java.lang.VirtualThread.run(VirtualThread.java:309)
19:37:52.757 INFO  [virtual-187] c.m.validator.feed.FeedConnection - Connecting to feed: feed=Test Feed url=wss://test.example.com/ws
Exception in thread "" java.lang.NullPointerException: Cannot invoke "org.springframework.web.reactive.socket.client.WebSocketClient.execute(java.net.URI, org.springframework.web.reactive.socket.WebSocketHandler)" because "this.webSocketClient" is null
	at com.marketdata.validator.feed.FeedConnection.doConnect(FeedConnection.java:137)
	at com.marketdata.validator.feed.FeedConnection.lambda$handleDisconnect$3(Unknown Source)
	at java.base/java.lang.VirtualThread.run(VirtualThread.java:309)
[INFO] Tests run: 38, Failures: 0, Errors: 0, Skipped: 0, Time elapsed: 1.509 s -- in com.marketdata.validator.session.SessionReplayerTest
[INFO] Running com.marketdata.validator.session.SessionRecorderTest
19:37:53.571 INFO  [main] c.m.v.session.SessionRecorder - Started recording session
19:37:53.572 INFO  [main] c.m.v.session.SessionRecorder - Stopped recording session id=15 ticks=5 bytes=265
19:37:53.574 INFO  [main] c.m.v.session.SessionRecorder - Started recording session
19:37:53.575 INFO  [main] c.m.v.session.SessionRecorder - Stopped recording session id=16 ticks=50 bytes=2650
19:37:53.577 INFO  [main] c.m.v.session.SessionRecorder - Started recording session
19:37:53.578 INFO  [main] c.m.v.session.SessionRecorder - Stopped recording session id=17 ticks=1 bytes=53
19:37:53.580 INFO  [main] c.m.v.session.SessionRecorder - Started recording session
19:37:53.580 INFO  [main] c.m.v.session.SessionRecorder - Stopped recording session id=18 ticks=1 bytes=53
19:37:53.580 INFO  [main] c.m.v.session.SessionRecorder - Started recording session
19:37:53.580 INFO  [main] c.m.v.session.SessionRecorder - Stopped recording session id=19 ticks=1 bytes=52
19:37:53.582 INFO  [main] c.m.v.session.SessionRecorder - Started recording session
19:37:53.584 INFO  [main] c.m.v.session.SessionRecorder - Stopped recording session id=20 ticks=10 bytes=530
19:37:53.587 INFO  [main] c.m.v.session.SessionRecorder - Started recording session
19:37:53.587 INFO  [main] c.m.v.session.SessionRecorder - Stopped recording session id=21 ticks=0 bytes=0
19:37:53.588 INFO  [main] c.m.v.session.SessionRecorder - Started recording session
19:37:53.589 INFO  [main] c.m.v.session.SessionRecorder - Stopped recording session id=22 ticks=50 bytes=2650
19:37:53.591 INFO  [main] c.m.v.session.SessionRecorder - Started recording session
19:37:53.592 INFO  [main] c.m.v.session.SessionRecorder - Stopped recording session id=23 ticks=11 bytes=528
19:37:53.593 INFO  [main] c.m.v.session.SessionRecorder - Started recording session
19:37:53.595 INFO  [main] c.m.v.session.SessionRecorder - Stopped recording session id=24 ticks=0 bytes=0
19:37:53.595 INFO  [main] c.m.v.session.SessionRecorder - Started recording session
19:37:53.600 INFO  [main] c.m.v.session.SessionRecorder - Stopped recording session id=25 ticks=250 bytes=13250
19:37:53.600 INFO  [main] c.m.v.session.SessionRecorder - Started recording session
19:37:53.602 INFO  [main] c.m.v.session.SessionRecorder - Stopped recording session id=26 ticks=0 bytes=0
19:37:53.603 INFO  [main] c.m.v.session.SessionRecorder - Started recording session
19:37:53.603 INFO  [main] c.m.v.session.SessionRecorder - Stopped recording session id=27 ticks=1 bytes=63
19:37:53.605 INFO  [main] c.m.v.session.SessionRecorder - Started recording session
19:37:53.606 INFO  [main] c.m.v.session.SessionRecorder - Stopped recording session id=28 ticks=0 bytes=0
19:37:53.608 INFO  [main] c.m.v.session.SessionRecorder - Started recording session
19:37:53.610 INFO  [main] c.m.v.session.SessionRecorder - Stopped recording session id=29 ticks=10 bytes=530
19:37:53.610 INFO  [main] c.m.v.session.SessionRecorder - Started recording session
[INFO] Tests run: 18, Failures: 0, Errors: 0, Skipped: 0, Time elapsed: 0.051 s -- in com.marketdata.validator.session.SessionRecorderTest
[INFO] Running com.marketdata.validator.session.SessionRecorderFlushFailureTest
19:37:53.614 INFO  [main] c.m.v.session.SessionRecorder - Started recording session
19:37:53.614 ERROR [main] c.m.v.session.SessionRecorder - Failed to flush 100 ticks to DB — discarding to avoid retry storm: DB write failed
19:37:53.615 INFO  [main] c.m.v.session.SessionRecorder - Started recording session
19:37:53.615 INFO  [main] c.m.v.session.SessionRecorder - Stopped recording session id=1 ticks=5 bytes=280
19:37:53.616 INFO  [main] c.m.v.session.SessionRecorder - Started recording session
19:37:53.616 INFO  [main] c.m.v.session.SessionRecorder - SessionRecorder shutting down — flushing 10 buffered ticks
19:37:53.616 INFO  [main] c.m.v.session.SessionRecorder - Started recording session
19:37:53.617 ERROR [main] c.m.v.session.SessionRecorder - Failed to flush 100 ticks to DB — discarding to avoid retry storm: DB write failed
19:37:53.617 INFO  [main] c.m.v.session.SessionRecorder - Stopped recording session id=1 ticks=105 bytes=5880
19:37:53.618 INFO  [main] c.m.v.session.SessionRecorder - Started recording session
19:37:53.618 ERROR [main] c.m.v.session.SessionRecorder - Failed to flush 100 ticks to DB — discarding to avoid retry storm: DB write failed
19:37:53.619 INFO  [main] c.m.v.session.SessionRecorder - Started recording session
19:37:53.619 INFO  [main] c.m.v.session.SessionRecorder - SessionRecorder shutting down — flushing 10 buffered ticks
19:37:53.619 ERROR [main] c.m.v.session.SessionRecorder - Failed to flush 10 ticks to DB — discarding to avoid retry storm: DB dead on shutdown
19:37:53.620 INFO  [main] c.m.v.session.SessionRecorder - Started recording session
19:37:53.620 ERROR [main] c.m.v.session.SessionRecorder - Failed to flush 100 ticks to DB — discarding to avoid retry storm: DB write failed
19:37:53.621 INFO  [main] c.m.v.session.SessionRecorder - Started recording session
19:37:53.621 ERROR [main] c.m.v.session.SessionRecorder - Failed to flush 100 ticks to DB — discarding to avoid retry storm: DB write failed
[INFO] Tests run: 8, Failures: 0, Errors: 0, Skipped: 0, Time elapsed: 0.009 s -- in com.marketdata.validator.session.SessionRecorderFlushFailureTest
[INFO] 
[INFO] Results:
[INFO] 
[INFO] Tests run: 763, Failures: 0, Errors: 0, Skipped: 0
[INFO] 
[INFO] ------------------------------------------------------------------------
[INFO] BUILD SUCCESS
[INFO] ------------------------------------------------------------------------
[INFO] Total time:  34.913 s
[INFO] Finished at: 2026-04-17T19:37:53+01:00
[INFO] ------------------------------------------------------------------------
